Archive member included to satisfy reference by file (symbol)

C:/PROGRA~2/ARMGNU~1/142BCE~1.3RE/bin/../lib/gcc/arm-none-eabi/14.3.1/thumb/v6-m/nofp\libgcc.a(_dvmd_tls.o)
                              CMakeFiles/LL_API.dir/C_/Program_Files/pico-sdk/src/rp2_common/pico_divider/divider_hardware.S.obj (__aeabi_idiv0)
C:/PROGRA~2/ARMGNU~1/142BCE~1.3RE/bin/../lib/gcc/arm-none-eabi/14.3.1/../../../../arm-none-eabi/lib/thumb/v6-m/nofp\libg.a(libc_a-calloc.o)
                              CMakeFiles/LL_API.dir/C_/Program_Files/pico-sdk/src/rp2_common/pico_malloc/malloc.c.obj (calloc)
C:/PROGRA~2/ARMGNU~1/142BCE~1.3RE/bin/../lib/gcc/arm-none-eabi/14.3.1/../../../../arm-none-eabi/lib/thumb/v6-m/nofp\libg.a(libc_a-callocr.o)
                              C:/PROGRA~2/ARMGNU~1/142BCE~1.3RE/bin/../lib/gcc/arm-none-eabi/14.3.1/../../../../arm-none-eabi/lib/thumb/v6-m/nofp\libg.a(libc_a-calloc.o) (_calloc_r)
C:/PROGRA~2/ARMGNU~1/142BCE~1.3RE/bin/../lib/gcc/arm-none-eabi/14.3.1/../../../../arm-none-eabi/lib/thumb/v6-m/nofp\libg.a(libc_a-malloc.o)
                              CMakeFiles/LL_API.dir/C_/Program_Files/pico-sdk/src/rp2_common/pico_malloc/malloc.c.obj (malloc)
C:/PROGRA~2/ARMGNU~1/142BCE~1.3RE/bin/../lib/gcc/arm-none-eabi/14.3.1/../../../../arm-none-eabi/lib/thumb/v6-m/nofp\libg.a(libc_a-mallocr.o)
                              C:/PROGRA~2/ARMGNU~1/142BCE~1.3RE/bin/../lib/gcc/arm-none-eabi/14.3.1/../../../../arm-none-eabi/lib/thumb/v6-m/nofp\libg.a(libc_a-callocr.o) (_malloc_r)
C:/PROGRA~2/ARMGNU~1/142BCE~1.3RE/bin/../lib/gcc/arm-none-eabi/14.3.1/../../../../arm-none-eabi/lib/thumb/v6-m/nofp\libg.a(libc_a-mlock.o)
                              C:/PROGRA~2/ARMGNU~1/142BCE~1.3RE/bin/../lib/gcc/arm-none-eabi/14.3.1/../../../../arm-none-eabi/lib/thumb/v6-m/nofp\libg.a(libc_a-mallocr.o) (__malloc_lock)
C:/PROGRA~2/ARMGNU~1/142BCE~1.3RE/bin/../lib/gcc/arm-none-eabi/14.3.1/../../../../arm-none-eabi/lib/thumb/v6-m/nofp\libg.a(libc_a-realloc.o)
                              CMakeFiles/LL_API.dir/C_/Program_Files/pico-sdk/src/rp2_common/pico_malloc/malloc.c.obj (realloc)
C:/PROGRA~2/ARMGNU~1/142BCE~1.3RE/bin/../lib/gcc/arm-none-eabi/14.3.1/../../../../arm-none-eabi/lib/thumb/v6-m/nofp\libg.a(libc_a-reallocr.o)
                              C:/PROGRA~2/ARMGNU~1/142BCE~1.3RE/bin/../lib/gcc/arm-none-eabi/14.3.1/../../../../arm-none-eabi/lib/thumb/v6-m/nofp\libg.a(libc_a-realloc.o) (_realloc_r)
C:/PROGRA~2/ARMGNU~1/142BCE~1.3RE/bin/../lib/gcc/arm-none-eabi/14.3.1/../../../../arm-none-eabi/lib/thumb/v6-m/nofp\libg.a(libc_a-memcmp.o)
                              CMakeFiles/LL_API.dir/C_/Program_Files/pico-sdk/src/rp2_common/pico_atomic/atomic.c.obj (memcmp)
C:/PROGRA~2/ARMGNU~1/142BCE~1.3RE/bin/../lib/gcc/arm-none-eabi/14.3.1/../../../../arm-none-eabi/lib/thumb/v6-m/nofp\libg.a(libc_a-memmove.o)
                              CMakeFiles/LL_API.dir/C_/Program_Files/pico-sdk/lib/cyw43-driver/src/cyw43_ll.c.obj (memmove)
C:/PROGRA~2/ARMGNU~1/142BCE~1.3RE/bin/../lib/gcc/arm-none-eabi/14.3.1/../../../../arm-none-eabi/lib/thumb/v6-m/nofp\libg.a(libc_a-strncmp.o)
                              CMakeFiles/LL_API.dir/C_/Program_Files/pico-sdk/lib/cyw43-driver/src/cyw43_ll.c.obj (strncmp)
C:/PROGRA~2/ARMGNU~1/142BCE~1.3RE/bin/../lib/gcc/arm-none-eabi/14.3.1/../../../../arm-none-eabi/lib/thumb/v6-m/nofp\libg.a(libc_a-lcltime_r.o)
                              CMakeFiles/LL_API.dir/C_/Program_Files/pico-sdk/src/common/pico_util/datetime.c.obj (localtime_r)
C:/PROGRA~2/ARMGNU~1/142BCE~1.3RE/bin/../lib/gcc/arm-none-eabi/14.3.1/../../../../arm-none-eabi/lib/thumb/v6-m/nofp\libg.a(libc_a-mktime.o)
                              CMakeFiles/LL_API.dir/C_/Program_Files/pico-sdk/src/common/pico_util/datetime.c.obj (mktime)
C:/PROGRA~2/ARMGNU~1/142BCE~1.3RE/bin/../lib/gcc/arm-none-eabi/14.3.1/../../../../arm-none-eabi/lib/thumb/v6-m/nofp\libg.a(libc_a-month_lengths.o)
                              C:/PROGRA~2/ARMGNU~1/142BCE~1.3RE/bin/../lib/gcc/arm-none-eabi/14.3.1/../../../../arm-none-eabi/lib/thumb/v6-m/nofp\libg.a(libc_a-lcltime_r.o) (__month_lengths)
C:/PROGRA~2/ARMGNU~1/142BCE~1.3RE/bin/../lib/gcc/arm-none-eabi/14.3.1/../../../../arm-none-eabi/lib/thumb/v6-m/nofp\libg.a(libc_a-tzcalc_limits.o)
                              C:/PROGRA~2/ARMGNU~1/142BCE~1.3RE/bin/../lib/gcc/arm-none-eabi/14.3.1/../../../../arm-none-eabi/lib/thumb/v6-m/nofp\libg.a(libc_a-lcltime_r.o) (__tzcalc_limits)
C:/PROGRA~2/ARMGNU~1/142BCE~1.3RE/bin/../lib/gcc/arm-none-eabi/14.3.1/../../../../arm-none-eabi/lib/thumb/v6-m/nofp\libg.a(libc_a-tzlock.o)
                              C:/PROGRA~2/ARMGNU~1/142BCE~1.3RE/bin/../lib/gcc/arm-none-eabi/14.3.1/../../../../arm-none-eabi/lib/thumb/v6-m/nofp\libg.a(libc_a-lcltime_r.o) (__tz_lock)
C:/PROGRA~2/ARMGNU~1/142BCE~1.3RE/bin/../lib/gcc/arm-none-eabi/14.3.1/../../../../arm-none-eabi/lib/thumb/v6-m/nofp\libg.a(libc_a-tzset.o)
[...]
Memory Configuration

Name             Origin             Length             Attributes
FLASH            0x10000000         0x00200000         xr
RAM              0x20000000         0x00040000         xrw
SCRATCH_X        0x20040000         0x00001000         xrw
SCRATCH_Y        0x20041000         0x00001000         xrw
*default*        0x00000000         0xffffffff

Linker script and memory map

LOAD C:/PROGRA~2/ARMGNU~1/142BCE~1.3RE/bin/../lib/gcc/arm-none-eabi/14.3.1/thumb/v6-m/nofp/crti.o
LOAD C:/PROGRA~2/ARMGNU~1/142BCE~1.3RE/bin/../lib/gcc/arm-none-eabi/14.3.1/thumb/v6-m/nofp/crtbegin.o
LOAD C:/PROGRA~2/ARMGNU~1/142BCE~1.3RE/bin/../lib/gcc/arm-none-eabi/14.3.1/../../../../arm-none-eabi/lib/thumb/v6-m/nofp/crt0.o

.flash_begin    0x10000000        0x0
                0x10000000                        __flash_binary_start = .

.boot2          0x10000000      0x100
                0x10000000                        __boot2_start__ = .
 *(.boot2)
 .boot2         0x10000000      0x100 pico-sdk/src/rp2040/boot_stage2/CMakeFiles/bs2_default_library.dir/./bs2_default_padded_checksummed.S.obj
                0x10000100                        __boot2_end__ = .
                0x00000001                        ASSERT (((__boot2_end__ - __boot2_start__) == 0x100), ERROR: Pico second stage bootloader must be 256 bytes in size)

.text           0x10000100     0x7d74
                0x10000100                        __logical_binary_start = .
 *(.vectors)
 .vectors       0x10000100       0xd4 CMakeFiles/LL_API.dir/C_/Program_Files/pico-sdk/src/rp2_common/pico_crt0/crt0.S.obj
                0x10000100                __VECTOR_TABLE
                0x10000100                __vectors
                0x100001c0                isr_irq13
                0x100001c0                isr_irq27
                0x100001c0                isr_irq31
                0x100001c0                isr_irq12
                0x100001c0                isr_irq5
                0x100001c0                isr_irq11
                0x100001c0                isr_irq3
                0x100001c0                isr_irq23
                0x100001c0                __unhandled_user_irq
                0x100001c0                isr_irq26
                0x100001c0                isr_irq28
                0x100001c0                isr_irq19
                0x100001c0                isr_irq0
                0x100001c0                isr_irq6
                0x100001c0                isr_irq29
                0x100001c0                isr_irq16
                0x100001c0                isr_irq22
                0x100001c0                isr_irq18
                0x100001c0                isr_irq17
                0x100001c0                isr_irq14
                0x100001c0                __vectors_end
                0x100001c0                __default_isrs_start
                0x100001c0                isr_irq2
                0x100001c0                isr_irq10
                0x100001c0                isr_irq8
                0x100001c0                isr_irq24
                0x100001c0                isr_irq1
                0x100001c0                isr_irq7
                0x100001c0                isr_irq21
                0x100001c0                isr_irq20
                0x100001c0                isr_irq15
                0x100001c0                isr_irq25
                0x100001c0                isr_irq4
                0x100001c0                isr_irq30
                0x100001c0                isr_irq9
                0x100001c6                unhandled_user_irq_num_in_r0
                0x100001c8                isr_invalid
                0x100001ca                isr_nmi
                0x100001cc                isr_hardfault
                0x100001ce                isr_svcall
                0x100001d0                isr_pendsv
                0x100001d2                isr_systick
                0x100001d4                __default_isrs_end
 *(.binary_info_header)
 .binary_info_header
                0x100001d4       0x14 CMakeFiles/LL_API.dir/C_/Program_Files/pico-sdk/src/rp2_common/pico_crt0/crt0.S.obj
                0x100001e8                        __binary_info_header_end = .
 *(.embedded_block)
                0x100001e8                        __embedded_block_end = .
 *(.reset)
 .reset         0x100001e8       0x9c CMakeFiles/LL_API.dir/C_/Program_Files/pico-sdk/src/rp2_common/pico_crt0/crt0.S.obj
                0x100001e8                _entry_point
 *(.init)
 .init          0x10000284        0x4 C:/PROGRA~2/ARMGNU~1/142BCE~1.3RE/bin/../lib/gcc/arm-none-eabi/14.3.1/thumb/v6-m/nofp/crti.o
                0x10000284                _init
 *(EXCLUDE_FILE(*libm.a: *libc.a:*lib_a-mem*.o *libgcc.a:) .text*)
 .text.register_tm_clones
                0x10000288       0x28 C:/PROGRA~2/ARMGNU~1/142BCE~1.3RE/bin/../lib/gcc/arm-none-eabi/14.3.1/thumb/v6-m/nofp/crtbegin.o
 .text.frame_dummy
                0x100002b0       0x24 C:/PROGRA~2/ARMGNU~1/142BCE~1.3RE/bin/../lib/gcc/arm-none-eabi/14.3.1/thumb/v6-m/nofp/crtbegin.o
 .text.startup.main
                0x100002d4       0x30 CMakeFiles/LL_API.dir/main.c.obj
                0x100002d4                main
 .text.gpio_set_function
                0x10000304       0x34 CMakeFiles/LL_API.dir/C_/Program_Files/pico-sdk/src/rp2_common/hardware_gpio/gpio.c.obj
                0x10000304                gpio_set_function
 .text.gpio_set_pulls
                0x10000338       0x28 CMakeFiles/LL_API.dir/C_/Program_Files/pico-sdk/src/rp2_common/hardware_gpio/gpio.c.obj
                0x10000338                gpio_set_pulls
 .text.gpio_set_input_hysteresis_enabled
                0x10000360       0x28 CMakeFiles/LL_API.dir/C_/Program_Files/pico-sdk/src/rp2_common/hardware_gpio/gpio.c.obj
                0x10000360                gpio_set_input_hysteresis_enabled
 .text.gpio_set_irq_enabled
                0x10000388       0x58 CMakeFiles/LL_API.dir/C_/Program_Files/pico-sdk/src/rp2_common/hardware_gpio/gpio.c.obj
                0x10000388                gpio_set_irq_enabled
 .text.gpio_add_raw_irq_handler_with_order_priority_masked
                0x100003e0       0x44 CMakeFiles/LL_API.dir/C_/Program_Files/pico-sdk/src/rp2_common/hardware_gpio/gpio.c.obj
                0x100003e0                gpio_add_raw_irq_handler_with_order_priority_masked
 .text.gpio_remove_raw_irq_handler_masked
                0x10000424       0x20 CMakeFiles/LL_API.dir/C_/Program_Files/pico-sdk/src/rp2_common/hardware_gpio/gpio.c.obj
                0x10000424                gpio_remove_raw_irq_handler_masked
 .text.gpio_init
                0x10000444       0x40 CMakeFiles/LL_API.dir/C_/Program_Files/pico-sdk/src/rp2_common/hardware_gpio/gpio.c.obj
                0x10000444                gpio_init
 .text.panic    0x10000484       0x30 CMakeFiles/LL_API.dir/C_/Program_Files/pico-sdk/src/rp2_common/pico_platform_panic/panic.c.obj
                0x10000484                panic
 .text.hw_claim_lock
                0x100004b4       0x18 CMakeFiles/LL_API.dir/C_/Program_Files/pico-sdk/src/common/hardware_claim/claim.c.obj
                0x100004b4                hw_claim_lock
 .text.hw_claim_unlock
                0x100004cc       0x14 CMakeFiles/LL_API.dir/C_/Program_Files/pico-sdk/src/common/hardware_claim/claim.c.obj
                0x100004cc                hw_claim_unlock
 .text.hw_claim_or_assert
                0x100004e0       0x44 CMakeFiles/LL_API.dir/C_/Program_Files/pico-sdk/src/common/hardware_claim/claim.c.obj
                0x100004e0                hw_claim_or_assert
 .text.hw_claim_unused_from_range
                0x10000524       0x88 CMakeFiles/LL_API.dir/C_/Program_Files/pico-sdk/src/common/hardware_claim/claim.c.obj
                0x10000524                hw_claim_unused_from_range
 .text.hw_claim_clear
                0x100005ac       0x38 CMakeFiles/LL_API.dir/C_/Program_Files/pico-sdk/src/common/hardware_claim/claim.c.obj
                0x100005ac                hw_claim_clear
 .text.next_striped_spin_lock_num
                0x100005e4       0x18 CMakeFiles/LL_API.dir/C_/Program_Files/pico-sdk/src/rp2_common/hardware_sync/sync.c.obj
                0x100005e4                next_striped_spin_lock_num
 .text.spin_locks_reset
                0x100005fc       0x1c CMakeFiles/LL_API.dir/C_/Program_Files/pico-sdk/src/rp2_common/hardware_sync_spin_lock/sync_spin_lock.c.obj
                0x100005fc                spin_locks_reset
 .text.runtime_init_per_core_irq_priorities
                0x10000618       0x24 CMakeFiles/LL_API.dir/C_/Program_Files/pico-sdk/src/rp2_common/hardware_irq/irq.c.obj
                0x10000618                runtime_init_per_core_irq_priorities
 .text.irq_set_enabled
                0x1000063c       0x24 CMakeFiles/LL_API.dir/C_/Program_Files/pico-sdk/src/rp2_common/hardware_irq/irq.c.obj
                0x1000063c                irq_set_enabled
 .text.irq_set_pending
                0x10000660       0x10 CMakeFiles/LL_API.dir/C_/Program_Files/pico-sdk/src/rp2_common/hardware_irq/irq.c.obj
                0x10000660                irq_set_pending
 .text.irq_set_exclusive_handler
                0x10000670       0x54 CMakeFiles/LL_API.dir/C_/Program_Files/pico-sdk/src/rp2_common/hardware_irq/irq.c.obj
                0x10000670                irq_set_exclusive_handler
 .text.irq_add_shared_handler
                0x100006c4      0x1f4 CMakeFiles/LL_API.dir/C_/Program_Files/pico-sdk/src/rp2_common/hardware_irq/irq.c.obj
                0x100006c4                irq_add_shared_handler
 .text.irq_remove_handler
                0x100008b8      0x1d4 CMakeFiles/LL_API.dir/C_/Program_Files/pico-sdk/src/rp2_common/hardware_irq/irq.c.obj
                0x100008b8                irq_remove_handler
 .text.irq_set_priority
                0x10000a8c       0x28 CMakeFiles/LL_API.dir/C_/Program_Files/pico-sdk/src/rp2_common/hardware_irq/irq.c.obj
                0x10000a8c                irq_set_priority
 .text.irq_add_tail_to_free_list
                0x10000ab4       0xb4 CMakeFiles/LL_API.dir/C_/Program_Files/pico-sdk/src/rp2_common/hardware_irq/irq.c.obj
                0x10000ab4                irq_add_tail_to_free_list
 .text.user_irq_unclaim
                0x10000b68       0x14 CMakeFiles/LL_API.dir/C_/Program_Files/pico-sdk/src/rp2_common/hardware_irq/irq.c.obj
                0x10000b68                user_irq_unclaim
 .text.user_irq_claim_unused
                0x10000b7c       0x2c CMakeFiles/LL_API.dir/C_/Program_Files/pico-sdk/src/rp2_common/hardware_irq/irq.c.obj
                0x10000b7c                user_irq_claim_unused
 .text.sem_init
                0x10000ba8       0x20 CMakeFiles/LL_API.dir/C_/Program_Files/pico-sdk/src/common/pico_sync/sem.c.obj
                0x10000ba8                sem_init
 .text.lock_init
                0x10000bc8       0x10 CMakeFiles/LL_API.dir/C_/Program_Files/pico-sdk/src/common/pico_sync/lock_core.c.obj
                0x10000bc8                lock_init
 .text.runtime_init_mutex
                0x10000bd8       0x50 CMakeFiles/LL_API.dir/C_/Program_Files/pico-sdk/src/common/pico_sync/mutex.c.obj
                0x10000bd8                runtime_init_mutex
 .text.recursive_mutex_init
                0x10000c28       0x1c CMakeFiles/LL_API.dir/C_/Program_Files/pico-sdk/src/common/pico_sync/mutex.c.obj
                0x10000c28                recursive_mutex_init
 .text.sleep_until_callback
                0x10000c44       0x30 CMakeFiles/LL_API.dir/C_/Program_Files/pico-sdk/src/common/pico_time/time.c.obj
 .text.alarm_pool_irq_handler
                0x10000c74      0x2f8 CMakeFiles/LL_API.dir/C_/Program_Files/pico-sdk/src/common/pico_time/time.c.obj
 .text.runtime_init_default_alarm_pool
                0x10000f6c       0xdc CMakeFiles/LL_API.dir/C_/Program_Files/pico-sdk/src/common/pico_time/time.c.obj
                0x10000f6c                runtime_init_default_alarm_pool
 .text.alarm_pool_get_default
                0x10001048        0x8 CMakeFiles/LL_API.dir/C_/Program_Files/pico-sdk/src/common/pico_time/time.c.obj
                0x10001048                alarm_pool_get_default
 .text.alarm_pool_add_alarm_at
                0x10001050       0xd0 CMakeFiles/LL_API.dir/C_/Program_Files/pico-sdk/src/common/pico_time/time.c.obj
                0x10001050                alarm_pool_add_alarm_at
 .text.alarm_pool_add_alarm_at_force_in_context
                0x10001120       0xb0 CMakeFiles/LL_API.dir/C_/Program_Files/pico-sdk/src/common/pico_time/time.c.obj
                0x10001120                alarm_pool_add_alarm_at_force_in_context
 .text.alarm_pool_cancel_alarm
                0x100011d0       0x74 CMakeFiles/LL_API.dir/C_/Program_Files/pico-sdk/src/common/pico_time/time.c.obj
                0x100011d0                alarm_pool_cancel_alarm
 .text.sleep_until
                0x10001244       0xd0 CMakeFiles/LL_API.dir/C_/Program_Files/pico-sdk/src/common/pico_time/time.c.obj
                0x10001244                sleep_until
 .text.sleep_ms
                0x10001314       0xfc CMakeFiles/LL_API.dir/C_/Program_Files/pico-sdk/src/common/pico_time/time.c.obj
                0x10001314                sleep_ms
 .text.best_effort_wfe_or_timeout
                0x10001410      0x10c CMakeFiles/LL_API.dir/C_/Program_Files/pico-sdk/src/common/pico_time/time.c.obj
                0x10001410                best_effort_wfe_or_timeout
 .text.timer_hardware_alarm_claim
                0x1000151c       0x14 CMakeFiles/LL_API.dir/C_/Program_Files/pico-sdk/src/rp2_common/hardware_timer/timer.c.obj
                0x1000151c                timer_hardware_alarm_claim
 .text.timer_time_us_64
                0x10001530       0x10 CMakeFiles/LL_API.dir/C_/Program_Files/pico-sdk/src/rp2_common/hardware_timer/timer.c.obj
                0x10001530                timer_time_us_64
 .text.time_us_64
                0x10001540       0x14 CMakeFiles/LL_API.dir/C_/Program_Files/pico-sdk/src/rp2_common/hardware_timer/timer.c.obj
                0x10001540                time_us_64
 .text.busy_wait_until
                0x10001554       0x20 CMakeFiles/LL_API.dir/C_/Program_Files/pico-sdk/src/rp2_common/hardware_timer/timer.c.obj
                0x10001554                busy_wait_until
 .text.clock_configure_int_divider
                0x10001574       0xf4 CMakeFiles/LL_API.dir/C_/Program_Files/pico-sdk/src/rp2_common/hardware_clocks/clocks.c.obj
                0x10001574                clock_configure_int_divider
 .text.clock_configure_undivided
                0x10001668       0xe8 CMakeFiles/LL_API.dir/C_/Program_Files/pico-sdk/src/rp2_common/hardware_clocks/clocks.c.obj
                0x10001668                clock_configure_undivided
 .text.clock_get_hz
                0x10001750        0xc CMakeFiles/LL_API.dir/C_/Program_Files/pico-sdk/src/rp2_common/hardware_clocks/clocks.c.obj
                0x10001750                clock_get_hz
 .text.pll_init
                0x1000175c       0xa4 CMakeFiles/LL_API.dir/C_/Program_Files/pico-sdk/src/rp2_common/hardware_pll/pll.c.obj
                0x1000175c                pll_init
 .text.tick_start
                0x10001800       0x10 CMakeFiles/LL_API.dir/C_/Program_Files/pico-sdk/src/rp2_common/hardware_ticks/ticks.c.obj
                0x10001800                tick_start
 .text.rom_func_lookup
                0x10001810       0x10 CMakeFiles/LL_API.dir/C_/Program_Files/pico-sdk/src/rp2_common/pico_bootrom/bootrom.c.obj
                0x10001810                rom_func_lookup
 .text.rom_data_lookup
                0x10001820       0x10 CMakeFiles/LL_API.dir/C_/Program_Files/pico-sdk/src/rp2_common/pico_bootrom/bootrom.c.obj
                0x10001820                rom_data_lookup
 .text.rom_funcs_lookup
                0x10001830       0x44 CMakeFiles/LL_API.dir/C_/Program_Files/pico-sdk/src/rp2_common/pico_bootrom/bootrom.c.obj
                0x10001830                rom_funcs_lookup
 .text.xosc_init
                0x10001874       0x28 CMakeFiles/LL_API.dir/C_/Program_Files/pico-sdk/src/rp2_common/hardware_xosc/xosc.c.obj
                0x10001874                xosc_init
 .text.first_per_core_initializer
                0x1000189c        0x4 CMakeFiles/LL_API.dir/C_/Program_Files/pico-sdk/src/rp2_common/pico_runtime/runtime.c.obj
 .text.hard_assertion_failure
                0x100018a0        0xc CMakeFiles/LL_API.dir/C_/Program_Files/pico-sdk/src/rp2_common/pico_runtime/runtime.c.obj
                0x100018a0                hard_assertion_failure
 .text.runtime_run_initializers
                0x100018ac       0x28 CMakeFiles/LL_API.dir/C_/Program_Files/pico-sdk/src/rp2_common/pico_runtime/runtime.c.obj
                0x100018ac                runtime_run_initializers
 .text.runtime_init_early_resets
                0x100018d4       0x2c CMakeFiles/LL_API.dir/C_/Program_Files/pico-sdk/src/rp2_common/pico_runtime_init/runtime_init.c.obj
                0x100018d4                runtime_init_early_resets
 .text.runtime_init_usb_power_down
                0x10001900       0x1c CMakeFiles/LL_API.dir/C_/Program_Files/pico-sdk/src/rp2_common/pico_runtime_init/runtime_init.c.obj
                0x10001900                runtime_init_usb_power_down
 .text.runtime_init_post_clock_resets
                0x1000191c       0x20 CMakeFiles/LL_API.dir/C_/Program_Files/pico-sdk/src/rp2_common/pico_runtime_init/runtime_init.c.obj
                0x1000191c                runtime_init_post_clock_resets
 .text.runtime_init_rp2040_gpio_ie_disable
                0x1000193c       0x14 CMakeFiles/LL_API.dir/C_/Program_Files/pico-sdk/src/rp2_common/pico_runtime_init/runtime_init.c.obj
                0x1000193c                runtime_init_rp2040_gpio_ie_disable
 .text.runtime_init_spin_locks_reset
                0x10001950        0x8 CMakeFiles/LL_API.dir/C_/Program_Files/pico-sdk/src/rp2_common/pico_runtime_init/runtime_init.c.obj
                0x10001950                runtime_init_spin_locks_reset
 .text.runtime_init_install_ram_vector_table
                0x10001958       0xb4 CMakeFiles/LL_API.dir/C_/Program_Files/pico-sdk/src/rp2_common/pico_runtime_init/runtime_init.c.obj
                0x10001958                runtime_init_install_ram_vector_table
 .text.runtime_init_clocks
                0x10001a0c       0xd8 CMakeFiles/LL_API.dir/C_/Program_Files/pico-sdk/src/rp2_common/pico_runtime_init/runtime_init_clocks.c.obj
                0x10001a0c                runtime_init_clocks
 .text          0x10001ae4       0x10 CMakeFiles/LL_API.dir/C_/Program_Files/pico-sdk/src/rp2_common/pico_bit_ops/bit_ops_aeabi.S.obj
 .text.ctzsi    0x10001af4        0xc CMakeFiles/LL_API.dir/C_/Program_Files/pico-sdk/src/rp2_common/pico_bit_ops/bit_ops_aeabi.S.obj
                0x10001af4                __wrap___ctzsi2
 .text.__wrap___aeabi_idiv
                0x10001b00       0x50 CMakeFiles/LL_API.dir/C_/Program_Files/pico-sdk/src/rp2_common/pico_divider/divider_hardware.S.obj
                0x10001b00                __wrap___aeabi_idivmod
                0x10001b00                divmod_s32s32
                0x10001b00                div_s32s32
                0x10001b00                __wrap___aeabi_idiv
                0x10001b08                divmod_s32s32_unsafe
                0x10001b34                divmod_s32s32_savestate
 .text.__wrap___aeabi_uidiv
                0x10001b50       0x4c CMakeFiles/LL_API.dir/C_/Program_Files/pico-sdk/src/rp2_common/pico_divider/divider_hardware.S.obj
                0x10001b50                __wrap___aeabi_uidiv
                0x10001b50                __wrap___aeabi_uidivmod
                0x10001b50                div_u32u32
                0x10001b50                divmod_u32u32
                0x10001b58                divmod_u32u32_unsafe
                0x10001b80                divmod_u32u32_savestate
 .text.__wrap___aeabi_ldiv
                0x10001b9c      0x424 CMakeFiles/LL_API.dir/C_/Program_Files/pico-sdk/src/rp2_common/pico_divider/divider_hardware.S.obj
                0x10001b9c                div_s64s64
                0x10001b9c                divmod_s64s64
                0x10001b9c                __wrap___aeabi_ldivmod
                0x10001bcc                divmod_u64u64
                0x10001bcc                div_u64u64
                0x10001bcc                __wrap___aeabi_uldivmod
                0x10001bdc                divmod_u64u64_savestate
                0x10001bfc                divmod_s64s64_unsafe
                0x10001c84                divmod_u64u64_unsafe
 .text.__wrap___aeabi_darithmetic
                0x10001fc0       0x60 CMakeFiles/LL_API.dir/C_/Program_Files/pico-sdk/src/rp2_common/pico_double/double_aeabi_rp2040.S.obj
                0x10001fc0                __wrap___aeabi_drsub
                0x10001fc6                __wrap___aeabi_dsub
                0x10001fd0                __wrap___aeabi_dadd
                0x10001fda                __wrap___aeabi_ddiv
                0x1000200e                __wrap___aeabi_dmul
 .text.__wrap___aeabi_cdcmple
                0x10002020       0x6c CMakeFiles/LL_API.dir/C_/Program_Files/pico-sdk/src/rp2_common/pico_double/double_aeabi_rp2040.S.obj
                0x10002020                __wrap___aeabi_cdrcmple
                0x10002030                __wrap___aeabi_cdcmpeq
                0x10002030                __wrap___aeabi_cdcmple
 .text.__wrap___aeabi_dcmplt
                0x1000208c        0xc CMakeFiles/LL_API.dir/C_/Program_Files/pico-sdk/src/rp2_common/pico_double/double_aeabi_rp2040.S.obj
                0x1000208c                __wrap___aeabi_dcmplt
 .text.__wrap___aeabi_dcmple
                0x10002098       0x10 CMakeFiles/LL_API.dir/C_/Program_Files/pico-sdk/src/rp2_common/pico_double/double_aeabi_rp2040.S.obj
                0x10002098                __wrap___aeabi_dcmple
 .text.__wrap___aeabi_dcmpge
                0x100020a8       0x10 CMakeFiles/LL_API.dir/C_/Program_Files/pico-sdk/src/rp2_common/pico_double/double_aeabi_rp2040.S.obj
                0x100020a8                __wrap___aeabi_dcmpge
 .text.__wrap___aeabi_dcmpgt
                0x100020b8        0xa CMakeFiles/LL_API.dir/C_/Program_Files/pico-sdk/src/rp2_common/pico_double/double_aeabi_rp2040.S.obj
                0x100020b8                __wrap___aeabi_dcmpgt
 .text.__wrap___aeabi_dcmpun
                0x100020c2       0x18 CMakeFiles/LL_API.dir/C_/Program_Files/pico-sdk/src/rp2_common/pico_double/double_aeabi_rp2040.S.obj
                0x100020c2                __wrap___aeabi_dcmpun
 *fill*         0x100020da        0x2 
 .text.__wrap___aeabi_i2d
                0x100020dc       0x38 CMakeFiles/LL_API.dir/C_/Program_Files/pico-sdk/src/rp2_common/pico_double/double_aeabi_rp2040.S.obj
                0x100020dc                uint2double
                0x100020dc                __wrap___aeabi_ui2d
                0x100020e4                int2double
                0x100020e4                __wrap___aeabi_i2d
 .text.__wrap___aeabi_d2iz
                0x10002114       0x48 CMakeFiles/LL_API.dir/C_/Program_Files/pico-sdk/src/rp2_common/pico_double/double_aeabi_rp2040.S.obj
                0x10002114                double2int_z
                0x10002114                __wrap___aeabi_d2iz
 .text.__wrap___aeabi_d2uiz
                0x1000215c       0x10 CMakeFiles/LL_API.dir/C_/Program_Files/pico-sdk/src/rp2_common/pico_double/double_aeabi_rp2040.S.obj
                0x1000215c                double2uint
                0x1000215c                __wrap___aeabi_d2uiz
                0x1000215c                double2uint_z
 .text.missing_double_func_shim
                0x1000216c        0xc CMakeFiles/LL_API.dir/C_/Program_Files/pico-sdk/src/rp2_common/pico_double/double_init_rom_rp2040.c.obj
 .text.__aeabi_double_init
                0x10002178       0xa0 CMakeFiles/LL_API.dir/C_/Program_Files/pico-sdk/src/rp2_common/pico_double/double_init_rom_rp2040.c.obj
                0x10002178                __aeabi_double_init
 .text.double_table_shim_on_use_helper
                0x10002218       0x2c CMakeFiles/LL_API.dir/C_/Program_Files/pico-sdk/src/rp2_common/pico_double/double_v1_rom_shim_rp2040.S.obj
                0x10002218                double_table_shim_on_use_helper
 .text.__aeabi_lmul
                0x10002244       0x32 CMakeFiles/LL_API.dir/C_/Program_Files/pico-sdk/src/rp2_common/pico_int64_ops/pico_int64_ops_aeabi.S.obj
                0x10002244                __wrap___aeabi_lmul
 *fill*         0x10002276        0x2 
 .text.missing_float_func_shim
                0x10002278        0xc CMakeFiles/LL_API.dir/C_/Program_Files/pico-sdk/src/rp2_common/pico_float/float_init_rom_rp2040.c.obj
 .text.__aeabi_float_init
                0x10002284       0x5c CMakeFiles/LL_API.dir/C_/Program_Files/pico-sdk/src/rp2_common/pico_float/float_init_rom_rp2040.c.obj
                0x10002284                __aeabi_float_init
 .text          0x100022e0       0x10 CMakeFiles/LL_API.dir/C_/Program_Files/pico-sdk/src/rp2_common/pico_mem_ops/mem_ops_aeabi.S.obj
                0x100022e0                __aeabi_mem_init
 .text.memset   0x100022f0        0xc CMakeFiles/LL_API.dir/C_/Program_Files/pico-sdk/src/rp2_common/pico_mem_ops/mem_ops_aeabi.S.obj
                0x100022f0                __wrap_memset
 .text.memcpy   0x100022fc        0xc CMakeFiles/LL_API.dir/C_/Program_Files/pico-sdk/src/rp2_common/pico_mem_ops/mem_ops_aeabi.S.obj
                0x100022fc                __wrap_memcpy
                0x100022fc                __wrap___aeabi_memcpy
 .text._out_null
                0x10002308        0x4 CMakeFiles/LL_API.dir/C_/Program_Files/pico-sdk/src/rp2_common/pico_printf/printf.c.obj
 .text._out_rev
                0x1000230c       0xac CMakeFiles/LL_API.dir/C_/Program_Files/pico-sdk/src/rp2_common/pico_printf/printf.c.obj
 .text._ntoa_format
                0x100023b8      0x1cc CMakeFiles/LL_API.dir/C_/Program_Files/pico-sdk/src/rp2_common/pico_printf/printf.c.obj
 .text._out_char
                0x10002584       0x10 CMakeFiles/LL_API.dir/C_/Program_Files/pico-sdk/src/rp2_common/pico_printf/printf.c.obj
 .text._out_fct
                0x10002594       0x10 CMakeFiles/LL_API.dir/C_/Program_Files/pico-sdk/src/rp2_common/pico_printf/printf.c.obj
 .text._ftoa    0x100025a4      0x4a8 CMakeFiles/LL_API.dir/C_/Program_Files/pico-sdk/src/rp2_common/pico_printf/printf.c.obj
 .text._etoa    0x10002a4c      0x57c CMakeFiles/LL_API.dir/C_/Program_Files/pico-sdk/src/rp2_common/pico_printf/printf.c.obj
 .text._vsnprintf
                0x10002fc8      0xbe0 CMakeFiles/LL_API.dir/C_/Program_Files/pico-sdk/src/rp2_common/pico_printf/printf.c.obj
 .text.vfctprintf
                0x10003ba8       0x24 CMakeFiles/LL_API.dir/C_/Program_Files/pico-sdk/src/rp2_common/pico_printf/printf.c.obj
                0x10003ba8                vfctprintf
 .text.weak_raw_vprintf
                0x10003bcc       0x30 CMakeFiles/LL_API.dir/C_/Program_Files/pico-sdk/src/rp2_common/pico_printf/printf.c.obj
                0x10003bcc                weak_raw_vprintf
 .text._exit    0x10003bfc        0x4 CMakeFiles/LL_API.dir/C_/Program_Files/pico-sdk/src/rp2_common/pico_clib_interface/newlib_interface.c.obj
                0x10003bfc                _exit
 .text.exit     0x10003c00        0x8 CMakeFiles/LL_API.dir/C_/Program_Files/pico-sdk/src/rp2_common/pico_clib_interface/newlib_interface.c.obj
                0x10003c00                exit
 .text.runtime_init
                0x10003c08       0x2c CMakeFiles/LL_API.dir/C_/Program_Files/pico-sdk/src/rp2_common/pico_clib_interface/newlib_interface.c.obj
                0x10003c08                runtime_init
 .text.stdio_out_chars_no_crlf
                0x10003c34       0x10 CMakeFiles/LL_API.dir/C_/Program_Files/pico-sdk/src/rp2_common/pico_stdio/stdio.c.obj
 .text.stdio_out_chars_crlf
                0x10003c44       0xb0 CMakeFiles/LL_API.dir/C_/Program_Files/pico-sdk/src/rp2_common/pico_stdio/stdio.c.obj
 .text.stdio_buffered_printer
                0x10003cf4       0x64 CMakeFiles/LL_API.dir/C_/Program_Files/pico-sdk/src/rp2_common/pico_stdio/stdio.c.obj
 .text.stdio_put_string
                0x10003d58       0xfc CMakeFiles/LL_API.dir/C_/Program_Files/pico-sdk/src/rp2_common/pico_stdio/stdio.c.obj
                0x10003d58                stdio_put_string
 .text.__wrap_putchar
                0x10003e54       0x94 CMakeFiles/LL_API.dir/C_/Program_Files/pico-sdk/src/rp2_common/pico_stdio/stdio.c.obj
                0x10003e54                __wrap_putchar
                0x10003e54                stdio_putchar
 .text.__wrap_puts
                0x10003ee8       0x3c CMakeFiles/LL_API.dir/C_/Program_Files/pico-sdk/src/rp2_common/pico_stdio/stdio.c.obj
                0x10003ee8                stdio_puts
                0x10003ee8                __wrap_puts
 .text.__wrap_vprintf
                0x10003f24       0xcc CMakeFiles/LL_API.dir/C_/Program_Files/pico-sdk/src/rp2_common/pico_stdio/stdio.c.obj
                0x10003f24                stdio_vprintf
                0x10003f24                __wrap_vprintf
 .text.__wrap_printf
                0x10003ff0       0x18 CMakeFiles/LL_API.dir/C_/Program_Files/pico-sdk/src/rp2_common/pico_stdio/stdio.c.obj
                0x10003ff0                __wrap_printf
                0x10003ff0                stdio_printf
 .text.startup._retrieve_unique_id_on_boot
                0x10004008       0x10 CMakeFiles/LL_API.dir/C_/Program_Files/pico-sdk/src/rp2_common/pico_unique_id/unique_id.c.obj
 .text.pico_get_unique_board_id
                0x10004018       0x10 CMakeFiles/LL_API.dir/C_/Program_Files/pico-sdk/src/rp2_common/pico_unique_id/unique_id.c.obj
                0x10004018                pico_get_unique_board_id
 .text.flash_get_unique_id
                0x10004028       0x3c CMakeFiles/LL_API.dir/C_/Program_Files/pico-sdk/src/rp2_common/hardware_flash/flash.c.obj
                0x10004028                flash_get_unique_id
 .text.cyw43_arch_set_async_context
                0x10004064        0xc CMakeFiles/LL_API.dir/C_/Program_Files/pico-sdk/src/rp2_common/pico_cyw43_arch/cyw43_arch.c.obj
                0x10004064                cyw43_arch_set_async_context
 .text.cyw43_arch_gpio_put
                0x10004070       0x14 CMakeFiles/LL_API.dir/C_/Program_Files/pico-sdk/src/rp2_common/pico_cyw43_arch/cyw43_arch.c.obj
                0x10004070                cyw43_arch_gpio_put
 .text.cyw43_arch_async_context
                0x10004084        0xc CMakeFiles/LL_API.dir/C_/Program_Files/pico-sdk/src/rp2_common/pico_cyw43_arch/cyw43_arch.c.obj
                0x10004084                cyw43_arch_async_context
 .text.cyw43_arch_init
                0x10004090       0x64 CMakeFiles/LL_API.dir/C_/Program_Files/pico-sdk/src/rp2_common/pico_cyw43_arch/cyw43_arch_threadsafe_background.c.obj
                0x10004090                cyw43_arch_init
 .text.ns_delay.constprop.0
                0x100040f4       0x20 CMakeFiles/LL_API.dir/C_/Program_Files/pico-sdk/src/rp2_common/pico_cyw43_driver/cyw43_bus_pio_spi.c.obj
 .text.cyw43_spi_deinit
                0x10004114       0x6c CMakeFiles/LL_API.dir/C_/Program_Files/pico-sdk/src/rp2_common/pico_cyw43_driver/cyw43_bus_pio_spi.c.obj
                0x10004114                cyw43_spi_deinit
 .text.cyw43_spi_init
                0x10004180      0x128 CMakeFiles/LL_API.dir/C_/Program_Files/pico-sdk/src/rp2_common/pico_cyw43_driver/cyw43_bus_pio_spi.c.obj
                0x10004180                cyw43_spi_init
 .text.cyw43_spi_transfer
                0x100042a8      0x42c CMakeFiles/LL_API.dir/C_/Program_Files/pico-sdk/src/rp2_common/pico_cyw43_driver/cyw43_bus_pio_spi.c.obj
                0x100042a8                cyw43_spi_transfer
 .text.cyw43_spi_gpio_setup
                0x100046d4       0x3c CMakeFiles/LL_API.dir/C_/Program_Files/pico-sdk/src/rp2_common/pico_cyw43_driver/cyw43_bus_pio_spi.c.obj
                0x100046d4                cyw43_spi_gpio_setup
 .text.cyw43_spi_reset
                0x10004710       0x28 CMakeFiles/LL_API.dir/C_/Program_Files/pico-sdk/src/rp2_common/pico_cyw43_driver/cyw43_bus_pio_spi.c.obj
                0x10004710                cyw43_spi_reset
 .text.read_reg_u32_swap
                0x10004738       0x44 CMakeFiles/LL_API.dir/C_/Program_Files/pico-sdk/src/rp2_common/pico_cyw43_driver/cyw43_bus_pio_spi.c.obj
                0x10004738                read_reg_u32_swap
 .text.cyw43_read_reg_u32
                0x1000477c       0x58 CMakeFiles/LL_API.dir/C_/Program_Files/pico-sdk/src/rp2_common/pico_cyw43_driver/cyw43_bus_pio_spi.c.obj
                0x1000477c                cyw43_read_reg_u32
 .text.cyw43_read_reg_u16
                0x100047d4       0x58 CMakeFiles/LL_API.dir/C_/Program_Files/pico-sdk/src/rp2_common/pico_cyw43_driver/cyw43_bus_pio_spi.c.obj
                0x100047d4                cyw43_read_reg_u16
 .text.cyw43_read_reg_u8
                0x1000482c       0x58 CMakeFiles/LL_API.dir/C_/Program_Files/pico-sdk/src/rp2_common/pico_cyw43_driver/cyw43_bus_pio_spi.c.obj
                0x1000482c                cyw43_read_reg_u8
 .text.write_reg_u32_swap
                0x10004884      0x218 CMakeFiles/LL_API.dir/C_/Program_Files/pico-sdk/src/rp2_common/pico_cyw43_driver/cyw43_bus_pio_spi.c.obj
                0x10004884                write_reg_u32_swap
 .text.cyw43_write_reg_u32
                0x10004a9c      0x214 CMakeFiles/LL_API.dir/C_/Program_Files/pico-sdk/src/rp2_common/pico_cyw43_driver/cyw43_bus_pio_spi.c.obj
                0x10004a9c                cyw43_write_reg_u32
 .text.cyw43_write_reg_u16
                0x10004cb0      0x214 CMakeFiles/LL_API.dir/C_/Program_Files/pico-sdk/src/rp2_common/pico_cyw43_driver/cyw43_bus_pio_spi.c.obj
                0x10004cb0                cyw43_write_reg_u16
 .text.cyw43_write_reg_u8
                0x10004ec4      0x214 CMakeFiles/LL_API.dir/C_/Program_Files/pico-sdk/src/rp2_common/pico_cyw43_driver/cyw43_bus_pio_spi.c.obj
                0x10004ec4                cyw43_write_reg_u8
 .text.cyw43_read_bytes
                0x100050d8       0x78 CMakeFiles/LL_API.dir/C_/Program_Files/pico-sdk/src/rp2_common/pico_cyw43_driver/cyw43_bus_pio_spi.c.obj
                0x100050d8                cyw43_read_bytes
 .text.cyw43_write_bytes
                0x10005150       0xd4 CMakeFiles/LL_API.dir/C_/Program_Files/pico-sdk/src/rp2_common/pico_cyw43_driver/cyw43_bus_pio_spi.c.obj
                0x10005150                cyw43_write_bytes
 .text.cyw43_set_backplane_window
                0x10005224       0x68 CMakeFiles/LL_API.dir/C_/Program_Files/pico-sdk/lib/cyw43-driver/src/cyw43_ll.c.obj
 .text.cyw43_ll_parse_async_event
                0x1000528c      0x138 CMakeFiles/LL_API.dir/C_/Program_Files/pico-sdk/lib/cyw43-driver/src/cyw43_ll.c.obj
 .text.cyw43_kso_set
                0x100053c4       0x80 CMakeFiles/LL_API.dir/C_/Program_Files/pico-sdk/lib/cyw43-driver/src/cyw43_ll.c.obj
 .text.cyw43_ll_sdpcm_poll_device
                0x10005444      0x238 CMakeFiles/LL_API.dir/C_/Program_Files/pico-sdk/lib/cyw43-driver/src/cyw43_ll.c.obj
 .text.cyw43_sdpcm_send_common
                0x1000567c       0xfc CMakeFiles/LL_API.dir/C_/Program_Files/pico-sdk/lib/cyw43-driver/src/cyw43_ll.c.obj
 .text.cyw43_do_ioctl.part.0
                0x10005778       0xc4 CMakeFiles/LL_API.dir/C_/Program_Files/pico-sdk/lib/cyw43-driver/src/cyw43_ll.c.obj
 .text.cyw43_write_iovar_u32.constprop.0
                0x1000583c       0x98 CMakeFiles/LL_API.dir/C_/Program_Files/pico-sdk/lib/cyw43-driver/src/cyw43_ll.c.obj
 .text.cyw43_write_iovar_n
                0x100058d4       0x8c CMakeFiles/LL_API.dir/C_/Program_Files/pico-sdk/lib/cyw43-driver/src/cyw43_ll.c.obj
 .text.cyw43_read_backplane.constprop.0
                0x10005960       0xe4 CMakeFiles/LL_API.dir/C_/Program_Files/pico-sdk/lib/cyw43-driver/src/cyw43_ll.c.obj
 .text.cyw43_write_backplane
                0x10005a44      0x10c CMakeFiles/LL_API.dir/C_/Program_Files/pico-sdk/lib/cyw43-driver/src/cyw43_ll.c.obj
 .text.reset_device_core.constprop.0
                0x10005b50      0x410 CMakeFiles/LL_API.dir/C_/Program_Files/pico-sdk/lib/cyw43-driver/src/cyw43_ll.c.obj
 .text.cyw43_ll_init
                0x10005f60       0x1c CMakeFiles/LL_API.dir/C_/Program_Files/pico-sdk/lib/cyw43-driver/src/cyw43_ll.c.obj
                0x10005f60                cyw43_ll_init
 .text.cyw43_ll_deinit
                0x10005f7c        0x8 CMakeFiles/LL_API.dir/C_/Program_Files/pico-sdk/lib/cyw43-driver/src/cyw43_ll.c.obj
                0x10005f7c                cyw43_ll_deinit
 .text.cyw43_ll_process_packets
                0x10005f84       0x54 CMakeFiles/LL_API.dir/C_/Program_Files/pico-sdk/lib/cyw43-driver/src/cyw43_ll.c.obj
                0x10005f84                cyw43_ll_process_packets
 .text.cyw43_ll_ioctl
                0x10005fd8       0x80 CMakeFiles/LL_API.dir/C_/Program_Files/pico-sdk/lib/cyw43-driver/src/cyw43_ll.c.obj
                0x10005fd8                cyw43_ll_ioctl
 .text.cyw43_ll_bus_sleep
                0x10006058       0x34 CMakeFiles/LL_API.dir/C_/Program_Files/pico-sdk/lib/cyw43-driver/src/cyw43_ll.c.obj
                0x10006058                cyw43_ll_bus_sleep
 .text.cyw43_ll_wifi_get_mac
                0x1000608c       0x78 CMakeFiles/LL_API.dir/C_/Program_Files/pico-sdk/lib/cyw43-driver/src/cyw43_ll.c.obj
                0x1000608c                cyw43_ll_wifi_get_mac
 .text.cyw43_ll_bus_init
                0x10006104      0x8d8 CMakeFiles/LL_API.dir/C_/Program_Files/pico-sdk/lib/cyw43-driver/src/cyw43_ll.c.obj
                0x10006104                cyw43_ll_bus_init
 .text.cyw43_ll_wifi_set_wpa_auth
                0x100069dc       0x4c CMakeFiles/LL_API.dir/C_/Program_Files/pico-sdk/lib/cyw43-driver/src/cyw43_ll.c.obj
                0x100069dc                cyw43_ll_wifi_set_wpa_auth
 .text.cyw43_ll_wifi_rejoin
                0x10006a28       0x58 CMakeFiles/LL_API.dir/C_/Program_Files/pico-sdk/lib/cyw43-driver/src/cyw43_ll.c.obj
                0x10006a28                cyw43_ll_wifi_rejoin
 .text.cyw43_ll_gpio_set
                0x10006a80       0x94 CMakeFiles/LL_API.dir/C_/Program_Files/pico-sdk/lib/cyw43-driver/src/cyw43_ll.c.obj
                0x10006a80                cyw43_ll_gpio_set
 .text.cyw43_ll_has_work
                0x10006b14       0x14 CMakeFiles/LL_API.dir/C_/Program_Files/pico-sdk/lib/cyw43-driver/src/cyw43_ll.c.obj
                0x10006b14                cyw43_ll_has_work
 .text.cyw43_poll_func
                0x10006b28       0xc0 CMakeFiles/LL_API.dir/C_/Program_Files/pico-sdk/lib/cyw43-driver/src/cyw43_ctrl.c.obj
 .text.cyw43_init
                0x10006be8       0x6c CMakeFiles/LL_API.dir/C_/Program_Files/pico-sdk/lib/cyw43-driver/src/cyw43_ctrl.c.obj
                0x10006be8                cyw43_init
 .text.cyw43_deinit
                0x10006c54       0x90 CMakeFiles/LL_API.dir/C_/Program_Files/pico-sdk/lib/cyw43-driver/src/cyw43_ctrl.c.obj
                0x10006c54                cyw43_deinit
 .text.cyw43_cb_read_host_interrupt_pin
                0x10006ce4        0xc CMakeFiles/LL_API.dir/C_/Program_Files/pico-sdk/lib/cyw43-driver/src/cyw43_ctrl.c.obj
                0x10006ce4                cyw43_cb_read_host_interrupt_pin
 .text.cyw43_cb_ensure_awake
                0x10006cf0        0xc CMakeFiles/LL_API.dir/C_/Program_Files/pico-sdk/lib/cyw43-driver/src/cyw43_ctrl.c.obj
                0x10006cf0                cyw43_cb_ensure_awake
 .text.cyw43_cb_process_async_event
                0x10006cfc      0x210 CMakeFiles/LL_API.dir/C_/Program_Files/pico-sdk/lib/cyw43-driver/src/cyw43_ctrl.c.obj
                0x10006cfc                cyw43_cb_process_async_event
 .text.cyw43_gpio_set
                0x10006f0c       0xa4 CMakeFiles/LL_API.dir/C_/Program_Files/pico-sdk/lib/cyw43-driver/src/cyw43_ctrl.c.obj
                0x10006f0c                cyw43_gpio_set
 .text.add_program_at_offset
                0x10006fb0       0xa4 CMakeFiles/LL_API.dir/C_/Program_Files/pico-sdk/src/rp2_common/hardware_pio/pio.c.obj
 .text.pio_sm_set_pindirs_with_mask64
                0x10007054       0xac CMakeFiles/LL_API.dir/C_/Program_Files/pico-sdk/src/rp2_common/hardware_pio/pio.c.obj
                0x10007054                pio_sm_set_pindirs_with_mask64
 .text.pio_sm_set_consecutive_pindirs
                0x10007100       0xb4 CMakeFiles/LL_API.dir/C_/Program_Files/pico-sdk/src/rp2_common/hardware_pio/pio.c.obj
                0x10007100                pio_sm_set_consecutive_pindirs
 .text.pio_claim_free_sm_and_add_program_for_gpio_range
                0x100071b4      0x128 CMakeFiles/LL_API.dir/C_/Program_Files/pico-sdk/src/rp2_common/hardware_pio/pio.c.obj
                0x100071b4                pio_claim_free_sm_and_add_program_for_gpio_range
 .text.pio_remove_program_and_unclaim_sm
                0x100072dc       0x40 CMakeFiles/LL_API.dir/C_/Program_Files/pico-sdk/src/rp2_common/hardware_pio/pio.c.obj
                0x100072dc                pio_remove_program_and_unclaim_sm
 .text.dma_channel_unclaim
                0x1000731c       0x14 CMakeFiles/LL_API.dir/C_/Program_Files/pico-sdk/src/rp2_common/hardware_dma/dma.c.obj
                0x1000731c                dma_channel_unclaim
 .text.dma_claim_unused_channel
                0x10007330       0x24 CMakeFiles/LL_API.dir/C_/Program_Files/pico-sdk/src/rp2_common/hardware_dma/dma.c.obj
                0x10007330                dma_claim_unused_channel
 .text.dma_channel_cleanup
                0x10007354       0x64 CMakeFiles/LL_API.dir/C_/Program_Files/pico-sdk/src/rp2_common/hardware_dma/dma.c.obj
                0x10007354                dma_channel_cleanup
 .text.cyw43_sleep_timeout_reached
                0x100073b8       0x10 CMakeFiles/LL_API.dir/C_/Program_Files/pico-sdk/src/rp2_common/pico_cyw43_driver/cyw43_driver.c.obj
 .text.cyw43_irq_init
                0x100073c8       0x28 CMakeFiles/LL_API.dir/C_/Program_Files/pico-sdk/src/rp2_common/pico_cyw43_driver/cyw43_driver.c.obj
                0x100073c8                cyw43_irq_init
 .text.cyw43_irq_deinit
                0x100073f0       0x20 CMakeFiles/LL_API.dir/C_/Program_Files/pico-sdk/src/rp2_common/pico_cyw43_driver/cyw43_driver.c.obj
                0x100073f0                cyw43_irq_deinit
 .text.cyw43_gpio_irq_handler
                0x10007410       0x44 CMakeFiles/LL_API.dir/C_/Program_Files/pico-sdk/src/rp2_common/pico_cyw43_driver/cyw43_driver.c.obj
 .text.cyw43_do_poll
                0x10007454       0x6c CMakeFiles/LL_API.dir/C_/Program_Files/pico-sdk/src/rp2_common/pico_cyw43_driver/cyw43_driver.c.obj
 .text.cyw43_post_poll_hook
                0x100074c0       0x10 CMakeFiles/LL_API.dir/C_/Program_Files/pico-sdk/src/rp2_common/pico_cyw43_driver/cyw43_driver.c.obj
                0x100074c0                cyw43_post_poll_hook
 .text.cyw43_schedule_internal_poll_dispatch
                0x100074d0       0x18 CMakeFiles/LL_API.dir/C_/Program_Files/pico-sdk/src/rp2_common/pico_cyw43_driver/cyw43_driver.c.obj
                0x100074d0                cyw43_schedule_internal_poll_dispatch
 .text.cyw43_driver_init
                0x100074e8       0x38 CMakeFiles/LL_API.dir/C_/Program_Files/pico-sdk/src/rp2_common/pico_cyw43_driver/cyw43_driver.c.obj
                0x100074e8                cyw43_driver_init
 .text.cyw43_driver_deinit
                0x10007520       0x4c CMakeFiles/LL_API.dir/C_/Program_Files/pico-sdk/src/rp2_common/pico_cyw43_driver/cyw43_driver.c.obj
                0x10007520                cyw43_driver_deinit
 .text.cyw43_hal_generate_laa_mac
                0x1000756c       0x28 CMakeFiles/LL_API.dir/C_/Program_Files/pico-sdk/src/rp2_common/pico_cyw43_driver/cyw43_driver.c.obj
                0x1000756c                cyw43_hal_generate_laa_mac
 .text.cyw43_thread_enter
                0x10007594       0x14 CMakeFiles/LL_API.dir/C_/Program_Files/pico-sdk/src/rp2_common/pico_cyw43_driver/cyw43_driver.c.obj
                0x10007594                cyw43_thread_enter
 .text.cyw43_thread_exit
                0x100075a8       0x14 CMakeFiles/LL_API.dir/C_/Program_Files/pico-sdk/src/rp2_common/pico_cyw43_driver/cyw43_driver.c.obj
                0x100075a8                cyw43_thread_exit
 .text.cyw43_await_background_or_timeout_us
                0x100075bc       0x5c CMakeFiles/LL_API.dir/C_/Program_Files/pico-sdk/src/rp2_common/pico_cyw43_driver/cyw43_driver.c.obj
                0x100075bc                cyw43_await_background_or_timeout_us
 .text.cyw43_delay_ms
                0x10007618       0x44 CMakeFiles/LL_API.dir/C_/Program_Files/pico-sdk/src/rp2_common/pico_cyw43_driver/cyw43_driver.c.obj
                0x10007618                cyw43_delay_ms
 .text.cyw43_cb_tcpip_deinit
                0x1000765c        0x4 CMakeFiles/LL_API.dir/C_/Program_Files/pico-sdk/src/rp2_common/pico_cyw43_driver/cyw43_driver.c.obj
                0x1000765c                cyw43_cb_tcpip_deinit
 .text.cyw43_cb_tcpip_set_link_up
                0x10007660        0xc CMakeFiles/LL_API.dir/C_/Program_Files/pico-sdk/src/rp2_common/pico_cyw43_driver/cyw43_driver.c.obj
                0x10007660                cyw43_cb_tcpip_set_link_up
 .text.cyw43_cb_tcpip_set_link_down
                0x1000766c        0xc CMakeFiles/LL_API.dir/C_/Program_Files/pico-sdk/src/rp2_common/pico_cyw43_driver/cyw43_driver.c.obj
                0x1000766c                cyw43_cb_tcpip_set_link_down
 .text.cyw43_cb_process_ethernet
                0x10007678        0xc CMakeFiles/LL_API.dir/C_/Program_Files/pico-sdk/src/rp2_common/pico_cyw43_driver/cyw43_driver.c.obj
                0x10007678                cyw43_cb_process_ethernet
 .text.async_context_threadsafe_background_acquire_lock_blocking
                0x10007684        0xc CMakeFiles/LL_API.dir/C_/Program_Files/pico-sdk/src/rp2_common/pico_async_context/async_context_threadsafe_background.c.obj
 .text.alarm_handler
                0x10007690       0x20 CMakeFiles/LL_API.dir/C_/Program_Files/pico-sdk/src/rp2_common/pico_async_context/async_context_threadsafe_background.c.obj
 .text.async_context_threadsafe_background_set_work_pending
                0x100076b0       0x1c CMakeFiles/LL_API.dir/C_/Program_Files/pico-sdk/src/rp2_common/pico_async_context/async_context_threadsafe_background.c.obj
 .text.process_under_lock
                0x100076cc       0xcc CMakeFiles/LL_API.dir/C_/Program_Files/pico-sdk/src/rp2_common/pico_async_context/async_context_threadsafe_background.c.obj
 .text.async_context_threadsafe_background_execute_sync
                0x10007798       0x30 CMakeFiles/LL_API.dir/C_/Program_Files/pico-sdk/src/rp2_common/pico_async_context/async_context_threadsafe_background.c.obj
                0x10007798                async_context_threadsafe_background_execute_sync
 .text.async_context_threadsafe_background_deinit
                0x100077c8       0x54 CMakeFiles/LL_API.dir/C_/Program_Files/pico-sdk/src/rp2_common/pico_async_context/async_context_threadsafe_background.c.obj
 .text.low_priority_irq_handler
                0x1000781c       0x3c CMakeFiles/LL_API.dir/C_/Program_Files/pico-sdk/src/rp2_common/pico_async_context/async_context_threadsafe_background.c.obj
 .text.async_context_threadsafe_background_wait_for_work_until
                0x10007858        0xc CMakeFiles/LL_API.dir/C_/Program_Files/pico-sdk/src/rp2_common/pico_async_context/async_context_threadsafe_background.c.obj
 .text.async_context_threadsafe_background_wait_until
                0x10007864       0x1c CMakeFiles/LL_API.dir/C_/Program_Files/pico-sdk/src/rp2_common/pico_async_context/async_context_threadsafe_background.c.obj
 .text.async_context_threadsafe_background_lock_check
                0x10007880       0x28 CMakeFiles/LL_API.dir/C_/Program_Files/pico-sdk/src/rp2_common/pico_async_context/async_context_threadsafe_background.c.obj
 .text.async_context_threadsafe_background_release_lock
                0x100078a8       0x1c CMakeFiles/LL_API.dir/C_/Program_Files/pico-sdk/src/rp2_common/pico_async_context/async_context_threadsafe_background.c.obj
 .text.async_context_threadsafe_background_when_pending_worker
                0x100078c4       0x34 CMakeFiles/LL_API.dir/C_/Program_Files/pico-sdk/src/rp2_common/pico_async_context/async_context_threadsafe_background.c.obj
 .text.async_context_threadsafe_background_add_when_pending_worker
                0x100078f8       0x34 CMakeFiles/LL_API.dir/C_/Program_Files/pico-sdk/src/rp2_common/pico_async_context/async_context_threadsafe_background.c.obj
 .text.async_context_threadsafe_background_remove_at_time_worker
                0x1000792c       0x34 CMakeFiles/LL_API.dir/C_/Program_Files/pico-sdk/src/rp2_common/pico_async_context/async_context_threadsafe_background.c.obj
 .text.async_context_threadsafe_background_add_at_time_worker
                0x10007960       0x34 CMakeFiles/LL_API.dir/C_/Program_Files/pico-sdk/src/rp2_common/pico_async_context/async_context_threadsafe_background.c.obj
 .text.async_context_threadsafe_background_default_config
                0x10007994        0xc CMakeFiles/LL_API.dir/C_/Program_Files/pico-sdk/src/rp2_common/pico_async_context/async_context_threadsafe_background.c.obj
                0x10007994                async_context_threadsafe_background_default_config
 .text.async_context_threadsafe_background_init
                0x100079a0       0x8c CMakeFiles/LL_API.dir/C_/Program_Files/pico-sdk/src/rp2_common/pico_async_context/async_context_threadsafe_background.c.obj
                0x100079a0                async_context_threadsafe_background_init
 .text.async_context_base_add_at_time_worker
                0x10007a2c       0x28 CMakeFiles/LL_API.dir/C_/Program_Files/pico-sdk/src/rp2_common/pico_async_context/async_context_base.c.obj
                0x10007a2c                async_context_base_add_at_time_worker
 .text.async_context_base_remove_at_time_worker
                0x10007a54       0x24 CMakeFiles/LL_API.dir/C_/Program_Files/pico-sdk/src/rp2_common/pico_async_context/async_context_base.c.obj
                0x10007a54                async_context_base_remove_at_time_worker
 .text.async_context_base_add_when_pending_worker
                0x10007a78       0x24 CMakeFiles/LL_API.dir/C_/Program_Files/pico-sdk/src/rp2_common/pico_async_context/async_context_base.c.obj
                0x10007a78                async_context_base_add_when_pending_worker
 .text.async_context_base_remove_when_pending_worker
                0x10007a9c       0x24 CMakeFiles/LL_API.dir/C_/Program_Files/pico-sdk/src/rp2_common/pico_async_context/async_context_base.c.obj
                0x10007a9c                async_context_base_remove_when_pending_worker
 .text.async_context_base_execute_once
                0x10007ac0      0x108 CMakeFiles/LL_API.dir/C_/Program_Files/pico-sdk/src/rp2_common/pico_async_context/async_context_base.c.obj
                0x10007ac0                async_context_base_execute_once
 .text.memmove  0x10007bc8      0x100 C:/PROGRA~2/ARMGNU~1/142BCE~1.3RE/bin/../lib/gcc/arm-none-eabi/14.3.1/../../../../arm-none-eabi/lib/thumb/v6-m/nofp\libg.a(libc_a-memmove.o)
                0x10007bc8                memmove
 .text.strncmp  0x10007cc8       0x68 C:/PROGRA~2/ARMGNU~1/142BCE~1.3RE/bin/../lib/gcc/arm-none-eabi/14.3.1/../../../../arm-none-eabi/lib/thumb/v6-m/nofp\libg.a(libc_a-strncmp.o)
                0x10007cc8                strncmp
 .text.strlen   0x10007d30       0x5c C:/PROGRA~2/ARMGNU~1/142BCE~1.3RE/bin/../lib/gcc/arm-none-eabi/14.3.1/../../../../arm-none-eabi/lib/thumb/v6-m/nofp\libg.a(libc_a-strlen-stub.o)
                0x10007d30                strlen
 *(.fini)
 .fini          0x10007d8c        0x4 C:/PROGRA~2/ARMGNU~1/142BCE~1.3RE/bin/../lib/gcc/arm-none-eabi/14.3.1/thumb/v6-m/nofp/crti.o
                0x10007d8c                _fini
 .fini.__stub   0x10007d90       0xa0 linker stubs
 *crtbegin.o(.ctors)
 *crtbegin?.o(.ctors)
 *(EXCLUDE_FILE(*crtend.o *crtend?.o) .ctors)
 *(SORT_BY_NAME(.ctors.*))
 *(.ctors)
 *crtbegin.o(.dtors)
 *crtbegin?.o(.dtors)
 *(EXCLUDE_FILE(*crtend.o *crtend?.o) .dtors)
 *(SORT_BY_NAME(.dtors.*))
 *(.dtors)
                0x10007e30                        . = ALIGN (0x4)
                0x10007e30                        PROVIDE (__preinit_array_start = .)
 *(SORT_BY_NAME(.preinit_array.*))
 .preinit_array.00100
                0x10007e30        0x4 CMakeFiles/LL_API.dir/C_/Program_Files/pico-sdk/src/rp2_common/pico_runtime_init/runtime_init.c.obj
                0x10007e30                __pre_init_runtime_init_early_resets
 .preinit_array.00101
                0x10007e34        0x4 CMakeFiles/LL_API.dir/C_/Program_Files/pico-sdk/src/rp2_common/pico_runtime_init/runtime_init.c.obj
                0x10007e34                __pre_init_runtime_init_usb_power_down
 .preinit_array.00275
                0x10007e38        0x4 CMakeFiles/LL_API.dir/C_/Program_Files/pico-sdk/src/rp2_common/pico_bit_ops/bit_ops_aeabi.S.obj
 .preinit_array.00300
                0x10007e3c        0x4 CMakeFiles/LL_API.dir/C_/Program_Files/pico-sdk/src/rp2_common/pico_mem_ops/mem_ops_aeabi.S.obj
 .preinit_array.00350
                0x10007e40        0x4 CMakeFiles/LL_API.dir/C_/Program_Files/pico-sdk/src/rp2_common/pico_double/double_aeabi_rp2040.S.obj
 .preinit_array.00350
                0x10007e44        0x4 CMakeFiles/LL_API.dir/C_/Program_Files/pico-sdk/src/rp2_common/pico_float/float_aeabi_rp2040.S.obj
 .preinit_array.00500
                0x10007e48        0x4 CMakeFiles/LL_API.dir/C_/Program_Files/pico-sdk/src/rp2_common/pico_runtime_init/runtime_init.c.obj
                0x10007e48                __pre_init_runtime_init_clocks
 .preinit_array.00600
                0x10007e4c        0x4 CMakeFiles/LL_API.dir/C_/Program_Files/pico-sdk/src/rp2_common/pico_runtime_init/runtime_init.c.obj
                0x10007e4c                __pre_init_runtime_init_post_clock_resets
 .preinit_array.00700
                0x10007e50        0x4 CMakeFiles/LL_API.dir/C_/Program_Files/pico-sdk/src/rp2_common/pico_runtime_init/runtime_init.c.obj
                0x10007e50                __pre_init_runtime_init_rp2040_gpio_ie_disable
 .preinit_array.01000
                0x10007e54        0x4 CMakeFiles/LL_API.dir/C_/Program_Files/pico-sdk/src/rp2_common/pico_runtime_init/runtime_init.c.obj
                0x10007e54                __pre_init_runtime_init_spin_locks_reset
 .preinit_array.01100
                0x10007e58        0x4 CMakeFiles/LL_API.dir/C_/Program_Files/pico-sdk/src/common/pico_sync/mutex.c.obj
                0x10007e58                __pre_init_runtime_init_mutex
 .preinit_array.10080
                0x10007e5c        0x4 CMakeFiles/LL_API.dir/C_/Program_Files/pico-sdk/src/rp2_common/pico_runtime_init/runtime_init.c.obj
                0x10007e5c                __pre_init_runtime_init_install_ram_vector_table
 .preinit_array.11000
                0x10007e60        0x4 CMakeFiles/LL_API.dir/C_/Program_Files/pico-sdk/src/common/pico_time/time.c.obj
                0x10007e60                __pre_init_runtime_init_default_alarm_pool
 .preinit_array.YYYYY
                0x10007e64        0x4 CMakeFiles/LL_API.dir/C_/Program_Files/pico-sdk/src/rp2_common/pico_runtime/runtime.c.obj
                0x10007e64                __pre_init_first_per_core_initializer
 .preinit_array.ZZZZZ.01200
                0x10007e68        0x4 CMakeFiles/LL_API.dir/C_/Program_Files/pico-sdk/src/rp2_common/hardware_irq/irq.c.obj
                0x10007e68                __pre_init_runtime_init_per_core_irq_priorities
 *(.preinit_array)
                0x10007e6c                        PROVIDE (__preinit_array_end = .)
                0x10007e6c                        . = ALIGN (0x4)
                0x10007e6c                        PROVIDE (__init_array_start = .)
 *(SORT_BY_NAME(.init_array.*))
 .init_array.01000
                0x10007e6c        0x4 CMakeFiles/LL_API.dir/C_/Program_Files/pico-sdk/src/rp2_common/pico_unique_id/unique_id.c.obj
 *(.init_array)
 .init_array    0x10007e70        0x4 C:/PROGRA~2/ARMGNU~1/142BCE~1.3RE/bin/../lib/gcc/arm-none-eabi/14.3.1/thumb/v6-m/nofp/crtbegin.o
                0x10007e74                        PROVIDE (__init_array_end = .)
                0x10007e74                        . = ALIGN (0x4)
                [!provide]                        PROVIDE (__fini_array_start = .)
 *(SORT_BY_NAME(.fini_array.*))
 *(.fini_array)
                [!provide]                        PROVIDE (__fini_array_end = .)
 *(.eh_frame*)
 .eh_frame      0x10007e74        0x0 C:/PROGRA~2/ARMGNU~1/142BCE~1.3RE/bin/../lib/gcc/arm-none-eabi/14.3.1/thumb/v6-m/nofp/crtbegin.o
                0x10007e74                        . = ALIGN (0x4)

.glue_7         0x10007e74        0x0
 .glue_7        0x10007e74        0x0 linker stubs

.glue_7t        0x10007e74        0x0
 .glue_7t       0x10007e74        0x0 linker stubs

.vfp11_veneer   0x10007e74        0x0
 .vfp11_veneer  0x10007e74        0x0 linker stubs

.v4_bx          0x10007e74        0x0
 .v4_bx         0x10007e74        0x0 linker stubs

.iplt           0x10007e74        0x0
 .iplt          0x10007e74        0x0 C:/PROGRA~2/ARMGNU~1/142BCE~1.3RE/bin/../lib/gcc/arm-none-eabi/14.3.1/thumb/v6-m/nofp/crtbegin.o

.rodata         0x10007e78    0x37c80
 *(EXCLUDE_FILE(*libm.a: *libc.a:*lib_a-mem*.o *libgcc.a:) .rodata*)
 .rodata.panic.str1.4
                0x10007e78      0x488 CMakeFiles/LL_API.dir/C_/Program_Files/pico-sdk/src/rp2_common/pico_platform_panic/panic.c.obj
                                 0x12 (size before relaxing)
 .rodata.user_irq_claim_unused.str1.4
                0x10008300       0x1b CMakeFiles/LL_API.dir/C_/Program_Files/pico-sdk/src/rp2_common/hardware_irq/irq.c.obj
 .rodata.at_the_end_of_time
                0x10008300        0x8 CMakeFiles/LL_API.dir/C_/Program_Files/pico-sdk/src/common/pico_time/time.c.obj
                0x10008300                at_the_end_of_time
 .rodata.timer_hardware_alarm_claim.str1.4
                0x10008308       0x22 CMakeFiles/LL_API.dir/C_/Program_Files/pico-sdk/src/rp2_common/hardware_timer/timer.c.obj
 .rodata.hard_assertion_failure.str1.4
                0x10008308        0xc CMakeFiles/LL_API.dir/C_/Program_Files/pico-sdk/src/rp2_common/pico_runtime/runtime.c.obj
 .rodata.missing_double_func_shim.str1.4
                0x10008308       0x18 CMakeFiles/LL_API.dir/C_/Program_Files/pico-sdk/src/rp2_common/pico_double/double_init_rom_rp2040.c.obj
 .rodata.missing_float_func_shim.str1.4
                0x10008308        0x1 CMakeFiles/LL_API.dir/C_/Program_Files/pico-sdk/src/rp2_common/pico_float/float_init_rom_rp2040.c.obj
 .rodata.str1.4
                0x10008308       0x3c CMakeFiles/LL_API.dir/C_/Program_Files/pico-sdk/src/rp2_common/pico_standard_binary_info/standard_binary_info.c.obj
 .rodata.__bi_84
                0x10008308        0xc CMakeFiles/LL_API.dir/C_/Program_Files/pico-sdk/src/rp2_common/pico_standard_binary_info/standard_binary_info.c.obj
 .rodata.__bi_78
                0x10008314        0xc CMakeFiles/LL_API.dir/C_/Program_Files/pico-sdk/src/rp2_common/pico_standard_binary_info/standard_binary_info.c.obj
 .rodata.__bi_54
                0x10008320        0xc CMakeFiles/LL_API.dir/C_/Program_Files/pico-sdk/src/rp2_common/pico_standard_binary_info/standard_binary_info.c.obj
 .rodata.__bi_48
                0x1000832c        0xc CMakeFiles/LL_API.dir/C_/Program_Files/pico-sdk/src/rp2_common/pico_standard_binary_info/standard_binary_info.c.obj
 .rodata.__bi_42
                0x10008338        0xc CMakeFiles/LL_API.dir/C_/Program_Files/pico-sdk/src/rp2_common/pico_standard_binary_info/standard_binary_info.c.obj
 .rodata.__bi_34
                0x10008344        0xc CMakeFiles/LL_API.dir/C_/Program_Files/pico-sdk/src/rp2_common/pico_standard_binary_info/standard_binary_info.c.obj
 .rodata.__bi_26
                0x10008350        0xc CMakeFiles/LL_API.dir/C_/Program_Files/pico-sdk/src/rp2_common/pico_standard_binary_info/standard_binary_info.c.obj
 .rodata._ftoa.str1.4
                0x1000835c       0x15 CMakeFiles/LL_API.dir/C_/Program_Files/pico-sdk/src/rp2_common/pico_printf/printf.c.obj
 .rodata._vsnprintf
                0x1000835c      0x19c CMakeFiles/LL_API.dir/C_/Program_Files/pico-sdk/src/rp2_common/pico_printf/printf.c.obj
 .rodata.pow10.0
                0x100084f8       0x50 CMakeFiles/LL_API.dir/C_/Program_Files/pico-sdk/src/rp2_common/pico_printf/printf.c.obj
 .rodata.crlf_str.0
                0x10008548        0x2 CMakeFiles/LL_API.dir/C_/Program_Files/pico-sdk/src/rp2_common/pico_stdio/stdio.c.obj
 .rodata.cyw43_read_bytes.str1.4
                0x1000854a       0x1a CMakeFiles/LL_API.dir/C_/Program_Files/pico-sdk/src/rp2_common/pico_cyw43_driver/cyw43_bus_pio_spi.c.obj
 .rodata.cyw43_write_bytes.str1.4
                0x1000854a        0xd CMakeFiles/LL_API.dir/C_/Program_Files/pico-sdk/src/rp2_common/pico_cyw43_driver/cyw43_bus_pio_spi.c.obj
 *fill*         0x1000854a        0x2 
 .rodata.spi_gap01_sample0_program
                0x1000854c        0x8 CMakeFiles/LL_API.dir/C_/Program_Files/pico-sdk/src/rp2_common/pico_cyw43_driver/cyw43_bus_pio_spi.c.obj
 .rodata.spi_gap01_sample0_program_instructions
                0x10008554        0xc CMakeFiles/LL_API.dir/C_/Program_Files/pico-sdk/src/rp2_common/pico_cyw43_driver/cyw43_bus_pio_spi.c.obj
 .rodata.cyw43_kso_set.str1.4
                0x10008560       0x23 CMakeFiles/LL_API.dir/C_/Program_Files/pico-sdk/lib/cyw43-driver/src/cyw43_ll.c.obj
 .rodata.cyw43_ll_sdpcm_poll_device.str1.4
                0x10008560       0x55 CMakeFiles/LL_API.dir/C_/Program_Files/pico-sdk/lib/cyw43-driver/src/cyw43_ll.c.obj
 .rodata.cyw43_sdpcm_send_common.str1.4
                0x10008560       0x22 CMakeFiles/LL_API.dir/C_/Program_Files/pico-sdk/lib/cyw43-driver/src/cyw43_ll.c.obj
 .rodata.cyw43_do_ioctl.part.0.str1.4
                0x10008560       0x53 CMakeFiles/LL_API.dir/C_/Program_Files/pico-sdk/lib/cyw43-driver/src/cyw43_ll.c.obj
 .rodata.reset_device_core.constprop.0.str1.4
                0x10008560       0x1a CMakeFiles/LL_API.dir/C_/Program_Files/pico-sdk/lib/cyw43-driver/src/cyw43_ll.c.obj
 .rodata.cyw43_ll_wifi_on.str1.4
                0x10008560       0x52 CMakeFiles/LL_API.dir/C_/Program_Files/pico-sdk/lib/cyw43-driver/src/cyw43_ll.c.obj
 .rodata.cyw43_ll_bus_init.str1.4
                0x10008560       0xea CMakeFiles/LL_API.dir/C_/Program_Files/pico-sdk/lib/cyw43-driver/src/cyw43_ll.c.obj
 .rodata.cyw43_ll_gpio_set.str1.4
                0x10008560        0x8 CMakeFiles/LL_API.dir/C_/Program_Files/pico-sdk/lib/cyw43-driver/src/cyw43_ll.c.obj
 .rodata.w43439A0_7_95_49_00_combined
                0x10008560    0x36fd8 CMakeFiles/LL_API.dir/C_/Program_Files/pico-sdk/lib/cyw43-driver/src/cyw43_ll.c.obj
 .rodata.wifi_nvram_4343
                0x1003f538      0x2e7 CMakeFiles/LL_API.dir/C_/Program_Files/pico-sdk/lib/cyw43-driver/src/cyw43_ll.c.obj
 *fill*         0x1003f81f        0x1 
 .rodata        0x1003f820       0x72 CMakeFiles/LL_API.dir/C_/Program_Files/pico-sdk/lib/cyw43-driver/src/cyw43_ll.c.obj
 .rodata.cyw43_cb_process_async_event.str1.4
                0x1003f892       0x28 CMakeFiles/LL_API.dir/C_/Program_Files/pico-sdk/lib/cyw43-driver/src/cyw43_ctrl.c.obj
 *fill*         0x1003f892        0x2 
 .rodata.cyw43_cb_process_async_event
                0x1003f894       0xc8 CMakeFiles/LL_API.dir/C_/Program_Files/pico-sdk/lib/cyw43-driver/src/cyw43_ctrl.c.obj
 .rodata.str1.4
                0x1003f95c       0x9e CMakeFiles/LL_API.dir/C_/Program_Files/pico-sdk/lib/cyw43-driver/src/cyw43_ctrl.c.obj
 .rodata.cyw43_async_event_name_table
                0x1003f95c      0x164 CMakeFiles/LL_API.dir/C_/Program_Files/pico-sdk/lib/cyw43-driver/src/cyw43_ctrl.c.obj
 .rodata.pio_claim_unused_sm.str1.4
                0x1003fac0       0x24 CMakeFiles/LL_API.dir/C_/Program_Files/pico-sdk/src/rp2_common/hardware_pio/pio.c.obj
 .rodata.dma_claim_unused_channel.str1.4
                0x1003fac0       0x1e CMakeFiles/LL_API.dir/C_/Program_Files/pico-sdk/src/rp2_common/hardware_dma/dma.c.obj
 .rodata.cyw43_cb_tcpip_set_link_up.str1.4
                0x1003fac0       0x20 CMakeFiles/LL_API.dir/C_/Program_Files/pico-sdk/src/rp2_common/pico_cyw43_driver/cyw43_driver.c.obj
 .rodata.async_context_threadsafe_background_lock_check.str1.4
                0x1003fac0       0x20 CMakeFiles/LL_API.dir/C_/Program_Files/pico-sdk/src/rp2_common/pico_async_context/async_context_threadsafe_background.c.obj
 .rodata.template
                0x1003fac0       0x38 CMakeFiles/LL_API.dir/C_/Program_Files/pico-sdk/src/rp2_common/pico_async_context/async_context_threadsafe_background.c.obj
                0x1003faf8                        . = ALIGN (0x4)
 *(SORT_BY_ALIGNMENT(SORT_BY_NAME(.flashdata*)))
                0x1003faf8                        . = ALIGN (0x4)

.ARM.extab
 *(.ARM.extab* .gnu.linkonce.armextab.*)
                0x1003faf8                        __exidx_start = .

.ARM.exidx
 *(.ARM.exidx* .gnu.linkonce.armexidx.*)
                0x1003faf8                        __exidx_end = .
                0x1003faf8                        . = ALIGN (0x4)
                0x1003faf8                        __binary_info_start = .

.binary_info    0x1003faf8       0x1c
 *(.binary_info.keep.*)
 .binary_info.keep.__bi_ptr84
                0x1003faf8        0x4 CMakeFiles/LL_API.dir/C_/Program_Files/pico-sdk/src/rp2_common/pico_standard_binary_info/standard_binary_info.c.obj
 .binary_info.keep.__bi_ptr78
                0x1003fafc        0x4 CMakeFiles/LL_API.dir/C_/Program_Files/pico-sdk/src/rp2_common/pico_standard_binary_info/standard_binary_info.c.obj
 .binary_info.keep.__bi_ptr54
                0x1003fb00        0x4 CMakeFiles/LL_API.dir/C_/Program_Files/pico-sdk/src/rp2_common/pico_standard_binary_info/standard_binary_info.c.obj
 .binary_info.keep.__bi_ptr48
                0x1003fb04        0x4 CMakeFiles/LL_API.dir/C_/Program_Files/pico-sdk/src/rp2_common/pico_standard_binary_info/standard_binary_info.c.obj
 .binary_info.keep.__bi_ptr42
                0x1003fb08        0x4 CMakeFiles/LL_API.dir/C_/Program_Files/pico-sdk/src/rp2_common/pico_standard_binary_info/standard_binary_info.c.obj
 .binary_info.keep.__bi_ptr34
                0x1003fb0c        0x4 CMakeFiles/LL_API.dir/C_/Program_Files/pico-sdk/src/rp2_common/pico_standard_binary_info/standard_binary_info.c.obj
 .binary_info.keep.__bi_ptr26
                0x1003fb10        0x4 CMakeFiles/LL_API.dir/C_/Program_Files/pico-sdk/src/rp2_common/pico_standard_binary_info/standard_binary_info.c.obj
 *(.binary_info.*)
                0x1003fb14                        __binary_info_end = .
                0x1003fb14                        . = ALIGN (0x4)

.ram_vector_table
                0x20000000       0xc0
 *(.ram_vector_table)
 .ram_vector_table
                0x20000000       0xc0 CMakeFiles/LL_API.dir/C_/Program_Files/pico-sdk/src/rp2_common/pico_runtime_init/runtime_init.c.obj
                0x20000000                ram_vector_table

.uninitialized_data
                0x200000c0        0x0
                0x200000c0                        . = ALIGN (0x4)
 *(.uninitialized_data*)

.data           0x200000c0      0x510 load address 0x1003fb14
                0x200000c0                        __data_start__ = .
 *(vtable)
 *(.time_critical*)
 .time_critical.sem_acquire_block_until
                0x200000c0       0x68 CMakeFiles/LL_API.dir/C_/Program_Files/pico-sdk/src/common/pico_sync/sem.c.obj
                0x200000c0                sem_acquire_block_until
 .time_critical.sem_release
                0x20000128       0x48 CMakeFiles/LL_API.dir/C_/Program_Files/pico-sdk/src/common/pico_sync/sem.c.obj
                0x20000128                sem_release
 .time_critical.recursive_mutex_enter_blocking
                0x20000170       0x50 CMakeFiles/LL_API.dir/C_/Program_Files/pico-sdk/src/common/pico_sync/mutex.c.obj
                0x20000170                recursive_mutex_enter_blocking
 .time_critical.mutex_try_enter_block_until
                0x200001c0       0x98 CMakeFiles/LL_API.dir/C_/Program_Files/pico-sdk/src/common/pico_sync/mutex.c.obj
                0x200001c0                mutex_try_enter_block_until
 .time_critical.recursive_mutex_try_enter
                0x20000258       0x50 CMakeFiles/LL_API.dir/C_/Program_Files/pico-sdk/src/common/pico_sync/mutex.c.obj
                0x20000258                recursive_mutex_try_enter
 .time_critical.mutex_exit
                0x200002a8       0x28 CMakeFiles/LL_API.dir/C_/Program_Files/pico-sdk/src/common/pico_sync/mutex.c.obj
                0x200002a8                mutex_exit
 .time_critical.recursive_mutex_exit
                0x200002d0       0x44 CMakeFiles/LL_API.dir/C_/Program_Files/pico-sdk/src/common/pico_sync/mutex.c.obj
                0x200002d0                recursive_mutex_exit
 .time_critical.flash_init_boot2_copyout
                0x20000314       0x30 CMakeFiles/LL_API.dir/C_/Program_Files/pico-sdk/src/rp2_common/hardware_flash/flash.c.obj
 .time_critical.flash_enable_xip_via_boot2
                0x20000344        0xc CMakeFiles/LL_API.dir/C_/Program_Files/pico-sdk/src/rp2_common/hardware_flash/flash.c.obj
 .time_critical.flash_save_hardware_state
                0x20000350       0x20 CMakeFiles/LL_API.dir/C_/Program_Files/pico-sdk/src/rp2_common/hardware_flash/flash.c.obj
 .time_critical.flash_restore_hardware_state
                0x20000370       0x20 CMakeFiles/LL_API.dir/C_/Program_Files/pico-sdk/src/rp2_common/hardware_flash/flash.c.obj
 .time_critical.flash_cs_force
                0x20000390       0x38 CMakeFiles/LL_API.dir/C_/Program_Files/pico-sdk/src/rp2_common/hardware_flash/flash.c.obj
 .time_critical.flash_do_cmd
                0x200003c8      0x13c CMakeFiles/LL_API.dir/C_/Program_Files/pico-sdk/src/rp2_common/hardware_flash/flash.c.obj
                0x200003c8                flash_do_cmd
 *(.text*)
 .text          0x20000504        0x4 C:/PROGRA~2/ARMGNU~1/142BCE~1.3RE/bin/../lib/gcc/arm-none-eabi/14.3.1/thumb/v6-m/nofp\libgcc.a(_dvmd_tls.o)
                0x20000504                __aeabi_idiv0
                0x20000504                __aeabi_ldiv0
 .text.__stub   0x20000508       0x10 linker stubs
                0x20000518                        . = ALIGN (0x4)
 *(.rodata*)
                0x20000518                        . = ALIGN (0x4)
 *(.data*)
 .data.striped_spin_lock_num
                0x20000518        0x1 CMakeFiles/LL_API.dir/C_/Program_Files/pico-sdk/src/rp2_common/hardware_sync/sync.c.obj
 *fill*         0x20000519        0x3 
 .data          0x2000051c       0x48 CMakeFiles/LL_API.dir/C_/Program_Files/pico-sdk/src/rp2_common/hardware_irq/irq_handler_chain.S.obj
                0x2000051c                irq_handler_chain_slots
                0x2000054c                irq_handler_chain_first_slot
                0x20000556                irq_handler_chain_remove_tail
 .data.default_alarm_pool
                0x20000564       0x18 CMakeFiles/LL_API.dir/C_/Program_Files/pico-sdk/src/common/pico_time/time.c.obj
 *fill*         0x2000057c        0x4 
 .data.aeabi_bits_funcs
                0x20000580       0x10 CMakeFiles/LL_API.dir/C_/Program_Files/pico-sdk/src/rp2_common/pico_bit_ops/bit_ops_aeabi.S.obj
                0x20000580                aeabi_bits_funcs
                0x20000590                aeabi_bits_funcs_end
 .data.aeabi_mem_funcs
                0x20000590       0x10 CMakeFiles/LL_API.dir/C_/Program_Files/pico-sdk/src/rp2_common/pico_mem_ops/mem_ops_aeabi.S.obj
                0x20000590                aeabi_mem_funcs
                0x200005a0                aeabi_mem_funcs_end
 .data.cyw43_poll_worker
                0x200005a0       0x10 CMakeFiles/LL_API.dir/C_/Program_Files/pico-sdk/src/rp2_common/pico_cyw43_driver/cyw43_driver.c.obj
 .data.sleep_timeout_worker
                0x200005b0       0x18 CMakeFiles/LL_API.dir/C_/Program_Files/pico-sdk/src/rp2_common/pico_cyw43_driver/cyw43_driver.c.obj
                0x200005c8                        . = ALIGN (0x4)
 *(.after_data.*)
                0x200005c8                        . = ALIGN (0x4)
                0x200005c8                        PROVIDE (__mutex_array_start = .)
 *(SORT_BY_NAME(.mutex_array.*))
 *(.mutex_array)
 .mutex_array   0x200005c8        0x8 CMakeFiles/LL_API.dir/C_/Program_Files/pico-sdk/src/rp2_common/pico_stdio/stdio.c.obj
                0x200005d0                        PROVIDE (__mutex_array_end = .)
                0x200005d0                        . = ALIGN (0x4)
 *(.jcr)
                0x200005d0                        . = ALIGN (0x4)

.tm_clone_table
                0x200005d0        0x0 load address 0x10040024
 .tm_clone_table
                0x200005d0        0x0 C:/PROGRA~2/ARMGNU~1/142BCE~1.3RE/bin/../lib/gcc/arm-none-eabi/14.3.1/thumb/v6-m/nofp/crtbegin.o
 .tm_clone_table
                0x200005d0        0x0 C:/PROGRA~2/ARMGNU~1/142BCE~1.3RE/bin/../lib/gcc/arm-none-eabi/14.3.1/thumb/v6-m/nofp/crtend.o

.igot.plt       0x200005d0        0x0 load address 0x10040024
 .igot.plt      0x200005d0        0x0 C:/PROGRA~2/ARMGNU~1/142BCE~1.3RE/bin/../lib/gcc/arm-none-eabi/14.3.1/thumb/v6-m/nofp/crtbegin.o

.tdata          0x200005d0        0x0 load address 0x10040024
                0x200005d0                        . = ALIGN (0x4)
 *(.tdata .tdata.* .gnu.linkonce.td.*)
                0x200005d0                        __tdata_end = .
                0x200005d0                        PROVIDE (__data_end__ = .)
                0x1003fb14                        __etext = LOADADDR (.data)

.tbss           0x200005d0        0x0 load address 0x10040024
                0x200005d0                        . = ALIGN (0x4)
                0x200005d0                        __bss_start__ = .
                0x200005d0                        __tls_base = .
 *(.tbss .tbss.* .gnu.linkonce.tb.*)
 *(.tcommon)
                0x200005d0                        __tls_end = .

.bss            0x200005d0      0xe68 load address 0x10040024
                0x200005d0                        . = ALIGN (0x4)
                0x200005d0                        __tbss_end = .
 *(SORT_BY_ALIGNMENT(SORT_BY_NAME(.bss*)))
 .bss.cyw43_async_context_threadsafe_background
                0x200005d0       0x48 CMakeFiles/LL_API.dir/C_/Program_Files/pico-sdk/src/rp2_common/pico_cyw43_arch/cyw43_arch_threadsafe_background.c.obj
 .bss.default_alarm_pool_entries
                0x20000618      0x180 CMakeFiles/LL_API.dir/C_/Program_Files/pico-sdk/src/common/pico_time/time.c.obj
 .bss.sd_table  0x20000798      0x100 CMakeFiles/LL_API.dir/C_/Program_Files/pico-sdk/src/rp2_common/pico_double/double_init_rom_rp2040.c.obj
                0x20000798                sd_table
 .bss._used_instruction_space
                0x20000898        0x8 CMakeFiles/LL_API.dir/C_/Program_Files/pico-sdk/src/rp2_common/hardware_pio/pio.c.obj
 .bss.async_context
                0x200008a0        0x4 CMakeFiles/LL_API.dir/C_/Program_Files/pico-sdk/src/rp2_common/pico_cyw43_arch/cyw43_arch.c.obj
 .bss.async_contexts_by_user_irq
                0x200008a4       0x18 CMakeFiles/LL_API.dir/C_/Program_Files/pico-sdk/src/rp2_common/pico_async_context/async_context_threadsafe_background.c.obj
 .bss.boot2_copyout
                0x200008bc      0x100 CMakeFiles/LL_API.dir/C_/Program_Files/pico-sdk/src/rp2_common/hardware_flash/flash.c.obj
 .bss.bus_data_instance
                0x200009bc       0x10 CMakeFiles/LL_API.dir/C_/Program_Files/pico-sdk/src/rp2_common/pico_cyw43_driver/cyw43_bus_pio_spi.c.obj
 .bss.claimed   0x200009cc        0x1 CMakeFiles/LL_API.dir/C_/Program_Files/pico-sdk/src/rp2_common/hardware_timer/timer.c.obj
 *fill*         0x200009cd        0x3 
 .bss.claimed   0x200009d0        0x1 CMakeFiles/LL_API.dir/C_/Program_Files/pico-sdk/src/rp2_common/hardware_pio/pio.c.obj
 *fill*         0x200009d1        0x3 
 .bss.configured_freq
                0x200009d4       0x28 CMakeFiles/LL_API.dir/C_/Program_Files/pico-sdk/src/rp2_common/hardware_clocks/clocks.c.obj
 .bss.cyw43_async_context
                0x200009fc        0x4 CMakeFiles/LL_API.dir/C_/Program_Files/pico-sdk/src/rp2_common/pico_cyw43_driver/cyw43_driver.c.obj
 .bss.cyw43_poll
                0x20000a00        0x4 CMakeFiles/LL_API.dir/C_/Program_Files/pico-sdk/lib/cyw43-driver/src/cyw43_ctrl.c.obj
                0x20000a00                cyw43_poll
 .bss.cyw43_sleep
                0x20000a04        0x4 CMakeFiles/LL_API.dir/C_/Program_Files/pico-sdk/lib/cyw43-driver/src/cyw43_ctrl.c.obj
                0x20000a04                cyw43_sleep
 .bss.cyw43_state
                0x20000a08      0x8dc CMakeFiles/LL_API.dir/C_/Program_Files/pico-sdk/lib/cyw43-driver/src/cyw43_ctrl.c.obj
                0x20000a08                cyw43_state
 .bss.drivers   0x200012e4        0x4 CMakeFiles/LL_API.dir/C_/Program_Files/pico-sdk/src/rp2_common/pico_stdio/stdio.c.obj
 .bss.filter    0x200012e8        0x4 CMakeFiles/LL_API.dir/C_/Program_Files/pico-sdk/src/rp2_common/pico_stdio/stdio.c.obj
 .bss.lazy_vsnprintf
                0x200012ec        0x4 CMakeFiles/LL_API.dir/C_/Program_Files/pico-sdk/src/rp2_common/pico_printf/printf.c.obj
 .bss.object.0  0x200012f0       0x18 C:/PROGRA~2/ARMGNU~1/142BCE~1.3RE/bin/../lib/gcc/arm-none-eabi/14.3.1/thumb/v6-m/nofp/crtbegin.o
 .bss.pools     0x20001308       0x10 CMakeFiles/LL_API.dir/C_/Program_Files/pico-sdk/src/common/pico_time/time.c.obj
 .bss.raw_irq_mask
                0x20001318        0x8 CMakeFiles/LL_API.dir/C_/Program_Files/pico-sdk/src/rp2_common/hardware_gpio/gpio.c.obj
 .bss.retrieved_id
                0x20001320        0x8 CMakeFiles/LL_API.dir/C_/Program_Files/pico-sdk/src/rp2_common/pico_unique_id/unique_id.c.obj
 .bss.sf_clz_func
                0x20001328        0x4 CMakeFiles/LL_API.dir/C_/Program_Files/pico-sdk/src/rp2_common/pico_double/double_init_rom_rp2040.c.obj
                0x20001328                sf_clz_func
 .bss.sf_table  0x2000132c      0x100 CMakeFiles/LL_API.dir/C_/Program_Files/pico-sdk/src/rp2_common/pico_float/float_init_rom_rp2040.c.obj
                0x2000132c                sf_table
 .bss.sleep_notifier
                0x2000142c        0x4 CMakeFiles/LL_API.dir/C_/Program_Files/pico-sdk/src/common/pico_time/time.c.obj
 .bss._claimed  0x20001430        0x2 CMakeFiles/LL_API.dir/C_/Program_Files/pico-sdk/src/rp2_common/hardware_dma/dma.c.obj
 .bss.last_spi_int.0
                0x20001432        0x2 CMakeFiles/LL_API.dir/C_/Program_Files/pico-sdk/lib/cyw43-driver/src/cyw43_ll.c.obj
 .bss.boot2_copyout_valid
                0x20001434        0x1 CMakeFiles/LL_API.dir/C_/Program_Files/pico-sdk/src/rp2_common/hardware_flash/flash.c.obj
 .bss.irq_handler_chain_free_slot_head
                0x20001435        0x1 CMakeFiles/LL_API.dir/C_/Program_Files/pico-sdk/src/rp2_common/hardware_irq/irq.c.obj
 .bss.user_irq_claimed
                0x20001436        0x1 CMakeFiles/LL_API.dir/C_/Program_Files/pico-sdk/src/rp2_common/hardware_irq/irq.c.obj
 *(COMMON)
                0x20001438                        . = ALIGN (0x4)
 *fill*         0x20001437        0x1 
                0x20001438                        __bss_end__ = .

.heap           0x20001438      0x800 load address 0x10040024
                0x20001438                        __end__ = .
                0x20001438                        end = __end__
 *(.heap*)
 .heap          0x20001438      0x800 CMakeFiles/LL_API.dir/C_/Program_Files/pico-sdk/src/rp2_common/pico_crt0/crt0.S.obj
                0x20040000                        __HeapLimit = (ORIGIN (RAM) + LENGTH (RAM))

.scratch_x      0x20040000        0x0 load address 0x10040024
                0x20040000                        __scratch_x_start__ = .
 *(.scratch_x.*)
                0x20040000                        . = ALIGN (0x4)
                0x20040000                        __scratch_x_end__ = .
                0x10040024                        __scratch_x_source__ = LOADADDR (.scratch_x)

.scratch_y      0x20041000        0x0 load address 0x10040024
                0x20041000                        __scratch_y_start__ = .
 *(.scratch_y.*)
                0x20041000                        . = ALIGN (0x4)
                0x20041000                        __scratch_y_end__ = .
                0x10040024                        __scratch_y_source__ = LOADADDR (.scratch_y)

.stack1_dummy
 *(.stack1*)

.stack_dummy    0x20041000      0x800
 *(.stack*)
 .stack         0x20041000      0x800 CMakeFiles/LL_API.dir/C_/Program_Files/pico-sdk/src/rp2_common/pico_crt0/crt0.S.obj

.rel.dyn        0x20041800        0x0
 .rel.iplt      0x20041800        0x0 C:/PROGRA~2/ARMGNU~1/142BCE~1.3RE/bin/../lib/gcc/arm-none-eabi/14.3.1/thumb/v6-m/nofp/crtbegin.o

.flash_end      0x10040024        0x0
 *(.embedded_end_block*)
                0x10040024                        PROVIDE (__flash_binary_end = .)
                0x20040000                        __StackLimit = (ORIGIN (RAM) + LENGTH (RAM))
                0x20041000                        __StackOneTop = (ORIGIN (SCRATCH_X) + LENGTH (SCRATCH_X))
                0x20042000                        __StackTop = (ORIGIN (SCRATCH_Y) + LENGTH (SCRATCH_Y))
                0x20041000                        __StackOneBottom = (__StackOneTop - SIZEOF (.stack1_dummy))
                0x20041800                        __StackBottom = (__StackTop - SIZEOF (.stack_dummy))
                0x20042000                        PROVIDE (__stack = __StackTop)
                [!provide]                        PROVIDE (__heap_start = __end__)
                [!provide]                        PROVIDE (__heap_end = __HeapLimit)
                [!provide]                        PROVIDE (__tls_align = MAX (ALIGNOF (.tdata), ALIGNOF (.tbss)))
                [!provide]                        PROVIDE (__tls_size_align = (((__tls_size + __tls_align) - 0x1) & ~ ((__tls_align - 0x1))))
                [!provide]                        PROVIDE (__arm32_tls_tcb_offset = MAX (0x8, __tls_align))
                [!provide]                        PROVIDE (_end = __end__)
                [!provide]                        PROVIDE (__llvm_libc_heap_limit = __HeapLimit)
                0x00000001                        ASSERT ((__StackLimit >= __HeapLimit), region RAM overflowed)
                0x00000001                        ASSERT (((__binary_info_header_end - __logical_binary_start) <= 0x100), Binary info must be in first 256 bytes of the binary)
LOAD CMakeFiles/LL_API.dir/main.c.obj
LOAD CMakeFiles/LL_API.dir/library/mylib/mylib.c.obj
LOAD CMakeFiles/LL_API.dir/C_/Program_Files/pico-sdk/src/rp2_common/pico_stdlib/stdlib.c.obj
LOAD CMakeFiles/LL_API.dir/C_/Program_Files/pico-sdk/src/rp2_common/hardware_gpio/gpio.c.obj
LOAD CMakeFiles/LL_API.dir/C_/Program_Files/pico-sdk/src/rp2040/pico_platform/platform.c.obj
LOAD CMakeFiles/LL_API.dir/C_/Program_Files/pico-sdk/src/rp2_common/pico_platform_common/common.c.obj
LOAD CMakeFiles/LL_API.dir/C_/Program_Files/pico-sdk/src/rp2_common/pico_platform_panic/panic.c.obj
LOAD CMakeFiles/LL_API.dir/C_/Program_Files/pico-sdk/src/common/hardware_claim/claim.c.obj
LOAD CMakeFiles/LL_API.dir/C_/Program_Files/pico-sdk/src/rp2_common/hardware_sync/sync.c.obj
LOAD CMakeFiles/LL_API.dir/C_/Program_Files/pico-sdk/src/rp2_common/hardware_sync_spin_lock/sync_spin_lock.c.obj
LOAD CMakeFiles/LL_API.dir/C_/Program_Files/pico-sdk/src/rp2_common/hardware_irq/irq.c.obj
LOAD CMakeFiles/LL_API.dir/C_/Program_Files/pico-sdk/src/rp2_common/hardware_irq/irq_handler_chain.S.obj
LOAD CMakeFiles/LL_API.dir/C_/Program_Files/pico-sdk/src/common/pico_sync/sem.c.obj
LOAD CMakeFiles/LL_API.dir/C_/Program_Files/pico-sdk/src/common/pico_sync/lock_core.c.obj
LOAD CMakeFiles/LL_API.dir/C_/Program_Files/pico-sdk/src/common/pico_sync/mutex.c.obj
LOAD CMakeFiles/LL_API.dir/C_/Program_Files/pico-sdk/src/common/pico_sync/critical_section.c.obj
LOAD CMakeFiles/LL_API.dir/C_/Program_Files/pico-sdk/src/common/pico_time/time.c.obj
LOAD CMakeFiles/LL_API.dir/C_/Program_Files/pico-sdk/src/common/pico_time/timeout_helper.c.obj
LOAD CMakeFiles/LL_API.dir/C_/Program_Files/pico-sdk/src/rp2_common/hardware_timer/timer.c.obj
LOAD CMakeFiles/LL_API.dir/C_/Program_Files/pico-sdk/src/common/pico_util/datetime.c.obj
LOAD CMakeFiles/LL_API.dir/C_/Program_Files/pico-sdk/src/common/pico_util/pheap.c.obj
LOAD CMakeFiles/LL_API.dir/C_/Program_Files/pico-sdk/src/common/pico_util/queue.c.obj
LOAD CMakeFiles/LL_API.dir/C_/Program_Files/pico-sdk/src/rp2_common/hardware_uart/uart.c.obj
LOAD CMakeFiles/LL_API.dir/C_/Program_Files/pico-sdk/src/rp2_common/hardware_clocks/clocks.c.obj
LOAD CMakeFiles/LL_API.dir/C_/Program_Files/pico-sdk/src/rp2_common/hardware_pll/pll.c.obj
LOAD CMakeFiles/LL_API.dir/C_/Program_Files/pico-sdk/src/rp2_common/hardware_vreg/vreg.c.obj
LOAD CMakeFiles/LL_API.dir/C_/Program_Files/pico-sdk/src/rp2_common/hardware_watchdog/watchdog.c.obj
LOAD CMakeFiles/LL_API.dir/C_/Program_Files/pico-sdk/src/rp2_common/hardware_ticks/ticks.c.obj
LOAD CMakeFiles/LL_API.dir/C_/Program_Files/pico-sdk/src/rp2_common/pico_bootrom/bootrom.c.obj
LOAD CMakeFiles/LL_API.dir/C_/Program_Files/pico-sdk/src/rp2_common/pico_bootrom/bootrom_lock.c.obj
LOAD CMakeFiles/LL_API.dir/C_/Program_Files/pico-sdk/src/rp2_common/hardware_boot_lock/boot_lock.c.obj
LOAD CMakeFiles/LL_API.dir/C_/Program_Files/pico-sdk/src/rp2_common/pico_flash/flash.c.obj
LOAD CMakeFiles/LL_API.dir/C_/Program_Files/pico-sdk/src/rp2_common/hardware_xosc/xosc.c.obj
LOAD CMakeFiles/LL_API.dir/C_/Program_Files/pico-sdk/src/rp2_common/hardware_divider/divider.S.obj
LOAD CMakeFiles/LL_API.dir/C_/Program_Files/pico-sdk/src/rp2_common/pico_runtime/runtime.c.obj
LOAD CMakeFiles/LL_API.dir/C_/Program_Files/pico-sdk/src/rp2_common/pico_runtime_init/runtime_init.c.obj
LOAD CMakeFiles/LL_API.dir/C_/Program_Files/pico-sdk/src/rp2_common/pico_runtime_init/runtime_init_clocks.c.obj
LOAD CMakeFiles/LL_API.dir/C_/Program_Files/pico-sdk/src/rp2_common/pico_runtime_init/runtime_init_stack_guard.c.obj
LOAD CMakeFiles/LL_API.dir/C_/Program_Files/pico-sdk/src/rp2_common/pico_bit_ops/bit_ops_aeabi.S.obj
LOAD CMakeFiles/LL_API.dir/C_/Program_Files/pico-sdk/src/rp2_common/pico_divider/divider_hardware.S.obj
LOAD CMakeFiles/LL_API.dir/C_/Program_Files/pico-sdk/src/rp2_common/pico_double/double_aeabi_rp2040.S.obj
LOAD CMakeFiles/LL_API.dir/C_/Program_Files/pico-sdk/src/rp2_common/pico_double/double_init_rom_rp2040.c.obj
LOAD CMakeFiles/LL_API.dir/C_/Program_Files/pico-sdk/src/rp2_common/pico_double/double_math.c.obj
LOAD CMakeFiles/LL_API.dir/C_/Program_Files/pico-sdk/src/rp2_common/pico_double/double_v1_rom_shim_rp2040.S.obj
LOAD CMakeFiles/LL_API.dir/C_/Program_Files/pico-sdk/src/rp2_common/pico_int64_ops/pico_int64_ops_aeabi.S.obj
LOAD CMakeFiles/LL_API.dir/C_/Program_Files/pico-sdk/src/rp2_common/pico_float/float_aeabi_rp2040.S.obj
LOAD CMakeFiles/LL_API.dir/C_/Program_Files/pico-sdk/src/rp2_common/pico_float/float_init_rom_rp2040.c.obj
LOAD CMakeFiles/LL_API.dir/C_/Program_Files/pico-sdk/src/rp2_common/pico_float/float_math.c.obj
LOAD CMakeFiles/LL_API.dir/C_/Program_Files/pico-sdk/src/rp2_common/pico_float/float_v1_rom_shim_rp2040.S.obj
LOAD CMakeFiles/LL_API.dir/C_/Program_Files/pico-sdk/src/rp2_common/pico_malloc/malloc.c.obj
LOAD CMakeFiles/LL_API.dir/C_/Program_Files/pico-sdk/src/rp2_common/pico_mem_ops/mem_ops_aeabi.S.obj
LOAD CMakeFiles/LL_API.dir/C_/Program_Files/pico-sdk/src/rp2_common/pico_atomic/atomic.c.obj
LOAD CMakeFiles/LL_API.dir/C_/Program_Files/pico-sdk/src/rp2_common/pico_cxx_options/new_delete.cpp.obj
LOAD CMakeFiles/LL_API.dir/C_/Program_Files/pico-sdk/src/rp2_common/pico_standard_binary_info/standard_binary_info.c.obj
LOAD CMakeFiles/LL_API.dir/C_/Program_Files/pico-sdk/src/rp2_common/pico_printf/printf.c.obj
LOAD CMakeFiles/LL_API.dir/C_/Program_Files/pico-sdk/src/rp2_common/pico_crt0/crt0.S.obj
LOAD CMakeFiles/LL_API.dir/C_/Program_Files/pico-sdk/src/rp2_common/pico_clib_interface/newlib_interface.c.obj
LOAD CMakeFiles/LL_API.dir/C_/Program_Files/pico-sdk/src/rp2_common/pico_stdio/stdio.c.obj
LOAD CMakeFiles/LL_API.dir/C_/Program_Files/pico-sdk/src/rp2_common/pico_stdio_uart/stdio_uart.c.obj
LOAD CMakeFiles/LL_API.dir/C_/Program_Files/pico-sdk/src/rp2_common/pico_stdio_usb/reset_interface.c.obj
LOAD CMakeFiles/LL_API.dir/C_/Program_Files/pico-sdk/src/rp2_common/pico_stdio_usb/stdio_usb.c.obj
LOAD CMakeFiles/LL_API.dir/C_/Program_Files/pico-sdk/src/rp2_common/pico_stdio_usb/stdio_usb_descriptors.c.obj
LOAD CMakeFiles/LL_API.dir/C_/Program_Files/pico-sdk/src/rp2_common/pico_unique_id/unique_id.c.obj
LOAD CMakeFiles/LL_API.dir/C_/Program_Files/pico-sdk/src/rp2_common/hardware_flash/flash.c.obj
LOAD CMakeFiles/LL_API.dir/C_/Program_Files/pico-sdk/src/rp2_common/hardware_xip_cache/xip_cache.c.obj
LOAD CMakeFiles/LL_API.dir/C_/Program_Files/pico-sdk/lib/tinyusb/src/portable/raspberrypi/rp2040/dcd_rp2040.c.obj
LOAD CMakeFiles/LL_API.dir/C_/Program_Files/pico-sdk/lib/tinyusb/src/portable/raspberrypi/rp2040/rp2040_usb.c.obj
LOAD CMakeFiles/LL_API.dir/C_/Program_Files/pico-sdk/lib/tinyusb/src/device/usbd.c.obj
LOAD CMakeFiles/LL_API.dir/C_/Program_Files/pico-sdk/lib/tinyusb/src/device/usbd_control.c.obj
LOAD CMakeFiles/LL_API.dir/C_/Program_Files/pico-sdk/lib/tinyusb/src/class/audio/audio_device.c.obj
LOAD CMakeFiles/LL_API.dir/C_/Program_Files/pico-sdk/lib/tinyusb/src/class/cdc/cdc_device.c.obj
LOAD CMakeFiles/LL_API.dir/C_/Program_Files/pico-sdk/lib/tinyusb/src/class/dfu/dfu_device.c.obj
LOAD CMakeFiles/LL_API.dir/C_/Program_Files/pico-sdk/lib/tinyusb/src/class/dfu/dfu_rt_device.c.obj
LOAD CMakeFiles/LL_API.dir/C_/Program_Files/pico-sdk/lib/tinyusb/src/class/hid/hid_device.c.obj
LOAD CMakeFiles/LL_API.dir/C_/Program_Files/pico-sdk/lib/tinyusb/src/class/midi/midi_device.c.obj
LOAD CMakeFiles/LL_API.dir/C_/Program_Files/pico-sdk/lib/tinyusb/src/class/msc/msc_device.c.obj
LOAD CMakeFiles/LL_API.dir/C_/Program_Files/pico-sdk/lib/tinyusb/src/class/net/ecm_rndis_device.c.obj
LOAD CMakeFiles/LL_API.dir/C_/Program_Files/pico-sdk/lib/tinyusb/src/class/net/ncm_device.c.obj
LOAD CMakeFiles/LL_API.dir/C_/Program_Files/pico-sdk/lib/tinyusb/src/class/usbtmc/usbtmc_device.c.obj
LOAD CMakeFiles/LL_API.dir/C_/Program_Files/pico-sdk/lib/tinyusb/src/class/vendor/vendor_device.c.obj
LOAD CMakeFiles/LL_API.dir/C_/Program_Files/pico-sdk/lib/tinyusb/src/class/video/video_device.c.obj
LOAD CMakeFiles/LL_API.dir/C_/Program_Files/pico-sdk/lib/tinyusb/src/tusb.c.obj
LOAD CMakeFiles/LL_API.dir/C_/Program_Files/pico-sdk/lib/tinyusb/src/common/tusb_fifo.c.obj
LOAD CMakeFiles/LL_API.dir/C_/Program_Files/pico-sdk/src/rp2_common/pico_fix/rp2040_usb_device_enumeration/rp2040_usb_device_enumeration.c.obj
LOAD CMakeFiles/LL_API.dir/C_/Program_Files/pico-sdk/src/rp2_common/hardware_adc/adc.c.obj
LOAD CMakeFiles/LL_API.dir/C_/Program_Files/pico-sdk/src/rp2_common/hardware_i2c/i2c.c.obj
LOAD CMakeFiles/LL_API.dir/C_/Program_Files/pico-sdk/src/rp2_common/hardware_spi/spi.c.obj
LOAD CMakeFiles/LL_API.dir/C_/Program_Files/pico-sdk/src/rp2_common/pico_cyw43_arch/cyw43_arch.c.obj
LOAD CMakeFiles/LL_API.dir/C_/Program_Files/pico-sdk/src/rp2_common/pico_cyw43_arch/cyw43_arch_poll.c.obj
LOAD CMakeFiles/LL_API.dir/C_/Program_Files/pico-sdk/src/rp2_common/pico_cyw43_arch/cyw43_arch_threadsafe_background.c.obj
LOAD CMakeFiles/LL_API.dir/C_/Program_Files/pico-sdk/src/rp2_common/pico_cyw43_arch/cyw43_arch_freertos.c.obj
LOAD CMakeFiles/LL_API.dir/C_/Program_Files/pico-sdk/src/rp2_common/pico_cyw43_driver/cyw43_bus_pio_spi.c.obj
LOAD CMakeFiles/LL_API.dir/C_/Program_Files/pico-sdk/lib/cyw43-driver/src/cyw43_ll.c.obj
LOAD CMakeFiles/LL_API.dir/C_/Program_Files/pico-sdk/lib/cyw43-driver/src/cyw43_stats.c.obj
LOAD CMakeFiles/LL_API.dir/C_/Program_Files/pico-sdk/lib/cyw43-driver/src/cyw43_lwip.c.obj
LOAD CMakeFiles/LL_API.dir/C_/Program_Files/pico-sdk/lib/cyw43-driver/src/cyw43_ctrl.c.obj
LOAD CMakeFiles/LL_API.dir/C_/Program_Files/pico-sdk/src/rp2_common/pico_cyw43_driver/cybt_shared_bus/cybt_shared_bus.c.obj
LOAD CMakeFiles/LL_API.dir/C_/Program_Files/pico-sdk/src/rp2_common/pico_cyw43_driver/cybt_shared_bus/cybt_shared_bus_driver.c.obj
LOAD CMakeFiles/LL_API.dir/C_/Program_Files/pico-sdk/src/rp2_common/hardware_pio/pio.c.obj
LOAD CMakeFiles/LL_API.dir/C_/Program_Files/pico-sdk/src/rp2_common/hardware_dma/dma.c.obj
LOAD CMakeFiles/LL_API.dir/C_/Program_Files/pico-sdk/src/rp2_common/hardware_exception/exception.c.obj
LOAD CMakeFiles/LL_API.dir/C_/Program_Files/pico-sdk/src/rp2_common/pico_cyw43_driver/cyw43_driver.c.obj
LOAD CMakeFiles/LL_API.dir/C_/Program_Files/pico-sdk/src/rp2_common/pico_async_context/async_context_threadsafe_background.c.obj
LOAD CMakeFiles/LL_API.dir/C_/Program_Files/pico-sdk/src/rp2_common/pico_async_context/async_context_base.c.obj
LOAD pico-sdk/src/rp2040/boot_stage2/CMakeFiles/bs2_default_library.dir/./bs2_default_padded_checksummed.S.obj
LOAD C:/PROGRA~2/ARMGNU~1/142BCE~1.3RE/bin/../lib/gcc/arm-none-eabi/14.3.1/../../../../arm-none-eabi/lib/thumb/v6-m/nofp\libstdc++.a
LOAD C:/PROGRA~2/ARMGNU~1/142BCE~1.3RE/bin/../lib/gcc/arm-none-eabi/14.3.1/../../../../arm-none-eabi/lib/thumb/v6-m/nofp\libm.a
START GROUP
LOAD C:/PROGRA~2/ARMGNU~1/142BCE~1.3RE/bin/../lib/gcc/arm-none-eabi/14.3.1/thumb/v6-m/nofp\libgcc.a
LOAD C:/PROGRA~2/ARMGNU~1/142BCE~1.3RE/bin/../lib/gcc/arm-none-eabi/14.3.1/../../../../arm-none-eabi/lib/thumb/v6-m/nofp\libg.a
LOAD C:/PROGRA~2/ARMGNU~1/142BCE~1.3RE/bin/../lib/gcc/arm-none-eabi/14.3.1/../../../../arm-none-eabi/lib/thumb/v6-m/nofp\libc.a
END GROUP
START GROUP
LOAD C:/PROGRA~2/ARMGNU~1/142BCE~1.3RE/bin/../lib/gcc/arm-none-eabi/14.3.1/thumb/v6-m/nofp\libgcc.a
LOAD C:/PROGRA~2/ARMGNU~1/142BCE~1.3RE/bin/../lib/gcc/arm-none-eabi/14.3.1/../../../../arm-none-eabi/lib/thumb/v6-m/nofp\libc.a
LOAD C:/PROGRA~2/ARMGNU~1/142BCE~1.3RE/bin/../lib/gcc/arm-none-eabi/14.3.1/../../../../arm-none-eabi/lib/thumb/v6-m/nofp\libnosys.a
END GROUP
LOAD C:/PROGRA~2/ARMGNU~1/142BCE~1.3RE/bin/../lib/gcc/arm-none-eabi/14.3.1/thumb/v6-m/nofp/crtend.o
LOAD C:/PROGRA~2/ARMGNU~1/142BCE~1.3RE/bin/../lib/gcc/arm-none-eabi/14.3.1/thumb/v6-m/nofp/crtn.o
OUTPUT(LL_API.elf elf32-littlearm)
LOAD linker stubs

.ARM.attributes
                0x00000000       0x28
 .ARM.attributes
                0x00000000       0x1e C:/PROGRA~2/ARMGNU~1/142BCE~1.3RE/bin/../lib/gcc/arm-none-eabi/14.3.1/thumb/v6-m/nofp/crti.o
 .ARM.attributes
                0x0000001e       0x2c C:/PROGRA~2/ARMGNU~1/142BCE~1.3RE/bin/../lib/gcc/arm-none-eabi/14.3.1/thumb/v6-m/nofp/crtbegin.o
 .ARM.attributes
                0x0000004a       0x2c CMakeFiles/LL_API.dir/main.c.obj
 .ARM.attributes