Archive member included to satisfy reference by file (symbol)

c:/progra~2/gnuarm~1/102020~1/bin/../lib/gcc/arm-none-eabi/10.2.1/thumb/v6-m/nofp\libgcc.a(_dvmd_tls.o)
                              CMakeFiles/mio_progetto.dir/C_/Program_Files/pico-sdk/src/rp2_common/pico_divider/divider_hardware.S.obj (__aeabi_idiv0)
c:/progra~2/gnuarm~1/102020~1/bin/../lib/gcc/arm-none-eabi/10.2.1/../../../../arm-none-eabi/lib/thumb/v6-m/nofp\libg.a(lib_a-atoi.o)
                              CMakeFiles/mio_progetto.dir/C_/Program_Files/pico-sdk/lib/lwip/src/core/netif.c.obj (atoi)
c:/progra~2/gnuarm~1/102020~1/bin/../lib/gcc/arm-none-eabi/10.2.1/../../../../arm-none-eabi/lib/thumb/v6-m/nofp\libg.a(lib_a-calloc.o)
                              CMakeFiles/mio_progetto.dir/C_/Program_Files/pico-sdk/src/rp2_common/pico_malloc/malloc.c.obj (calloc)
c:/progra~2/gnuarm~1/102020~1/bin/../lib/gcc/arm-none-eabi/10.2.1/../../../../arm-none-eabi/lib/thumb/v6-m/nofp\libg.a(lib_a-callocr.o)
                              c:/progra~2/gnuarm~1/102020~1/bin/../lib/gcc/arm-none-eabi/10.2.1/../../../../arm-none-eabi/lib/thumb/v6-m/nofp\libg.a(lib_a-calloc.o) (_calloc_r)
c:/progra~2/gnuarm~1/102020~1/bin/../lib/gcc/arm-none-eabi/10.2.1/../../../../arm-none-eabi/lib/thumb/v6-m/nofp\libg.a(lib_a-ctype_.o)
                              CMakeFiles/mio_progetto.dir/C_/Program_Files/pico-sdk/lib/lwip/src/core/dns.c.obj (_ctype_)
c:/progra~2/gnuarm~1/102020~1/bin/../lib/gcc/arm-none-eabi/10.2.1/../../../../arm-none-eabi/lib/thumb/v6-m/nofp\libg.a(lib_a-impure.o)
                              c:/progra~2/gnuarm~1/102020~1/bin/../lib/gcc/arm-none-eabi/10.2.1/../../../../arm-none-eabi/lib/thumb/v6-m/nofp\libg.a(lib_a-calloc.o) (_impure_ptr)
c:/progra~2/gnuarm~1/102020~1/bin/../lib/gcc/arm-none-eabi/10.2.1/../../../../arm-none-eabi/lib/thumb/v6-m/nofp\libg.a(lib_a-init.o)
                              c:/progra~2/gnuarm~1/102020~1/bin/../lib/gcc/arm-none-eabi/10.2.1/../../../../arm-none-eabi/lib/thumb/v6-m/nofp/crt0.o (__libc_init_array)
c:/progra~2/gnuarm~1/102020~1/bin/../lib/gcc/arm-none-eabi/10.2.1/../../../../arm-none-eabi/lib/thumb/v6-m/nofp\libg.a(lib_a-lcltime_r.o)
                              CMakeFiles/mio_progetto.dir/C_/Program_Files/pico-sdk/src/common/pico_util/datetime.c.obj (localtime_r)
c:/progra~2/gnuarm~1/102020~1/bin/../lib/gcc/arm-none-eabi/10.2.1/../../../../arm-none-eabi/lib/thumb/v6-m/nofp\libg.a(lib_a-malloc.o)
                              CMakeFiles/mio_progetto.dir/C_/Program_Files/pico-sdk/src/rp2_common/pico_malloc/malloc.c.obj (malloc)
c:/progra~2/gnuarm~1/102020~1/bin/../lib/gcc/arm-none-eabi/10.2.1/../../../../arm-none-eabi/lib/thumb/v6-m/nofp\libg.a(lib_a-mallocr.o)
                              c:/progra~2/gnuarm~1/102020~1/bin/../lib/gcc/arm-none-eabi/10.2.1/../../../../arm-none-eabi/lib/thumb/v6-m/nofp\libg.a(lib_a-callocr.o) (_malloc_r)
c:/progra~2/gnuarm~1/102020~1/bin/../lib/gcc/arm-none-eabi/10.2.1/../../../../arm-none-eabi/lib/thumb/v6-m/nofp\libg.a(lib_a-memcmp.o)
                              CMakeFiles/mio_progetto.dir/C_/Program_Files/pico-sdk/src/rp2_common/pico_atomic/atomic.c.obj (memcmp)
c:/progra~2/gnuarm~1/102020~1/bin/../lib/gcc/arm-none-eabi/10.2.1/../../../../arm-none-eabi/lib/thumb/v6-m/nofp\libg.a(lib_a-memmove.o)
                              CMakeFiles/mio_progetto.dir/C_/Program_Files/pico-sdk/lib/lwip/src/core/def.c.obj (memmove)
c:/progra~2/gnuarm~1/102020~1/bin/../lib/gcc/arm-none-eabi/10.2.1/../../../../arm-none-eabi/lib/thumb/v6-m/nofp\libg.a(lib_a-mktime.o)
                              CMakeFiles/mio_progetto.dir/C_/Program_Files/pico-sdk/src/common/pico_util/datetime.c.obj (mktime)
c:/progra~2/gnuarm~1/102020~1/bin/../lib/gcc/arm-none-eabi/10.2.1/../../../../arm-none-eabi/lib/thumb/v6-m/nofp\libg.a(lib_a-mlock.o)
                              c:/progra~2/gnuarm~1/102020~1/bin/../lib/gcc/arm-none-eabi/10.2.1/../../../../arm-none-eabi/lib/thumb/v6-m/nofp\libg.a(lib_a-mallocr.o) (__malloc_lock)
c:/progra~2/gnuarm~1/102020~1/bin/../lib/gcc/arm-none-eabi/10.2.1/../../../../arm-none-eabi/lib/thumb/v6-m/nofp\libg.a(lib_a-month_lengths.o)
                              c:/progra~2/gnuarm~1/102020~1/bin/../lib/gcc/arm-none-eabi/10.2.1/../../../../arm-none-eabi/lib/thumb/v6-m/nofp\libg.a(lib_a-lcltime_r.o) (__month_lengths)
c:/progra~2/gnuarm~1/102020~1/bin/../lib/gcc/arm-none-eabi/10.2.1/../../../../arm-none-eabi/lib/thumb/v6-m/nofp\libg.a(lib_a-realloc.o)
                              CMakeFiles/mio_progetto.dir/C_/Program_Files/pico-sdk/src/rp2_common/pico_malloc/malloc.c.obj (realloc)
c:/progra~2/gnuarm~1/102020~1/bin/../lib/gcc/arm-none-eabi/10.2.1/../../../../arm-none-eabi/lib/thumb/v6-m/nofp\libg.a(lib_a-reallocr.o)
                              c:/progra~2/gnuarm~1/102020~1/bin/../lib/gcc/arm-none-eabi/10.2.1/../../../../arm-none-eabi/lib/thumb/v6-m/nofp\libg.a(lib_a-realloc.o) (_realloc_r)
[...]
Memory Configuration

Name             Origin             Length             Attributes
FLASH            0x10000000         0x00200000         xr
RAM              0x20000000         0x00040000         xrw
SCRATCH_X        0x20040000         0x00001000         xrw
SCRATCH_Y        0x20041000         0x00001000         xrw
*default*        0x00000000         0xffffffff

Linker script and memory map

LOAD c:/progra~2/gnuarm~1/102020~1/bin/../lib/gcc/arm-none-eabi/10.2.1/thumb/v6-m/nofp/crti.o
LOAD c:/progra~2/gnuarm~1/102020~1/bin/../lib/gcc/arm-none-eabi/10.2.1/thumb/v6-m/nofp/crtbegin.o
LOAD c:/progra~2/gnuarm~1/102020~1/bin/../lib/gcc/arm-none-eabi/10.2.1/../../../../arm-none-eabi/lib/thumb/v6-m/nofp/crt0.o

.flash_begin    0x10000000        0x0
                0x10000000                __flash_binary_start = .

.boot2          0x10000000      0x100
                0x10000000                __boot2_start__ = .
 *(.boot2)
 .boot2         0x10000000      0x100 pico-sdk/src/rp2040/boot_stage2/CMakeFiles/bs2_default_library.dir/./bs2_default_padded_checksummed.S.obj
                0x10000100                __boot2_end__ = .
                0x00000001                ASSERT (((__boot2_end__ - __boot2_start__) == 0x100), ERROR: Pico second stage bootloader must be 256 bytes in size)

.text           0x10000100     0xe764
                0x10000100                __logical_binary_start = .
 *(.vectors)
 .vectors       0x10000100       0xd4 CMakeFiles/mio_progetto.dir/C_/Program_Files/pico-sdk/src/rp2_common/pico_crt0/crt0.S.obj
                0x10000100                __VECTOR_TABLE
                0x10000100                __vectors
                0x100001c0                isr_irq13
                0x100001c0                isr_irq27
                0x100001c0                isr_irq31
                0x100001c0                isr_irq12
                0x100001c0                isr_irq5
                0x100001c0                isr_irq11
                0x100001c0                isr_irq3
                0x100001c0                isr_irq23
                0x100001c0                __unhandled_user_irq
                0x100001c0                isr_irq26
                0x100001c0                isr_irq28
                0x100001c0                isr_irq19
                0x100001c0                isr_irq0
                0x100001c0                isr_irq6
                0x100001c0                isr_irq29
                0x100001c0                isr_irq16
                0x100001c0                isr_irq22
                0x100001c0                isr_irq18
                0x100001c0                isr_irq17
                0x100001c0                isr_irq14
                0x100001c0                __vectors_end
                0x100001c0                __default_isrs_start
                0x100001c0                isr_irq2
                0x100001c0                isr_irq10
                0x100001c0                isr_irq8
                0x100001c0                isr_irq24
                0x100001c0                isr_irq1
                0x100001c0                isr_irq7
                0x100001c0                isr_irq21
                0x100001c0                isr_irq20
                0x100001c0                isr_irq15
                0x100001c0                isr_irq25
                0x100001c0                isr_irq4
                0x100001c0                isr_irq30
                0x100001c0                isr_irq9
                0x100001c6                unhandled_user_irq_num_in_r0
                0x100001c8                isr_invalid
                0x100001ca                isr_nmi
                0x100001cc                isr_hardfault
                0x100001ce                isr_svcall
                0x100001d0                isr_pendsv
                0x100001d2                isr_systick
                0x100001d4                __default_isrs_end
 *(.binary_info_header)
 .binary_info_header
                0x100001d4       0x14 CMakeFiles/mio_progetto.dir/C_/Program_Files/pico-sdk/src/rp2_common/pico_crt0/crt0.S.obj
                0x100001e8                __binary_info_header_end = .
 *(.embedded_block)
                0x100001e8                __embedded_block_end = .
 *(.reset)
 .reset         0x100001e8       0x9c CMakeFiles/mio_progetto.dir/C_/Program_Files/pico-sdk/src/rp2_common/pico_crt0/crt0.S.obj
                0x100001e8                _entry_point
 *(.init)
 .init          0x10000284        0x4 c:/progra~2/gnuarm~1/102020~1/bin/../lib/gcc/arm-none-eabi/10.2.1/thumb/v6-m/nofp/crti.o
                0x10000284                _init
 *(EXCLUDE_FILE(*libm.a: *libc.a:*lib_a-mem*.o *libgcc.a:) .text*)
 .text          0x10000288       0x48 c:/progra~2/gnuarm~1/102020~1/bin/../lib/gcc/arm-none-eabi/10.2.1/thumb/v6-m/nofp/crtbegin.o
 .text.startup.main
                0x100002d0       0x3c CMakeFiles/mio_progetto.dir/main.c.obj
                0x100002d0                main
 .text.gpio_set_function
                0x1000030c       0x34 CMakeFiles/mio_progetto.dir/C_/Program_Files/pico-sdk/src/rp2_common/hardware_gpio/gpio.c.obj
                0x1000030c                gpio_set_function
 .text.gpio_set_pulls
                0x10000340       0x34 CMakeFiles/mio_progetto.dir/C_/Program_Files/pico-sdk/src/rp2_common/hardware_gpio/gpio.c.obj
                0x10000340                gpio_set_pulls
 .text.gpio_set_input_hysteresis_enabled
                0x10000374       0x28 CMakeFiles/mio_progetto.dir/C_/Program_Files/pico-sdk/src/rp2_common/hardware_gpio/gpio.c.obj
                0x10000374                gpio_set_input_hysteresis_enabled
 .text.gpio_set_irq_enabled
                0x1000039c       0x58 CMakeFiles/mio_progetto.dir/C_/Program_Files/pico-sdk/src/rp2_common/hardware_gpio/gpio.c.obj
                0x1000039c                gpio_set_irq_enabled
 .text.gpio_add_raw_irq_handler_with_order_priority_masked
                0x100003f4       0x44 CMakeFiles/mio_progetto.dir/C_/Program_Files/pico-sdk/src/rp2_common/hardware_gpio/gpio.c.obj
                0x100003f4                gpio_add_raw_irq_handler_with_order_priority_masked
 .text.gpio_remove_raw_irq_handler_masked
                0x10000438       0x20 CMakeFiles/mio_progetto.dir/C_/Program_Files/pico-sdk/src/rp2_common/hardware_gpio/gpio.c.obj
                0x10000438                gpio_remove_raw_irq_handler_masked
 .text.gpio_init
                0x10000458       0x40 CMakeFiles/mio_progetto.dir/C_/Program_Files/pico-sdk/src/rp2_common/hardware_gpio/gpio.c.obj
                0x10000458                gpio_init
 .text.rp2040_chip_version
                0x10000498        0xc CMakeFiles/mio_progetto.dir/C_/Program_Files/pico-sdk/src/rp2040/pico_platform/platform.c.obj
                0x10000498                rp2040_chip_version
 .text.panic    0x100004a4       0x30 CMakeFiles/mio_progetto.dir/C_/Program_Files/pico-sdk/src/rp2_common/pico_platform_panic/panic.c.obj
                0x100004a4                panic
 .text.hw_claim_lock
                0x100004d4       0x18 CMakeFiles/mio_progetto.dir/C_/Program_Files/pico-sdk/src/common/hardware_claim/claim.c.obj
                0x100004d4                hw_claim_lock
 .text.hw_claim_unlock
                0x100004ec       0x14 CMakeFiles/mio_progetto.dir/C_/Program_Files/pico-sdk/src/common/hardware_claim/claim.c.obj
                0x100004ec                hw_claim_unlock
 .text.hw_claim_or_assert
                0x10000500       0x44 CMakeFiles/mio_progetto.dir/C_/Program_Files/pico-sdk/src/common/hardware_claim/claim.c.obj
                0x10000500                hw_claim_or_assert
 .text.hw_claim_unused_from_range
                0x10000544       0x9c CMakeFiles/mio_progetto.dir/C_/Program_Files/pico-sdk/src/common/hardware_claim/claim.c.obj
                0x10000544                hw_claim_unused_from_range
 .text.hw_claim_clear
                0x100005e0       0x38 CMakeFiles/mio_progetto.dir/C_/Program_Files/pico-sdk/src/common/hardware_claim/claim.c.obj
                0x100005e0                hw_claim_clear
 .text.next_striped_spin_lock_num
                0x10000618       0x18 CMakeFiles/mio_progetto.dir/C_/Program_Files/pico-sdk/src/rp2_common/hardware_sync/sync.c.obj
                0x10000618                next_striped_spin_lock_num
 .text.spin_lock_claim_unused
                0x10000630       0x20 CMakeFiles/mio_progetto.dir/C_/Program_Files/pico-sdk/src/rp2_common/hardware_sync/sync.c.obj
                0x10000630                spin_lock_claim_unused
 .text.spin_locks_reset
                0x10000650       0x1c CMakeFiles/mio_progetto.dir/C_/Program_Files/pico-sdk/src/rp2_common/hardware_sync_spin_lock/sync_spin_lock.c.obj
                0x10000650                spin_locks_reset
 .text.runtime_init_per_core_irq_priorities
                0x1000066c       0x24 CMakeFiles/mio_progetto.dir/C_/Program_Files/pico-sdk/src/rp2_common/hardware_irq/irq.c.obj
                0x1000066c                runtime_init_per_core_irq_priorities
 .text.irq_set_enabled
                0x10000690       0x24 CMakeFiles/mio_progetto.dir/C_/Program_Files/pico-sdk/src/rp2_common/hardware_irq/irq.c.obj
                0x10000690                irq_set_enabled
 .text.irq_is_enabled
                0x100006b4       0x18 CMakeFiles/mio_progetto.dir/C_/Program_Files/pico-sdk/src/rp2_common/hardware_irq/irq.c.obj
                0x100006b4                irq_is_enabled
 .text.irq_set_pending
                0x100006cc       0x10 CMakeFiles/mio_progetto.dir/C_/Program_Files/pico-sdk/src/rp2_common/hardware_irq/irq.c.obj
                0x100006cc                irq_set_pending
 .text.irq_has_shared_handler
                0x100006dc       0x24 CMakeFiles/mio_progetto.dir/C_/Program_Files/pico-sdk/src/rp2_common/hardware_irq/irq.c.obj
                0x100006dc                irq_has_shared_handler
 .text.irq_set_exclusive_handler
                0x10000700       0x54 CMakeFiles/mio_progetto.dir/C_/Program_Files/pico-sdk/src/rp2_common/hardware_irq/irq.c.obj
                0x10000700                irq_set_exclusive_handler
 .text.irq_add_shared_handler
                0x10000754      0x1e8 CMakeFiles/mio_progetto.dir/C_/Program_Files/pico-sdk/src/rp2_common/hardware_irq/irq.c.obj
                0x10000754                irq_add_shared_handler
 .text.irq_remove_handler
                0x1000093c      0x1c4 CMakeFiles/mio_progetto.dir/C_/Program_Files/pico-sdk/src/rp2_common/hardware_irq/irq.c.obj
                0x1000093c                irq_remove_handler
 .text.irq_set_priority
                0x10000b00       0x28 CMakeFiles/mio_progetto.dir/C_/Program_Files/pico-sdk/src/rp2_common/hardware_irq/irq.c.obj
                0x10000b00                irq_set_priority
 .text.irq_add_tail_to_free_list
                0x10000b28       0xb4 CMakeFiles/mio_progetto.dir/C_/Program_Files/pico-sdk/src/rp2_common/hardware_irq/irq.c.obj
                0x10000b28                irq_add_tail_to_free_list
 .text.user_irq_unclaim
                0x10000bdc       0x14 CMakeFiles/mio_progetto.dir/C_/Program_Files/pico-sdk/src/rp2_common/hardware_irq/irq.c.obj
                0x10000bdc                user_irq_unclaim
 .text.user_irq_claim_unused
                0x10000bf0       0x28 CMakeFiles/mio_progetto.dir/C_/Program_Files/pico-sdk/src/rp2_common/hardware_irq/irq.c.obj
                0x10000bf0                user_irq_claim_unused
 .text.sem_init
                0x10000c18       0x20 CMakeFiles/mio_progetto.dir/C_/Program_Files/pico-sdk/src/common/pico_sync/sem.c.obj
                0x10000c18                sem_init
 .text.lock_init
                0x10000c38       0x10 CMakeFiles/mio_progetto.dir/C_/Program_Files/pico-sdk/src/common/pico_sync/lock_core.c.obj
                0x10000c38                lock_init
 .text.runtime_init_mutex
                0x10000c48       0x58 CMakeFiles/mio_progetto.dir/C_/Program_Files/pico-sdk/src/common/pico_sync/mutex.c.obj
                0x10000c48                runtime_init_mutex
 .text.mutex_init
                0x10000ca0       0x1c CMakeFiles/mio_progetto.dir/C_/Program_Files/pico-sdk/src/common/pico_sync/mutex.c.obj
                0x10000ca0                mutex_init
 .text.recursive_mutex_init
                0x10000cbc       0x1c CMakeFiles/mio_progetto.dir/C_/Program_Files/pico-sdk/src/common/pico_sync/mutex.c.obj
                0x10000cbc                recursive_mutex_init
 .text.critical_section_init
                0x10000cd8       0x20 CMakeFiles/mio_progetto.dir/C_/Program_Files/pico-sdk/src/common/pico_sync/critical_section.c.obj
                0x10000cd8                critical_section_init
 .text.critical_section_init_with_lock_num
                0x10000cf8       0x14 CMakeFiles/mio_progetto.dir/C_/Program_Files/pico-sdk/src/common/pico_sync/critical_section.c.obj
                0x10000cf8                critical_section_init_with_lock_num
 .text.sleep_until_callback
                0x10000d0c       0x30 CMakeFiles/mio_progetto.dir/C_/Program_Files/pico-sdk/src/common/pico_time/time.c.obj
 .text.alarm_pool_irq_handler
                0x10000d3c      0x308 CMakeFiles/mio_progetto.dir/C_/Program_Files/pico-sdk/src/common/pico_time/time.c.obj
 .text.runtime_init_default_alarm_pool
                0x10001044       0xdc CMakeFiles/mio_progetto.dir/C_/Program_Files/pico-sdk/src/common/pico_time/time.c.obj
                0x10001044                runtime_init_default_alarm_pool
 .text.alarm_pool_get_default
                0x10001120        0x8 CMakeFiles/mio_progetto.dir/C_/Program_Files/pico-sdk/src/common/pico_time/time.c.obj
                0x10001120                alarm_pool_get_default
 .text.alarm_pool_add_alarm_at
                0x10001128       0xc8 CMakeFiles/mio_progetto.dir/C_/Program_Files/pico-sdk/src/common/pico_time/time.c.obj
                0x10001128                alarm_pool_add_alarm_at
 .text.alarm_pool_add_alarm_at_force_in_context
                0x100011f0       0xb0 CMakeFiles/mio_progetto.dir/C_/Program_Files/pico-sdk/src/common/pico_time/time.c.obj
                0x100011f0                alarm_pool_add_alarm_at_force_in_context
 .text.alarm_pool_cancel_alarm
                0x100012a0       0x7c CMakeFiles/mio_progetto.dir/C_/Program_Files/pico-sdk/src/common/pico_time/time.c.obj
                0x100012a0                alarm_pool_cancel_alarm
 .text.alarm_pool_core_num
                0x1000131c        0x4 CMakeFiles/mio_progetto.dir/C_/Program_Files/pico-sdk/src/common/pico_time/time.c.obj
                0x1000131c                alarm_pool_core_num
 .text.sleep_until
                0x10001320       0xd0 CMakeFiles/mio_progetto.dir/C_/Program_Files/pico-sdk/src/common/pico_time/time.c.obj
                0x10001320                sleep_until
 .text.sleep_ms
                0x100013f0       0x34 CMakeFiles/mio_progetto.dir/C_/Program_Files/pico-sdk/src/common/pico_time/time.c.obj
                0x100013f0                sleep_ms
 .text.best_effort_wfe_or_timeout
                0x10001424       0xfc CMakeFiles/mio_progetto.dir/C_/Program_Files/pico-sdk/src/common/pico_time/time.c.obj
                0x10001424                best_effort_wfe_or_timeout
 .text.timer_hardware_alarm_claim
                0x10001520       0x14 CMakeFiles/mio_progetto.dir/C_/Program_Files/pico-sdk/src/rp2_common/hardware_timer/timer.c.obj
                0x10001520                timer_hardware_alarm_claim
 .text.timer_time_us_64
                0x10001534       0x10 CMakeFiles/mio_progetto.dir/C_/Program_Files/pico-sdk/src/rp2_common/hardware_timer/timer.c.obj
                0x10001534                timer_time_us_64
 .text.time_us_64
                0x10001544       0x14 CMakeFiles/mio_progetto.dir/C_/Program_Files/pico-sdk/src/rp2_common/hardware_timer/timer.c.obj
                0x10001544                time_us_64
 .text.busy_wait_until
                0x10001558       0x20 CMakeFiles/mio_progetto.dir/C_/Program_Files/pico-sdk/src/rp2_common/hardware_timer/timer.c.obj
                0x10001558                busy_wait_until
 .text.clock_configure_int_divider
                0x10001578       0xf4 CMakeFiles/mio_progetto.dir/C_/Program_Files/pico-sdk/src/rp2_common/hardware_clocks/clocks.c.obj
                0x10001578                clock_configure_int_divider
 .text.clock_configure_undivided
                0x1000166c       0xe8 CMakeFiles/mio_progetto.dir/C_/Program_Files/pico-sdk/src/rp2_common/hardware_clocks/clocks.c.obj
                0x1000166c                clock_configure_undivided
 .text.clock_get_hz
                0x10001754        0xc CMakeFiles/mio_progetto.dir/C_/Program_Files/pico-sdk/src/rp2_common/hardware_clocks/clocks.c.obj
                0x10001754                clock_get_hz
 .text.pll_init
                0x10001760       0xa0 CMakeFiles/mio_progetto.dir/C_/Program_Files/pico-sdk/src/rp2_common/hardware_pll/pll.c.obj
                0x10001760                pll_init
 .text.watchdog_reboot
                0x10001800       0x98 CMakeFiles/mio_progetto.dir/C_/Program_Files/pico-sdk/src/rp2_common/hardware_watchdog/watchdog.c.obj
                0x10001800                watchdog_reboot
 .text.tick_start
                0x10001898       0x10 CMakeFiles/mio_progetto.dir/C_/Program_Files/pico-sdk/src/rp2_common/hardware_ticks/ticks.c.obj
                0x10001898                tick_start
 .text.rom_func_lookup
                0x100018a8       0x10 CMakeFiles/mio_progetto.dir/C_/Program_Files/pico-sdk/src/rp2_common/pico_bootrom/bootrom.c.obj
                0x100018a8                rom_func_lookup
 .text.rom_data_lookup
                0x100018b8       0x10 CMakeFiles/mio_progetto.dir/C_/Program_Files/pico-sdk/src/rp2_common/pico_bootrom/bootrom.c.obj
                0x100018b8                rom_data_lookup
 .text.rom_funcs_lookup
                0x100018c8       0x44 CMakeFiles/mio_progetto.dir/C_/Program_Files/pico-sdk/src/rp2_common/pico_bootrom/bootrom.c.obj
                0x100018c8                rom_funcs_lookup
 .text.rom_reset_usb_boot_extra
                0x1000190c       0x28 CMakeFiles/mio_progetto.dir/C_/Program_Files/pico-sdk/src/rp2_common/pico_bootrom/bootrom.c.obj
                0x1000190c                rom_reset_usb_boot_extra
 .text.xosc_init
                0x10001934       0x28 CMakeFiles/mio_progetto.dir/C_/Program_Files/pico-sdk/src/rp2_common/hardware_xosc/xosc.c.obj
                0x10001934                xosc_init
 .text.first_per_core_initializer
                0x1000195c        0x4 CMakeFiles/mio_progetto.dir/C_/Program_Files/pico-sdk/src/rp2_common/pico_runtime/runtime.c.obj
 .text.hard_assertion_failure
                0x10001960        0xc CMakeFiles/mio_progetto.dir/C_/Program_Files/pico-sdk/src/rp2_common/pico_runtime/runtime.c.obj
                0x10001960                hard_assertion_failure
 .text.runtime_run_initializers
                0x1000196c       0x28 CMakeFiles/mio_progetto.dir/C_/Program_Files/pico-sdk/src/rp2_common/pico_runtime/runtime.c.obj
                0x1000196c                runtime_run_initializers
 .text.runtime_init_early_resets
                0x10001994       0x2c CMakeFiles/mio_progetto.dir/C_/Program_Files/pico-sdk/src/rp2_common/pico_runtime_init/runtime_init.c.obj
                0x10001994                runtime_init_early_resets
 .text.runtime_init_usb_power_down
                0x100019c0       0x1c CMakeFiles/mio_progetto.dir/C_/Program_Files/pico-sdk/src/rp2_common/pico_runtime_init/runtime_init.c.obj
                0x100019c0                runtime_init_usb_power_down
 .text.runtime_init_post_clock_resets
                0x100019dc       0x20 CMakeFiles/mio_progetto.dir/C_/Program_Files/pico-sdk/src/rp2_common/pico_runtime_init/runtime_init.c.obj
                0x100019dc                runtime_init_post_clock_resets
 .text.runtime_init_rp2040_gpio_ie_disable
                0x100019fc       0x14 CMakeFiles/mio_progetto.dir/C_/Program_Files/pico-sdk/src/rp2_common/pico_runtime_init/runtime_init.c.obj
                0x100019fc                runtime_init_rp2040_gpio_ie_disable
 .text.runtime_init_spin_locks_reset
                0x10001a10        0x8 CMakeFiles/mio_progetto.dir/C_/Program_Files/pico-sdk/src/rp2_common/pico_runtime_init/runtime_init.c.obj
                0x10001a10                runtime_init_spin_locks_reset
 .text.runtime_init_install_ram_vector_table
                0x10001a18       0xcc CMakeFiles/mio_progetto.dir/C_/Program_Files/pico-sdk/src/rp2_common/pico_runtime_init/runtime_init.c.obj
                0x10001a18                runtime_init_install_ram_vector_table
 .text.runtime_init_clocks
                0x10001ae4       0xd8 CMakeFiles/mio_progetto.dir/C_/Program_Files/pico-sdk/src/rp2_common/pico_runtime_init/runtime_init_clocks.c.obj
                0x10001ae4                runtime_init_clocks
 .text          0x10001bbc       0x10 CMakeFiles/mio_progetto.dir/C_/Program_Files/pico-sdk/src/rp2_common/pico_bit_ops/bit_ops_aeabi.S.obj
 .text.ctzsi    0x10001bcc        0xc CMakeFiles/mio_progetto.dir/C_/Program_Files/pico-sdk/src/rp2_common/pico_bit_ops/bit_ops_aeabi.S.obj
                0x10001bcc                __wrap___ctzsi2
 .text.__wrap___aeabi_idiv
                0x10001bd8       0x50 CMakeFiles/mio_progetto.dir/C_/Program_Files/pico-sdk/src/rp2_common/pico_divider/divider_hardware.S.obj
                0x10001bd8                __wrap___aeabi_idivmod
                0x10001bd8                divmod_s32s32
                0x10001bd8                div_s32s32
                0x10001bd8                __wrap___aeabi_idiv
                0x10001be0                divmod_s32s32_unsafe
                0x10001c0c                divmod_s32s32_savestate
 .text.__wrap___aeabi_uidiv
                0x10001c28       0x4c CMakeFiles/mio_progetto.dir/C_/Program_Files/pico-sdk/src/rp2_common/pico_divider/divider_hardware.S.obj
                0x10001c28                __wrap___aeabi_uidiv
                0x10001c28                __wrap___aeabi_uidivmod
                0x10001c28                div_u32u32
                0x10001c28                divmod_u32u32
                0x10001c30                divmod_u32u32_unsafe
                0x10001c58                divmod_u32u32_savestate
 .text.__wrap___aeabi_ldiv
                0x10001c74      0x424 CMakeFiles/mio_progetto.dir/C_/Program_Files/pico-sdk/src/rp2_common/pico_divider/divider_hardware.S.obj
                0x10001c74                div_s64s64
                0x10001c74                divmod_s64s64
                0x10001c74                __wrap___aeabi_ldivmod
                0x10001ca4                divmod_u64u64
                0x10001ca4                div_u64u64
                0x10001ca4                __wrap___aeabi_uldivmod
                0x10001cb4                divmod_u64u64_savestate
                0x10001cd4                divmod_s64s64_unsafe
                0x10001d5c                divmod_u64u64_unsafe
 .text.__wrap___aeabi_darithmetic
                0x10002098       0x60 CMakeFiles/mio_progetto.dir/C_/Program_Files/pico-sdk/src/rp2_common/pico_double/double_aeabi_rp2040.S.obj
                0x10002098                __wrap___aeabi_drsub
                0x1000209e                __wrap___aeabi_dsub
                0x100020a8                __wrap___aeabi_dadd
                0x100020b2                __wrap___aeabi_ddiv
                0x100020e6                __wrap___aeabi_dmul
 .text.__wrap___aeabi_cdcmple
                0x100020f8       0x6c CMakeFiles/mio_progetto.dir/C_/Program_Files/pico-sdk/src/rp2_common/pico_double/double_aeabi_rp2040.S.obj
                0x100020f8                __wrap___aeabi_cdrcmple
                0x10002108                __wrap___aeabi_cdcmpeq
                0x10002108                __wrap___aeabi_cdcmple
 .text.__wrap___aeabi_dcmplt
                0x10002164        0xc CMakeFiles/mio_progetto.dir/C_/Program_Files/pico-sdk/src/rp2_common/pico_double/double_aeabi_rp2040.S.obj
                0x10002164                __wrap___aeabi_dcmplt
 .text.__wrap___aeabi_dcmple
                0x10002170       0x10 CMakeFiles/mio_progetto.dir/C_/Program_Files/pico-sdk/src/rp2_common/pico_double/double_aeabi_rp2040.S.obj
                0x10002170                __wrap___aeabi_dcmple
 .text.__wrap___aeabi_dcmpge
                0x10002180       0x10 CMakeFiles/mio_progetto.dir/C_/Program_Files/pico-sdk/src/rp2_common/pico_double/double_aeabi_rp2040.S.obj
                0x10002180                __wrap___aeabi_dcmpge
 .text.__wrap___aeabi_dcmpgt
                0x10002190        0xa CMakeFiles/mio_progetto.dir/C_/Program_Files/pico-sdk/src/rp2_common/pico_double/double_aeabi_rp2040.S.obj
                0x10002190                __wrap___aeabi_dcmpgt
 .text.__wrap___aeabi_dcmpun
                0x1000219a       0x18 CMakeFiles/mio_progetto.dir/C_/Program_Files/pico-sdk/src/rp2_common/pico_double/double_aeabi_rp2040.S.obj
                0x1000219a                __wrap___aeabi_dcmpun
 *fill*         0x100021b2        0x2 
 .text.__wrap___aeabi_i2d
                0x100021b4       0x38 CMakeFiles/mio_progetto.dir/C_/Program_Files/pico-sdk/src/rp2_common/pico_double/double_aeabi_rp2040.S.obj
                0x100021b4                uint2double
                0x100021b4                __wrap___aeabi_ui2d
                0x100021bc                int2double
                0x100021bc                __wrap___aeabi_i2d
 .text.__wrap___aeabi_d2iz
                0x100021ec       0x48 CMakeFiles/mio_progetto.dir/C_/Program_Files/pico-sdk/src/rp2_common/pico_double/double_aeabi_rp2040.S.obj
                0x100021ec                double2int_z
                0x100021ec                __wrap___aeabi_d2iz
 .text.__wrap___aeabi_d2uiz
                0x10002234       0x10 CMakeFiles/mio_progetto.dir/C_/Program_Files/pico-sdk/src/rp2_common/pico_double/double_aeabi_rp2040.S.obj
                0x10002234                double2uint
                0x10002234                __wrap___aeabi_d2uiz
                0x10002234                double2uint_z
 .text.missing_double_func_shim
                0x10002244        0xc CMakeFiles/mio_progetto.dir/C_/Program_Files/pico-sdk/src/rp2_common/pico_double/double_init_rom_rp2040.c.obj
 .text.__aeabi_double_init
                0x10002250       0xa4 CMakeFiles/mio_progetto.dir/C_/Program_Files/pico-sdk/src/rp2_common/pico_double/double_init_rom_rp2040.c.obj
                0x10002250                __aeabi_double_init
 .text.double_table_shim_on_use_helper
                0x100022f4       0x2c CMakeFiles/mio_progetto.dir/C_/Program_Files/pico-sdk/src/rp2_common/pico_double/double_v1_rom_shim_rp2040.S.obj
                0x100022f4                double_table_shim_on_use_helper
 .text.__aeabi_lmul
                0x10002320       0x32 CMakeFiles/mio_progetto.dir/C_/Program_Files/pico-sdk/src/rp2_common/pico_int64_ops/pico_int64_ops_aeabi.S.obj
                0x10002320                __wrap___aeabi_lmul
 *fill*         0x10002352        0x2 
 .text.missing_float_func_shim
                0x10002354        0xc CMakeFiles/mio_progetto.dir/C_/Program_Files/pico-sdk/src/rp2_common/pico_float/float_init_rom_rp2040.c.obj
 .text.__aeabi_float_init
                0x10002360       0x5c CMakeFiles/mio_progetto.dir/C_/Program_Files/pico-sdk/src/rp2_common/pico_float/float_init_rom_rp2040.c.obj
                0x10002360                __aeabi_float_init
 .text          0x100023bc       0x10 CMakeFiles/mio_progetto.dir/C_/Program_Files/pico-sdk/src/rp2_common/pico_mem_ops/mem_ops_aeabi.S.obj
                0x100023bc                __aeabi_mem_init
 .text.memset   0x100023cc        0xc CMakeFiles/mio_progetto.dir/C_/Program_Files/pico-sdk/src/rp2_common/pico_mem_ops/mem_ops_aeabi.S.obj
                0x100023cc                __wrap_memset
 .text.memcpy   0x100023d8        0xc CMakeFiles/mio_progetto.dir/C_/Program_Files/pico-sdk/src/rp2_common/pico_mem_ops/mem_ops_aeabi.S.obj
                0x100023d8                __wrap_memcpy
                0x100023d8                __wrap___aeabi_memcpy
 .text._out_null
                0x100023e4        0x4 CMakeFiles/mio_progetto.dir/C_/Program_Files/pico-sdk/src/rp2_common/pico_printf/printf.c.obj
 .text._out_rev
                0x100023e8       0x9c CMakeFiles/mio_progetto.dir/C_/Program_Files/pico-sdk/src/rp2_common/pico_printf/printf.c.obj
 .text._ntoa_format
                0x10002484      0x1cc CMakeFiles/mio_progetto.dir/C_/Program_Files/pico-sdk/src/rp2_common/pico_printf/printf.c.obj
 .text._out_char
                0x10002650       0x10 CMakeFiles/mio_progetto.dir/C_/Program_Files/pico-sdk/src/rp2_common/pico_printf/printf.c.obj
 .text._out_fct
                0x10002660       0x10 CMakeFiles/mio_progetto.dir/C_/Program_Files/pico-sdk/src/rp2_common/pico_printf/printf.c.obj
 .text._etoa    0x10002670      0x44c CMakeFiles/mio_progetto.dir/C_/Program_Files/pico-sdk/src/rp2_common/pico_printf/printf.c.obj
 .text._ftoa    0x10002abc      0x398 CMakeFiles/mio_progetto.dir/C_/Program_Files/pico-sdk/src/rp2_common/pico_printf/printf.c.obj
 .text._vsnprintf
                0x10002e54      0xb04 CMakeFiles/mio_progetto.dir/C_/Program_Files/pico-sdk/src/rp2_common/pico_printf/printf.c.obj
 .text.vfctprintf
                0x10003958       0x20 CMakeFiles/mio_progetto.dir/C_/Program_Files/pico-sdk/src/rp2_common/pico_printf/printf.c.obj
                0x10003958                vfctprintf
 .text.weak_raw_vprintf
                0x10003978       0x30 CMakeFiles/mio_progetto.dir/C_/Program_Files/pico-sdk/src/rp2_common/pico_printf/printf.c.obj
                0x10003978                weak_raw_vprintf
 .text._exit    0x100039a8        0x4 CMakeFiles/mio_progetto.dir/C_/Program_Files/pico-sdk/src/rp2_common/pico_clib_interface/newlib_interface.c.obj
                0x100039a8                _exit
 .text.exit     0x100039ac        0x8 CMakeFiles/mio_progetto.dir/C_/Program_Files/pico-sdk/src/rp2_common/pico_clib_interface/newlib_interface.c.obj
                0x100039ac                exit
 .text.runtime_init
                0x100039b4       0x2c CMakeFiles/mio_progetto.dir/C_/Program_Files/pico-sdk/src/rp2_common/pico_clib_interface/newlib_interface.c.obj
                0x100039b4                runtime_init
 .text.stdio_out_chars_no_crlf
                0x100039e0       0x10 CMakeFiles/mio_progetto.dir/C_/Program_Files/pico-sdk/src/rp2_common/pico_stdio/stdio.c.obj
 .text.stdio_out_chars_crlf
                0x100039f0       0xb4 CMakeFiles/mio_progetto.dir/C_/Program_Files/pico-sdk/src/rp2_common/pico_stdio/stdio.c.obj
 .text.stdio_buffered_printer
                0x10003aa4       0x64 CMakeFiles/mio_progetto.dir/C_/Program_Files/pico-sdk/src/rp2_common/pico_stdio/stdio.c.obj
 .text.stdio_put_string
                0x10003b08      0x100 CMakeFiles/mio_progetto.dir/C_/Program_Files/pico-sdk/src/rp2_common/pico_stdio/stdio.c.obj
                0x10003b08                stdio_put_string
 .text.stdio_set_driver_enabled
                0x10003c08       0x30 CMakeFiles/mio_progetto.dir/C_/Program_Files/pico-sdk/src/rp2_common/pico_stdio/stdio.c.obj
                0x10003c08                stdio_set_driver_enabled
 .text.stdio_init_all
                0x10003c38        0x8 CMakeFiles/mio_progetto.dir/C_/Program_Files/pico-sdk/src/rp2_common/pico_stdio/stdio.c.obj
                0x10003c38                stdio_init_all
 .text.__wrap_putchar
                0x10003c40       0x98 CMakeFiles/mio_progetto.dir/C_/Program_Files/pico-sdk/src/rp2_common/pico_stdio/stdio.c.obj
                0x10003c40                __wrap_putchar
                0x10003c40                stdio_putchar
 .text.__wrap_puts
                0x10003cd8       0x3c CMakeFiles/mio_progetto.dir/C_/Program_Files/pico-sdk/src/rp2_common/pico_stdio/stdio.c.obj
                0x10003cd8                stdio_puts
                0x10003cd8                __wrap_puts
 .text.__wrap_vprintf
                0x10003d14       0xd8 CMakeFiles/mio_progetto.dir/C_/Program_Files/pico-sdk/src/rp2_common/pico_stdio/stdio.c.obj
                0x10003d14                stdio_vprintf
                0x10003d14                __wrap_vprintf
 .text.__wrap_printf
                0x10003dec       0x18 CMakeFiles/mio_progetto.dir/C_/Program_Files/pico-sdk/src/rp2_common/pico_stdio/stdio.c.obj
                0x10003dec                __wrap_printf
                0x10003dec                stdio_printf
 .text.resetd_init
                0x10003e04        0x4 CMakeFiles/mio_progetto.dir/C_/Program_Files/pico-sdk/src/rp2_common/pico_stdio_usb/reset_interface.c.obj
 .text.resetd_reset
                0x10003e08        0xc CMakeFiles/mio_progetto.dir/C_/Program_Files/pico-sdk/src/rp2_common/pico_stdio_usb/reset_interface.c.obj
 .text.resetd_open
                0x10003e14       0x28 CMakeFiles/mio_progetto.dir/C_/Program_Files/pico-sdk/src/rp2_common/pico_stdio_usb/reset_interface.c.obj
 .text.resetd_xfer_cb
                0x10003e3c        0x4 CMakeFiles/mio_progetto.dir/C_/Program_Files/pico-sdk/src/rp2_common/pico_stdio_usb/reset_interface.c.obj
 .text.resetd_control_xfer_cb
                0x10003e40       0x60 CMakeFiles/mio_progetto.dir/C_/Program_Files/pico-sdk/src/rp2_common/pico_stdio_usb/reset_interface.c.obj
 .text.tud_descriptor_bos_cb
                0x10003ea0        0x8 CMakeFiles/mio_progetto.dir/C_/Program_Files/pico-sdk/src/rp2_common/pico_stdio_usb/reset_interface.c.obj
                0x10003ea0                tud_descriptor_bos_cb
 .text.tud_vendor_control_xfer_cb
                0x10003ea8       0x34 CMakeFiles/mio_progetto.dir/C_/Program_Files/pico-sdk/src/rp2_common/pico_stdio_usb/reset_interface.c.obj
                0x10003ea8                tud_vendor_control_xfer_cb
 .text.usbd_app_driver_get_cb
                0x10003edc        0xc CMakeFiles/mio_progetto.dir/C_/Program_Files/pico-sdk/src/rp2_common/pico_stdio_usb/reset_interface.c.obj
                0x10003edc                usbd_app_driver_get_cb
 .text.tud_cdc_line_coding_cb
                0x10003ee8       0x2c CMakeFiles/mio_progetto.dir/C_/Program_Files/pico-sdk/src/rp2_common/pico_stdio_usb/reset_interface.c.obj
                0x10003ee8                tud_cdc_line_coding_cb
 .text.stdio_usb_set_chars_available_callback
                0x10003f14       0x14 CMakeFiles/mio_progetto.dir/C_/Program_Files/pico-sdk/src/rp2_common/pico_stdio_usb/stdio_usb.c.obj
                0x10003f14                stdio_usb_set_chars_available_callback
 .text.usb_irq  0x10003f28       0x10 CMakeFiles/mio_progetto.dir/C_/Program_Files/pico-sdk/src/rp2_common/pico_stdio_usb/stdio_usb.c.obj
 .text.timer_task
                0x10003f38       0x64 CMakeFiles/mio_progetto.dir/C_/Program_Files/pico-sdk/src/rp2_common/pico_stdio_usb/stdio_usb.c.obj
 .text.stdio_usb_in_chars
                0x10003f9c       0x90 CMakeFiles/mio_progetto.dir/C_/Program_Files/pico-sdk/src/rp2_common/pico_stdio_usb/stdio_usb.c.obj
                0x10003f9c                stdio_usb_in_chars
 .text.stdio_usb_out_flush
                0x1000402c       0x50 CMakeFiles/mio_progetto.dir/C_/Program_Files/pico-sdk/src/rp2_common/pico_stdio_usb/stdio_usb.c.obj
 .text.stdio_usb_out_chars
                0x1000407c      0x100 CMakeFiles/mio_progetto.dir/C_/Program_Files/pico-sdk/src/rp2_common/pico_stdio_usb/stdio_usb.c.obj
 .text.low_priority_worker_irq
                0x1000417c       0xc8 CMakeFiles/mio_progetto.dir/C_/Program_Files/pico-sdk/src/rp2_common/pico_stdio_usb/stdio_usb.c.obj
 .text.stdio_usb_init
                0x10004244       0xe8 CMakeFiles/mio_progetto.dir/C_/Program_Files/pico-sdk/src/rp2_common/pico_stdio_usb/stdio_usb.c.obj
                0x10004244                stdio_usb_init
 .text.tud_descriptor_device_cb
                0x1000432c        0x8 CMakeFiles/mio_progetto.dir/C_/Program_Files/pico-sdk/src/rp2_common/pico_stdio_usb/stdio_usb_descriptors.c.obj
                0x1000432c                tud_descriptor_device_cb
 .text.tud_descriptor_configuration_cb
                0x10004334        0x8 CMakeFiles/mio_progetto.dir/C_/Program_Files/pico-sdk/src/rp2_common/pico_stdio_usb/stdio_usb_descriptors.c.obj
                0x10004334                tud_descriptor_configuration_cb
 .text.tud_descriptor_string_cb
                0x1000433c       0x74 CMakeFiles/mio_progetto.dir/C_/Program_Files/pico-sdk/src/rp2_common/pico_stdio_usb/stdio_usb_descriptors.c.obj
                0x1000433c                tud_descriptor_string_cb
 .text.startup._retrieve_unique_id_on_boot
                0x100043b0       0x10 CMakeFiles/mio_progetto.dir/C_/Program_Files/pico-sdk/src/rp2_common/pico_unique_id/unique_id.c.obj
 .text.pico_get_unique_board_id
                0x100043c0       0x10 CMakeFiles/mio_progetto.dir/C_/Program_Files/pico-sdk/src/rp2_common/pico_unique_id/unique_id.c.obj
                0x100043c0                pico_get_unique_board_id
 .text.pico_get_unique_board_id_string
                0x100043d0      0x1a8 CMakeFiles/mio_progetto.dir/C_/Program_Files/pico-sdk/src/rp2_common/pico_unique_id/unique_id.c.obj
                0x100043d0                pico_get_unique_board_id_string
 .text.flash_get_unique_id
                0x10004578       0x40 CMakeFiles/mio_progetto.dir/C_/Program_Files/pico-sdk/src/rp2_common/hardware_flash/flash.c.obj
                0x10004578                flash_get_unique_id
 .text.dcd_init
                0x100045b8       0x90 CMakeFiles/mio_progetto.dir/C_/Program_Files/pico-sdk/lib/tinyusb/src/portable/raspberrypi/rp2040/dcd_rp2040.c.obj
                0x100045b8                dcd_init
 .text.dcd_int_enable
                0x10004648        0xc CMakeFiles/mio_progetto.dir/C_/Program_Files/pico-sdk/lib/tinyusb/src/portable/raspberrypi/rp2040/dcd_rp2040.c.obj
                0x10004648                dcd_int_enable
 .text.dcd_set_address
                0x10004654       0x14 CMakeFiles/mio_progetto.dir/C_/Program_Files/pico-sdk/lib/tinyusb/src/portable/raspberrypi/rp2040/dcd_rp2040.c.obj
                0x10004654                dcd_set_address
 .text.dcd_sof_enable
                0x10004668       0x1c CMakeFiles/mio_progetto.dir/C_/Program_Files/pico-sdk/lib/tinyusb/src/portable/raspberrypi/rp2040/dcd_rp2040.c.obj
                0x10004668                dcd_sof_enable
 .text.dcd_edpt0_status_complete
                0x10004684       0x1c CMakeFiles/mio_progetto.dir/C_/Program_Files/pico-sdk/lib/tinyusb/src/portable/raspberrypi/rp2040/dcd_rp2040.c.obj
                0x10004684                dcd_edpt0_status_complete
 .text.dcd_edpt_open
                0x100046a0      0x114 CMakeFiles/mio_progetto.dir/C_/Program_Files/pico-sdk/lib/tinyusb/src/portable/raspberrypi/rp2040/dcd_rp2040.c.obj
                0x100046a0                dcd_edpt_open
 .text.dcd_edpt_close_all
                0x100047b4        0x8 CMakeFiles/mio_progetto.dir/C_/Program_Files/pico-sdk/lib/tinyusb/src/portable/raspberrypi/rp2040/dcd_rp2040.c.obj
                0x100047b4                dcd_edpt_close_all
 .text.dcd_edpt_xfer
                0x100047bc       0x24 CMakeFiles/mio_progetto.dir/C_/Program_Files/pico-sdk/lib/tinyusb/src/portable/raspberrypi/rp2040/dcd_rp2040.c.obj
                0x100047bc                dcd_edpt_xfer
 .text.dcd_edpt_stall
                0x100047e0       0x38 CMakeFiles/mio_progetto.dir/C_/Program_Files/pico-sdk/lib/tinyusb/src/portable/raspberrypi/rp2040/dcd_rp2040.c.obj
                0x100047e0                dcd_edpt_stall
 .text.dcd_edpt_clear_stall
                0x10004818       0x30 CMakeFiles/mio_progetto.dir/C_/Program_Files/pico-sdk/lib/tinyusb/src/portable/raspberrypi/rp2040/dcd_rp2040.c.obj
                0x10004818                dcd_edpt_clear_stall
 .text.rp2040_usb_init
                0x10004848       0x40 CMakeFiles/mio_progetto.dir/C_/Program_Files/pico-sdk/lib/tinyusb/src/portable/raspberrypi/rp2040/rp2040_usb.c.obj
                0x10004848                rp2040_usb_init
 .text.hw_endpoint_xfer_start
                0x10004888       0x50 CMakeFiles/mio_progetto.dir/C_/Program_Files/pico-sdk/lib/tinyusb/src/portable/raspberrypi/rp2040/rp2040_usb.c.obj
                0x10004888                hw_endpoint_xfer_start
 .text.tud_event_hook_cb
                0x100048d8        0x4 CMakeFiles/mio_progetto.dir/C_/Program_Files/pico-sdk/lib/tinyusb/src/device/usbd.c.obj
                0x100048d8                tud_event_hook_cb
 .text.tud_sof_cb
                0x100048dc        0x4 CMakeFiles/mio_progetto.dir/C_/Program_Files/pico-sdk/lib/tinyusb/src/device/usbd.c.obj
                0x100048dc                tud_sof_cb
 .text.tud_descriptor_device_qualifier_cb
                0x100048e0        0x4 CMakeFiles/mio_progetto.dir/C_/Program_Files/pico-sdk/lib/tinyusb/src/device/usbd.c.obj
                0x100048e0                tud_descriptor_device_qualifier_cb
 .text.tud_descriptor_other_speed_configuration_cb
                0x100048e4        0x4 CMakeFiles/mio_progetto.dir/C_/Program_Files/pico-sdk/lib/tinyusb/src/device/usbd.c.obj
                0x100048e4                tud_descriptor_other_speed_configuration_cb
 .text.tud_mount_cb
                0x100048e8        0x4 CMakeFiles/mio_progetto.dir/C_/Program_Files/pico-sdk/lib/tinyusb/src/device/usbd.c.obj
                0x100048e8                tud_mount_cb
 .text.tud_umount_cb
                0x100048ec        0x4 CMakeFiles/mio_progetto.dir/C_/Program_Files/pico-sdk/lib/tinyusb/src/device/usbd.c.obj
                0x100048ec                tud_umount_cb
 .text.tud_suspend_cb
                0x100048f0        0x4 CMakeFiles/mio_progetto.dir/C_/Program_Files/pico-sdk/lib/tinyusb/src/device/usbd.c.obj
                0x100048f0                tud_suspend_cb
 .text.tud_resume_cb
                0x100048f4        0x4 CMakeFiles/mio_progetto.dir/C_/Program_Files/pico-sdk/lib/tinyusb/src/device/usbd.c.obj
                0x100048f4                tud_resume_cb
 .text.tud_mounted
                0x100048f8       0x10 CMakeFiles/mio_progetto.dir/C_/Program_Files/pico-sdk/lib/tinyusb/src/device/usbd.c.obj
                0x100048f8                tud_mounted
 .text.tud_suspended
                0x10004908       0x10 CMakeFiles/mio_progetto.dir/C_/Program_Files/pico-sdk/lib/tinyusb/src/device/usbd.c.obj
                0x10004908                tud_suspended
 .text.tud_rhport_init
                0x10004918       0xf4 CMakeFiles/mio_progetto.dir/C_/Program_Files/pico-sdk/lib/tinyusb/src/device/usbd.c.obj
                0x10004918                tud_rhport_init
 .text.tud_task_ext
                0x10004a0c      0x800 CMakeFiles/mio_progetto.dir/C_/Program_Files/pico-sdk/lib/tinyusb/src/device/usbd.c.obj
                0x10004a0c                tud_task_ext
 .text.usbd_open_edpt_pair
                0x1000520c       0x9c CMakeFiles/mio_progetto.dir/C_/Program_Files/pico-sdk/lib/tinyusb/src/device/usbd.c.obj
                0x1000520c                usbd_open_edpt_pair
 .text.usbd_edpt_open
                0x100052a8       0x34 CMakeFiles/mio_progetto.dir/C_/Program_Files/pico-sdk/lib/tinyusb/src/device/usbd.c.obj
                0x100052a8                usbd_edpt_open
 .text.usbd_edpt_claim
                0x100052dc       0x28 CMakeFiles/mio_progetto.dir/C_/Program_Files/pico-sdk/lib/tinyusb/src/device/usbd.c.obj
                0x100052dc                usbd_edpt_claim
 .text.usbd_edpt_release
                0x10005304       0x28 CMakeFiles/mio_progetto.dir/C_/Program_Files/pico-sdk/lib/tinyusb/src/device/usbd.c.obj
                0x10005304                usbd_edpt_release
 .text.usbd_edpt_xfer
                0x1000532c       0x4c CMakeFiles/mio_progetto.dir/C_/Program_Files/pico-sdk/lib/tinyusb/src/device/usbd.c.obj
                0x1000532c                usbd_edpt_xfer
 .text.tud_control_status
                0x10005378       0x30 CMakeFiles/mio_progetto.dir/C_/Program_Files/pico-sdk/lib/tinyusb/src/device/usbd_control.c.obj
                0x10005378                tud_control_status
 .text.tud_control_xfer
                0x100053a8       0xbc CMakeFiles/mio_progetto.dir/C_/Program_Files/pico-sdk/lib/tinyusb/src/device/usbd_control.c.obj
                0x100053a8                tud_control_xfer
 .text.usbd_control_reset
                0x10005464       0x14 CMakeFiles/mio_progetto.dir/C_/Program_Files/pico-sdk/lib/tinyusb/src/device/usbd_control.c.obj
                0x10005464                usbd_control_reset
 .text.usbd_control_set_complete_callback
                0x10005478        0xc CMakeFiles/mio_progetto.dir/C_/Program_Files/pico-sdk/lib/tinyusb/src/device/usbd_control.c.obj
                0x10005478                usbd_control_set_complete_callback
 .text.usbd_control_set_request
                0x10005484       0x1c CMakeFiles/mio_progetto.dir/C_/Program_Files/pico-sdk/lib/tinyusb/src/device/usbd_control.c.obj
                0x10005484                usbd_control_set_request
 .text.usbd_control_xfer_cb
                0x100054a0       0xf0 CMakeFiles/mio_progetto.dir/C_/Program_Files/pico-sdk/lib/tinyusb/src/device/usbd_control.c.obj
                0x100054a0                usbd_control_xfer_cb
 .text._prep_out_transaction.isra.0
                0x10005590       0x6c CMakeFiles/mio_progetto.dir/C_/Program_Files/pico-sdk/lib/tinyusb/src/class/cdc/cdc_device.c.obj
 .text.tud_cdc_n_connected
                0x100055fc       0x2c CMakeFiles/mio_progetto.dir/C_/Program_Files/pico-sdk/lib/tinyusb/src/class/cdc/cdc_device.c.obj
                0x100055fc                tud_cdc_n_connected
 .text.tud_cdc_n_available
                0x10005628       0x18 CMakeFiles/mio_progetto.dir/C_/Program_Files/pico-sdk/lib/tinyusb/src/class/cdc/cdc_device.c.obj
                0x10005628                tud_cdc_n_available
 .text.tud_cdc_n_read
                0x10005640       0x94 CMakeFiles/mio_progetto.dir/C_/Program_Files/pico-sdk/lib/tinyusb/src/class/cdc/cdc_device.c.obj
                0x10005640                tud_cdc_n_read
 .text.tud_cdc_n_write_flush
                0x100056d4       0x78 CMakeFiles/mio_progetto.dir/C_/Program_Files/pico-sdk/lib/tinyusb/src/class/cdc/cdc_device.c.obj
                0x100056d4                tud_cdc_n_write_flush
 .text.tud_cdc_n_write
                0x1000574c       0x44 CMakeFiles/mio_progetto.dir/C_/Program_Files/pico-sdk/lib/tinyusb/src/class/cdc/cdc_device.c.obj
                0x1000574c                tud_cdc_n_write
 .text.tud_cdc_n_write_available
                0x10005790       0x18 CMakeFiles/mio_progetto.dir/C_/Program_Files/pico-sdk/lib/tinyusb/src/class/cdc/cdc_device.c.obj
                0x10005790                tud_cdc_n_write_available
 .text.cdcd_init
                0x100057a8       0x70 CMakeFiles/mio_progetto.dir/C_/Program_Files/pico-sdk/lib/tinyusb/src/class/cdc/cdc_device.c.obj
                0x100057a8                cdcd_init
 .text.cdcd_deinit
                0x10005818       0x24 CMakeFiles/mio_progetto.dir/C_/Program_Files/pico-sdk/lib/tinyusb/src/class/cdc/cdc_device.c.obj
                0x10005818                cdcd_deinit
 .text.cdcd_reset
                0x1000583c       0x4c CMakeFiles/mio_progetto.dir/C_/Program_Files/pico-sdk/lib/tinyusb/src/class/cdc/cdc_device.c.obj
                0x1000583c                cdcd_reset
 .text.cdcd_open
                0x10005888       0xa8 CMakeFiles/mio_progetto.dir/C_/Program_Files/pico-sdk/lib/tinyusb/src/class/cdc/cdc_device.c.obj
                0x10005888                cdcd_open
 .text.cdcd_control_xfer_cb
                0x10005930       0xe8 CMakeFiles/mio_progetto.dir/C_/Program_Files/pico-sdk/lib/tinyusb/src/class/cdc/cdc_device.c.obj
                0x10005930                cdcd_control_xfer_cb
 .text.cdcd_xfer_cb
                0x10005a18       0xfc CMakeFiles/mio_progetto.dir/C_/Program_Files/pico-sdk/lib/tinyusb/src/class/cdc/cdc_device.c.obj
                0x10005a18                cdcd_xfer_cb
 .text.vendord_init
                0x10005b14       0x5c CMakeFiles/mio_progetto.dir/C_/Program_Files/pico-sdk/lib/tinyusb/src/class/vendor/vendor_device.c.obj
                0x10005b14                vendord_init
 .text.vendord_deinit
                0x10005b70       0x1c CMakeFiles/mio_progetto.dir/C_/Program_Files/pico-sdk/lib/tinyusb/src/class/vendor/vendor_device.c.obj
                0x10005b70                vendord_deinit
 .text.vendord_reset
                0x10005b8c       0x28 CMakeFiles/mio_progetto.dir/C_/Program_Files/pico-sdk/lib/tinyusb/src/class/vendor/vendor_device.c.obj
                0x10005b8c                vendord_reset
 .text.vendord_open
                0x10005bb4      0x128 CMakeFiles/mio_progetto.dir/C_/Program_Files/pico-sdk/lib/tinyusb/src/class/vendor/vendor_device.c.obj
                0x10005bb4                vendord_open
 .text.vendord_xfer_cb
                0x10005cdc       0x9c CMakeFiles/mio_progetto.dir/C_/Program_Files/pico-sdk/lib/tinyusb/src/class/vendor/vendor_device.c.obj
                0x10005cdc                vendord_xfer_cb
 .text.tusb_rhport_init
                0x10005d78       0x48 CMakeFiles/mio_progetto.dir/C_/Program_Files/pico-sdk/lib/tinyusb/src/tusb.c.obj
                0x10005d78                tusb_rhport_init
 .text.tu_edpt_claim
                0x10005dc0       0x50 CMakeFiles/mio_progetto.dir/C_/Program_Files/pico-sdk/lib/tinyusb/src/tusb.c.obj
                0x10005dc0                tu_edpt_claim
 .text.tu_edpt_release
                0x10005e10       0x38 CMakeFiles/mio_progetto.dir/C_/Program_Files/pico-sdk/lib/tinyusb/src/tusb.c.obj
                0x10005e10                tu_edpt_release
 .text.tu_edpt_validate
                0x10005e48       0x78 CMakeFiles/mio_progetto.dir/C_/Program_Files/pico-sdk/lib/tinyusb/src/tusb.c.obj
                0x10005e48                tu_edpt_validate
 .text.tu_edpt_bind_driver
                0x10005ec0       0x34 CMakeFiles/mio_progetto.dir/C_/Program_Files/pico-sdk/lib/tinyusb/src/tusb.c.obj
                0x10005ec0                tu_edpt_bind_driver
 .text.tu_edpt_stream_init
                0x10005ef4       0x6c CMakeFiles/mio_progetto.dir/C_/Program_Files/pico-sdk/lib/tinyusb/src/tusb.c.obj
                0x10005ef4                tu_edpt_stream_init
 .text.tu_edpt_stream_deinit
                0x10005f60        0x4 CMakeFiles/mio_progetto.dir/C_/Program_Files/pico-sdk/lib/tinyusb/src/tusb.c.obj
                0x10005f60                tu_edpt_stream_deinit
 .text.tu_edpt_stream_write_zlp_if_needed
                0x10005f64       0x58 CMakeFiles/mio_progetto.dir/C_/Program_Files/pico-sdk/lib/tinyusb/src/tusb.c.obj
                0x10005f64                tu_edpt_stream_write_zlp_if_needed
 .text.tu_edpt_stream_write_xfer
                0x10005fbc       0x64 CMakeFiles/mio_progetto.dir/C_/Program_Files/pico-sdk/lib/tinyusb/src/tusb.c.obj
                0x10005fbc                tu_edpt_stream_write_xfer
 .text.tu_edpt_stream_read_xfer
                0x10006020       0xdc CMakeFiles/mio_progetto.dir/C_/Program_Files/pico-sdk/lib/tinyusb/src/tusb.c.obj
                0x10006020                tu_edpt_stream_read_xfer
 .text.tu_fifo_config
                0x100060fc       0x70 CMakeFiles/mio_progetto.dir/C_/Program_Files/pico-sdk/lib/tinyusb/src/common/tusb_fifo.c.obj
                0x100060fc                tu_fifo_config
 .text.tu_fifo_count
                0x1000616c       0x2c CMakeFiles/mio_progetto.dir/C_/Program_Files/pico-sdk/lib/tinyusb/src/common/tusb_fifo.c.obj
                0x1000616c                tu_fifo_count
 .text.tu_fifo_empty
                0x10006198       0x10 CMakeFiles/mio_progetto.dir/C_/Program_Files/pico-sdk/lib/tinyusb/src/common/tusb_fifo.c.obj
                0x10006198                tu_fifo_empty
 .text.tu_fifo_remaining
                0x100061a8       0x2c CMakeFiles/mio_progetto.dir/C_/Program_Files/pico-sdk/lib/tinyusb/src/common/tusb_fifo.c.obj
                0x100061a8                tu_fifo_remaining
 .text.tu_fifo_read
                0x100061d4       0xa0 CMakeFiles/mio_progetto.dir/C_/Program_Files/pico-sdk/lib/tinyusb/src/common/tusb_fifo.c.obj
                0x100061d4                tu_fifo_read
 .text.tu_fifo_read_n
                0x10006274       0xec CMakeFiles/mio_progetto.dir/C_/Program_Files/pico-sdk/lib/tinyusb/src/common/tusb_fifo.c.obj
                0x10006274                tu_fifo_read_n
 .text.tu_fifo_write
                0x10006360       0x88 CMakeFiles/mio_progetto.dir/C_/Program_Files/pico-sdk/lib/tinyusb/src/common/tusb_fifo.c.obj
                0x10006360                tu_fifo_write
 .text.tu_fifo_write_n
                0x100063e8      0x168 CMakeFiles/mio_progetto.dir/C_/Program_Files/pico-sdk/lib/tinyusb/src/common/tusb_fifo.c.obj
                0x100063e8                tu_fifo_write_n
 .text.tu_fifo_clear
                0x10006550       0x40 CMakeFiles/mio_progetto.dir/C_/Program_Files/pico-sdk/lib/tinyusb/src/common/tusb_fifo.c.obj
                0x10006550                tu_fifo_clear
 .text.tu_fifo_set_overwritable
                0x10006590       0x48 CMakeFiles/mio_progetto.dir/C_/Program_Files/pico-sdk/lib/tinyusb/src/common/tusb_fifo.c.obj
                0x10006590                tu_fifo_set_overwritable
 .text.lwip_timeout_reached
                0x100065d8        0x8 CMakeFiles/mio_progetto.dir/C_/Program_Files/pico-sdk/src/rp2_common/pico_lwip/lwip_nosys.c.obj
 .text.update_next_timeout
                0x100065e0       0x6c CMakeFiles/mio_progetto.dir/C_/Program_Files/pico-sdk/src/rp2_common/pico_lwip/lwip_nosys.c.obj
 .text.lwip_nosys_init
                0x1000664c       0x30 CMakeFiles/mio_progetto.dir/C_/Program_Files/pico-sdk/src/rp2_common/pico_lwip/lwip_nosys.c.obj
                0x1000664c                lwip_nosys_init
 .text.lwip_nosys_deinit
                0x1000667c       0x20 CMakeFiles/mio_progetto.dir/C_/Program_Files/pico-sdk/src/rp2_common/pico_lwip/lwip_nosys.c.obj
                0x1000667c                lwip_nosys_deinit
 .text.sys_arch_protect
                0x1000669c        0x4 CMakeFiles/mio_progetto.dir/C_/Program_Files/pico-sdk/src/rp2_common/pico_lwip/lwip_nosys.c.obj
                0x1000669c                sys_arch_protect
 .text.sys_arch_unprotect
                0x100066a0        0x4 CMakeFiles/mio_progetto.dir/C_/Program_Files/pico-sdk/src/rp2_common/pico_lwip/lwip_nosys.c.obj
                0x100066a0                sys_arch_unprotect
 .text.sys_now  0x100066a4       0x20 CMakeFiles/mio_progetto.dir/C_/Program_Files/pico-sdk/src/rp2_common/pico_lwip/lwip_nosys.c.obj
                0x100066a4                sys_now
 .text.async_context_base_add_at_time_worker
                0x100066c4       0x28 CMakeFiles/mio_progetto.dir/C_/Program_Files/pico-sdk/src/rp2_common/pico_async_context/async_context_base.c.obj
                0x100066c4                async_context_base_add_at_time_worker
 .text.async_context_base_remove_at_time_worker
                0x100066ec       0x28 CMakeFiles/mio_progetto.dir/C_/Program_Files/pico-sdk/src/rp2_common/pico_async_context/async_context_base.c.obj
                0x100066ec                async_context_base_remove_at_time_worker
 .text.async_context_base_add_when_pending_worker
                0x10006714       0x24 CMakeFiles/mio_progetto.dir/C_/Program_Files/pico-sdk/src/rp2_common/pico_async_context/async_context_base.c.obj
                0x10006714                async_context_base_add_when_pending_worker
 .text.async_context_base_remove_when_pending_worker
                0x10006738       0x28 CMakeFiles/mio_progetto.dir/C_/Program_Files/pico-sdk/src/rp2_common/pico_async_context/async_context_base.c.obj
                0x10006738                async_context_base_remove_when_pending_worker
 .text.async_context_base_execute_once
                0x10006760       0xe8 CMakeFiles/mio_progetto.dir/C_/Program_Files/pico-sdk/src/rp2_common/pico_async_context/async_context_base.c.obj
                0x10006760                async_context_base_execute_once
 .text.splitmix64
                0x10006848       0x5c CMakeFiles/mio_progetto.dir/C_/Program_Files/pico-sdk/src/rp2_common/pico_rand/rand.c.obj
 .text.xoroshiro128ss
                0x100068a4       0x90 CMakeFiles/mio_progetto.dir/C_/Program_Files/pico-sdk/src/rp2_common/pico_rand/rand.c.obj
 .text.get_rand_64
                0x10006934      0x484 CMakeFiles/mio_progetto.dir/C_/Program_Files/pico-sdk/src/rp2_common/pico_rand/rand.c.obj
                0x10006934                get_rand_64
 .text.get_rand_32
                0x10006db8        0x8 CMakeFiles/mio_progetto.dir/C_/Program_Files/pico-sdk/src/rp2_common/pico_rand/rand.c.obj
                0x10006db8                get_rand_32
 .text.lwip_init
                0x10006dc0       0x24 CMakeFiles/mio_progetto.dir/C_/Program_Files/pico-sdk/lib/lwip/src/core/init.c.obj
                0x10006dc0                lwip_init
 .text.lwip_htons
                0x10006de4        0x8 CMakeFiles/mio_progetto.dir/C_/Program_Files/pico-sdk/lib/lwip/src/core/def.c.obj
                0x10006de4                lwip_htons
 .text.lwip_htonl
                0x10006dec        0x4 CMakeFiles/mio_progetto.dir/C_/Program_Files/pico-sdk/lib/lwip/src/core/def.c.obj
                0x10006dec                lwip_htonl
 .text.dns_call_found
                0x10006df0      0x134 CMakeFiles/mio_progetto.dir/C_/Program_Files/pico-sdk/lib/lwip/src/core/dns.c.obj
 .text.dns_send.isra.0
                0x10006f24      0x168 CMakeFiles/mio_progetto.dir/C_/Program_Files/pico-sdk/lib/lwip/src/core/dns.c.obj
 .text.dns_init
                0x1000708c        0x4 CMakeFiles/mio_progetto.dir/C_/Program_Files/pico-sdk/lib/lwip/src/core/dns.c.obj
                0x1000708c                dns_init
 .text.dns_tmr  0x10007090      0x138 CMakeFiles/mio_progetto.dir/C_/Program_Files/pico-sdk/lib/lwip/src/core/dns.c.obj
                0x10007090                dns_tmr
 .text.lwip_standard_chksum
                0x100071c8       0x80 CMakeFiles/mio_progetto.dir/C_/Program_Files/pico-sdk/lib/lwip/src/core/inet_chksum.c.obj
                0x100071c8                lwip_standard_chksum
 .text.inet_chksum_pseudo
                0x10007248       0xb4 CMakeFiles/mio_progetto.dir/C_/Program_Files/pico-sdk/lib/lwip/src/core/inet_chksum.c.obj
                0x10007248                inet_chksum_pseudo
 .text.ip_chksum_pseudo
                0x100072fc       0x10 CMakeFiles/mio_progetto.dir/C_/Program_Files/pico-sdk/lib/lwip/src/core/inet_chksum.c.obj
                0x100072fc                ip_chksum_pseudo
 .text.inet_chksum
                0x1000730c       0x8c CMakeFiles/mio_progetto.dir/C_/Program_Files/pico-sdk/lib/lwip/src/core/inet_chksum.c.obj
                0x1000730c                inet_chksum
 .text.mem_init
                0x10007398       0x48 CMakeFiles/mio_progetto.dir/C_/Program_Files/pico-sdk/lib/lwip/src/core/mem.c.obj
                0x10007398                mem_init
 .text.mem_free
                0x100073e0      0x144 CMakeFiles/mio_progetto.dir/C_/Program_Files/pico-sdk/lib/lwip/src/core/mem.c.obj
                0x100073e0                mem_free
 .text.mem_trim
                0x10007524      0x148 CMakeFiles/mio_progetto.dir/C_/Program_Files/pico-sdk/lib/lwip/src/core/mem.c.obj
                0x10007524                mem_trim
 .text.mem_malloc
                0x1000766c      0x154 CMakeFiles/mio_progetto.dir/C_/Program_Files/pico-sdk/lib/lwip/src/core/mem.c.obj
                0x1000766c                mem_malloc
 .text.memp_init
                0x100077c0        0x4 CMakeFiles/mio_progetto.dir/C_/Program_Files/pico-sdk/lib/lwip/src/core/memp.c.obj
                0x100077c0                memp_init
 .text.memp_malloc
                0x100077c4       0x28 CMakeFiles/mio_progetto.dir/C_/Program_Files/pico-sdk/lib/lwip/src/core/memp.c.obj
                0x100077c4                memp_malloc
 .text.memp_free
                0x100077ec       0x1c CMakeFiles/mio_progetto.dir/C_/Program_Files/pico-sdk/lib/lwip/src/core/memp.c.obj
                0x100077ec                memp_free
 .text.netif_init
                0x10007808        0x4 CMakeFiles/mio_progetto.dir/C_/Program_Files/pico-sdk/lib/lwip/src/core/netif.c.obj
                0x10007808                netif_init
 .text.netif_remove
                0x1000780c       0x88 CMakeFiles/mio_progetto.dir/C_/Program_Files/pico-sdk/lib/lwip/src/core/netif.c.obj
                0x1000780c                netif_remove
 .text.netif_set_link_up
                0x10007894       0x38 CMakeFiles/mio_progetto.dir/C_/Program_Files/pico-sdk/lib/lwip/src/core/netif.c.obj
                0x10007894                netif_set_link_up
 .text.netif_set_link_down
                0x100078cc       0x14 CMakeFiles/mio_progetto.dir/C_/Program_Files/pico-sdk/lib/lwip/src/core/netif.c.obj
                0x100078cc                netif_set_link_down
 .text.netif_get_by_index
                0x100078e0       0x2c CMakeFiles/mio_progetto.dir/C_/Program_Files/pico-sdk/lib/lwip/src/core/netif.c.obj
                0x100078e0                netif_get_by_index
 .text.pbuf_free.part.0
                0x1000790c       0xa4 CMakeFiles/mio_progetto.dir/C_/Program_Files/pico-sdk/lib/lwip/src/core/pbuf.c.obj
 .text.pbuf_free_ooseq
                0x100079b0       0x34 CMakeFiles/mio_progetto.dir/C_/Program_Files/pico-sdk/lib/lwip/src/core/pbuf.c.obj
                0x100079b0                pbuf_free_ooseq
 .text.pbuf_alloc
                0x100079e4      0x11c CMakeFiles/mio_progetto.dir/C_/Program_Files/pico-sdk/lib/lwip/src/core/pbuf.c.obj
                0x100079e4                pbuf_alloc
 .text.pbuf_alloced_custom
                0x10007b00       0x34 CMakeFiles/mio_progetto.dir/C_/Program_Files/pico-sdk/lib/lwip/src/core/pbuf.c.obj
                0x10007b00                pbuf_alloced_custom
 .text.pbuf_realloc
                0x10007b34       0x8c CMakeFiles/mio_progetto.dir/C_/Program_Files/pico-sdk/lib/lwip/src/core/pbuf.c.obj
                0x10007b34                pbuf_realloc
 .text.pbuf_add_header
                0x10007bc0       0x54 CMakeFiles/mio_progetto.dir/C_/Program_Files/pico-sdk/lib/lwip/src/core/pbuf.c.obj
                0x10007bc0                pbuf_add_header
 .text.pbuf_free
                0x10007c14       0x18 CMakeFiles/mio_progetto.dir/C_/Program_Files/pico-sdk/lib/lwip/src/core/pbuf.c.obj
                0x10007c14                pbuf_free
 .text.pbuf_clen
                0x10007c2c       0x14 CMakeFiles/mio_progetto.dir/C_/Program_Files/pico-sdk/lib/lwip/src/core/pbuf.c.obj
                0x10007c2c                pbuf_clen
 .text.pbuf_ref
                0x10007c40       0x28 CMakeFiles/mio_progetto.dir/C_/Program_Files/pico-sdk/lib/lwip/src/core/pbuf.c.obj
                0x10007c40                pbuf_ref
 .text.pbuf_cat
                0x10007c68       0x4c CMakeFiles/mio_progetto.dir/C_/Program_Files/pico-sdk/lib/lwip/src/core/pbuf.c.obj
                0x10007c68                pbuf_cat
 .text.pbuf_chain
                0x10007cb4       0x70 CMakeFiles/mio_progetto.dir/C_/Program_Files/pico-sdk/lib/lwip/src/core/pbuf.c.obj
                0x10007cb4                pbuf_chain
 .text.pbuf_copy_partial_pbuf
                0x10007d24      0x13c CMakeFiles/mio_progetto.dir/C_/Program_Files/pico-sdk/lib/lwip/src/core/pbuf.c.obj
                0x10007d24                pbuf_copy_partial_pbuf
 .text.pbuf_copy_partial
                0x10007e60       0x70 CMakeFiles/mio_progetto.dir/C_/Program_Files/pico-sdk/lib/lwip/src/core/pbuf.c.obj
                0x10007e60                pbuf_copy_partial
 .text.pbuf_take
                0x10007ed0       0x78 CMakeFiles/mio_progetto.dir/C_/Program_Files/pico-sdk/lib/lwip/src/core/pbuf.c.obj
                0x10007ed0                pbuf_take
 .text.pbuf_take_at
                0x10007f48       0xc0 CMakeFiles/mio_progetto.dir/C_/Program_Files/pico-sdk/lib/lwip/src/core/pbuf.c.obj
                0x10007f48                pbuf_take_at
 .text.pbuf_put_at
                0x10008008       0x1c CMakeFiles/mio_progetto.dir/C_/Program_Files/pico-sdk/lib/lwip/src/core/pbuf.c.obj
                0x10008008                pbuf_put_at
 .text.raw_netif_ip_addr_changed
                0x10008024       0x40 CMakeFiles/mio_progetto.dir/C_/Program_Files/pico-sdk/lib/lwip/src/core/raw.c.obj
                0x10008024                raw_netif_ip_addr_changed
 .text.stats_init
                0x10008064        0x4 CMakeFiles/mio_progetto.dir/C_/Program_Files/pico-sdk/lib/lwip/src/core/stats.c.obj
                0x10008064                stats_init
 .text.tcp_close_shutdown_fin
                0x10008068       0x58 CMakeFiles/mio_progetto.dir/C_/Program_Files/pico-sdk/lib/lwip/src/core/tcp.c.obj
 .text.tcp_pcb_purge.part.0
                0x100080c0       0xc4 CMakeFiles/mio_progetto.dir/C_/Program_Files/pico-sdk/lib/lwip/src/core/tcp.c.obj
 .text.tcp_init
                0x10008184       0x20 CMakeFiles/mio_progetto.dir/C_/Program_Files/pico-sdk/lib/lwip/src/core/tcp.c.obj
                0x10008184                tcp_init
 .text.tcp_recved
                0x100081a4       0x90 CMakeFiles/mio_progetto.dir/C_/Program_Files/pico-sdk/lib/lwip/src/core/tcp.c.obj
                0x100081a4                tcp_recved
 .text.tcp_slowtmr
                0x10008234      0x4e0 CMakeFiles/mio_progetto.dir/C_/Program_Files/pico-sdk/lib/lwip/src/core/tcp.c.obj
                0x10008234                tcp_slowtmr
 .text.tcp_seg_free
                0x10008714       0x1c CMakeFiles/mio_progetto.dir/C_/Program_Files/pico-sdk/lib/lwip/src/core/tcp.c.obj
                0x10008714                tcp_seg_free
 .text.tcp_pcb_remove
                0x10008730       0xc8 CMakeFiles/mio_progetto.dir/C_/Program_Files/pico-sdk/lib/lwip/src/core/tcp.c.obj
                0x10008730                tcp_pcb_remove
 .text.tcp_abandon
                0x100087f8      0x1ac CMakeFiles/mio_progetto.dir/C_/Program_Files/pico-sdk/lib/lwip/src/core/tcp.c.obj
                0x100087f8                tcp_abandon
 .text.tcp_process_refused_data
                0x100089a4       0x74 CMakeFiles/mio_progetto.dir/C_/Program_Files/pico-sdk/lib/lwip/src/core/tcp.c.obj
                0x100089a4                tcp_process_refused_data
 .text.tcp_fasttmr
                0x10008a18       0x98 CMakeFiles/mio_progetto.dir/C_/Program_Files/pico-sdk/lib/lwip/src/core/tcp.c.obj
                0x10008a18                tcp_fasttmr
 .text.tcp_tmr  0x10008ab0       0x20 CMakeFiles/mio_progetto.dir/C_/Program_Files/pico-sdk/lib/lwip/src/core/tcp.c.obj
                0x10008ab0                tcp_tmr
 .text.tcp_eff_send_mss_netif
                0x10008ad0       0x38 CMakeFiles/mio_progetto.dir/C_/Program_Files/pico-sdk/lib/lwip/src/core/tcp.c.obj
                0x10008ad0                tcp_eff_send_mss_netif
 .text.tcp_netif_ip_addr_changed
                0x10008b08       0x9c CMakeFiles/mio_progetto.dir/C_/Program_Files/pico-sdk/lib/lwip/src/core/tcp.c.obj
                0x10008b08                tcp_netif_ip_addr_changed
 .text.tcp_free_ooseq
                0x10008ba4       0x40 CMakeFiles/mio_progetto.dir/C_/Program_Files/pico-sdk/lib/lwip/src/core/tcp.c.obj
                0x10008ba4                tcp_free_ooseq
 .text.tcp_create_segment
                0x10008be4       0xf8 CMakeFiles/mio_progetto.dir/C_/Program_Files/pico-sdk/lib/lwip/src/core/tcp_out.c.obj
 .text.tcp_output_control_segment
                0x10008cdc       0xc0 CMakeFiles/mio_progetto.dir/C_/Program_Files/pico-sdk/lib/lwip/src/core/tcp_out.c.obj
 .text.tcp_output_alloc_header.constprop.0
                0x10008d9c       0xcc CMakeFiles/mio_progetto.dir/C_/Program_Files/pico-sdk/lib/lwip/src/core/tcp_out.c.obj
 .text.tcp_split_unsent_seg
                0x10008e68      0x1c4 CMakeFiles/mio_progetto.dir/C_/Program_Files/pico-sdk/lib/lwip/src/core/tcp_out.c.obj
                0x10008e68                tcp_split_unsent_seg
 .text.tcp_send_fin
                0x1000902c      0x11c CMakeFiles/mio_progetto.dir/C_/Program_Files/pico-sdk/lib/lwip/src/core/tcp_out.c.obj
                0x1000902c                tcp_send_fin
 .text.tcp_rexmit_rto_prepare
                0x10009148       0x9c CMakeFiles/mio_progetto.dir/C_/Program_Files/pico-sdk/lib/lwip/src/core/tcp_out.c.obj
                0x10009148                tcp_rexmit_rto_prepare
 .text.tcp_rst  0x100091e4       0xe8 CMakeFiles/mio_progetto.dir/C_/Program_Files/pico-sdk/lib/lwip/src/core/tcp_out.c.obj
                0x100091e4                tcp_rst
 .text.tcp_send_empty_ack
                0x100092cc       0x54 CMakeFiles/mio_progetto.dir/C_/Program_Files/pico-sdk/lib/lwip/src/core/tcp_out.c.obj
                0x100092cc                tcp_send_empty_ack
 .text.tcp_output
                0x10009320      0x468 CMakeFiles/mio_progetto.dir/C_/Program_Files/pico-sdk/lib/lwip/src/core/tcp_out.c.obj
                0x10009320                tcp_output
 .text.tcp_rexmit_rto_commit
                0x10009788       0x24 CMakeFiles/mio_progetto.dir/C_/Program_Files/pico-sdk/lib/lwip/src/core/tcp_out.c.obj
                0x10009788                tcp_rexmit_rto_commit
 .text.tcp_keepalive
                0x100097ac       0xe0 CMakeFiles/mio_progetto.dir/C_/Program_Files/pico-sdk/lib/lwip/src/core/tcp_out.c.obj
                0x100097ac                tcp_keepalive
 .text.tcp_zero_window_probe
                0x1000988c      0x108 CMakeFiles/mio_progetto.dir/C_/Program_Files/pico-sdk/lib/lwip/src/core/tcp_out.c.obj
                0x1000988c                tcp_zero_window_probe
 .text.sys_timeout_abs
                0x10009994       0x48 CMakeFiles/mio_progetto.dir/C_/Program_Files/pico-sdk/lib/lwip/src/core/timeouts.c.obj
 .text.lwip_cyclic_timer
                0x100099dc       0x38 CMakeFiles/mio_progetto.dir/C_/Program_Files/pico-sdk/lib/lwip/src/core/timeouts.c.obj
 .text.sys_timeouts_init
                0x10009a14       0x90 CMakeFiles/mio_progetto.dir/C_/Program_Files/pico-sdk/lib/lwip/src/core/timeouts.c.obj
                0x10009a14                sys_timeouts_init
 .text.sys_check_timeouts
                0x10009aa4       0x68 CMakeFiles/mio_progetto.dir/C_/Program_Files/pico-sdk/lib/lwip/src/core/timeouts.c.obj
                0x10009aa4                sys_check_timeouts
 .text.sys_timeouts_sleeptime
                0x10009b0c       0x28 CMakeFiles/mio_progetto.dir/C_/Program_Files/pico-sdk/lib/lwip/src/core/timeouts.c.obj
                0x10009b0c                sys_timeouts_sleeptime
 .text.udp_init
                0x10009b34       0x20 CMakeFiles/mio_progetto.dir/C_/Program_Files/pico-sdk/lib/lwip/src/core/udp.c.obj
                0x10009b34                udp_init
 .text.udp_bind
                0x10009b54      0x10c CMakeFiles/mio_progetto.dir/C_/Program_Files/pico-sdk/lib/lwip/src/core/udp.c.obj
                0x10009b54                udp_bind
 .text.udp_sendto_if_src
                0x10009c60      0x130 CMakeFiles/mio_progetto.dir/C_/Program_Files/pico-sdk/lib/lwip/src/core/udp.c.obj
                0x10009c60                udp_sendto_if_src
 .text.udp_sendto
                0x10009d90       0x7c CMakeFiles/mio_progetto.dir/C_/Program_Files/pico-sdk/lib/lwip/src/core/udp.c.obj
                0x10009d90                udp_sendto
 .text.udp_remove
                0x10009e0c       0x3c CMakeFiles/mio_progetto.dir/C_/Program_Files/pico-sdk/lib/lwip/src/core/udp.c.obj
                0x10009e0c                udp_remove
 .text.udp_netif_ip_addr_changed
                0x10009e48       0x40 CMakeFiles/mio_progetto.dir/C_/Program_Files/pico-sdk/lib/lwip/src/core/udp.c.obj
                0x10009e48                udp_netif_ip_addr_changed
 .text.etharp_raw
                0x10009e88       0xec CMakeFiles/mio_progetto.dir/C_/Program_Files/pico-sdk/lib/lwip/src/core/ipv4/etharp.c.obj
 .text.etharp_tmr
                0x10009f74       0x94 CMakeFiles/mio_progetto.dir/C_/Program_Files/pico-sdk/lib/lwip/src/core/ipv4/etharp.c.obj
                0x10009f74                etharp_tmr
 .text.etharp_cleanup_netif
                0x1000a008      0x188 CMakeFiles/mio_progetto.dir/C_/Program_Files/pico-sdk/lib/lwip/src/core/ipv4/etharp.c.obj
                0x1000a008                etharp_cleanup_netif
 .text.etharp_request
                0x1000a190       0x2c CMakeFiles/mio_progetto.dir/C_/Program_Files/pico-sdk/lib/lwip/src/core/ipv4/etharp.c.obj
                0x1000a190                etharp_request
 .text.icmp_time_exceeded
                0x1000a1bc       0xd0 CMakeFiles/mio_progetto.dir/C_/Program_Files/pico-sdk/lib/lwip/src/core/ipv4/icmp.c.obj
                0x1000a1bc                icmp_time_exceeded
 .text.ipfrag_free_pbuf_custom
                0x1000a28c       0x24 CMakeFiles/mio_progetto.dir/C_/Program_Files/pico-sdk/lib/lwip/src/core/ipv4/ip4_frag.c.obj
 .text.ip_reass_free_complete_datagram
                0x1000a2b0      0x114 CMakeFiles/mio_progetto.dir/C_/Program_Files/pico-sdk/lib/lwip/src/core/ipv4/ip4_frag.c.obj
 .text.ip_reass_tmr
                0x1000a3c4       0x38 CMakeFiles/mio_progetto.dir/C_/Program_Files/pico-sdk/lib/lwip/src/core/ipv4/ip4_frag.c.obj
                0x1000a3c4                ip_reass_tmr
 .text.ip4_frag
                0x1000a3fc      0x1fc CMakeFiles/mio_progetto.dir/C_/Program_Files/pico-sdk/lib/lwip/src/core/ipv4/ip4_frag.c.obj
                0x1000a3fc                ip4_frag
 .text.ip4_route
                0x1000a5f8       0x80 CMakeFiles/mio_progetto.dir/C_/Program_Files/pico-sdk/lib/lwip/src/core/ipv4/ip4.c.obj
                0x1000a5f8                ip4_route
 .text.ip4_output_if
                0x1000a678      0x194 CMakeFiles/mio_progetto.dir/C_/Program_Files/pico-sdk/lib/lwip/src/core/ipv4/ip4.c.obj
                0x1000a678                ip4_output_if
 .text.ip4_output_if_src
                0x1000a80c      0x17c CMakeFiles/mio_progetto.dir/C_/Program_Files/pico-sdk/lib/lwip/src/core/ipv4/ip4.c.obj
                0x1000a80c                ip4_output_if_src
 .text.ethernet_output
                0x1000a988       0x78 CMakeFiles/mio_progetto.dir/C_/Program_Files/pico-sdk/lib/lwip/src/netif/ethernet.c.obj
                0x1000a988                ethernet_output
 .text.cyw43_arch_set_async_context
                0x1000aa00        0xc CMakeFiles/mio_progetto.dir/C_/Program_Files/pico-sdk/src/rp2_common/pico_cyw43_arch/cyw43_arch.c.obj
                0x1000aa00                cyw43_arch_set_async_context
 .text.cyw43_arch_gpio_put
                0x1000aa0c       0x14 CMakeFiles/mio_progetto.dir/C_/Program_Files/pico-sdk/src/rp2_common/pico_cyw43_arch/cyw43_arch.c.obj
                0x1000aa0c                cyw43_arch_gpio_put
 .text.cyw43_arch_async_context
                0x1000aa20        0xc CMakeFiles/mio_progetto.dir/C_/Program_Files/pico-sdk/src/rp2_common/pico_cyw43_arch/cyw43_arch.c.obj
                0x1000aa20                cyw43_arch_async_context
 .text.cyw43_arch_init
                0x1000aa2c       0x80 CMakeFiles/mio_progetto.dir/C_/Program_Files/pico-sdk/src/rp2_common/pico_cyw43_arch/cyw43_arch_threadsafe_background.c.obj
                0x1000aa2c                cyw43_arch_init
 .text.ns_delay.constprop.0
                0x1000aaac       0x20 CMakeFiles/mio_progetto.dir/C_/Program_Files/pico-sdk/src/rp2_common/pico_cyw43_driver/cyw43_bus_pio_spi.c.obj
 .text.cyw43_spi_deinit
                0x1000aacc       0x6c CMakeFiles/mio_progetto.dir/C_/Program_Files/pico-sdk/src/rp2_common/pico_cyw43_driver/cyw43_bus_pio_spi.c.obj
                0x1000aacc                cyw43_spi_deinit
 .text.cyw43_spi_init
                0x1000ab38      0x12c CMakeFiles/mio_progetto.dir/C_/Program_Files/pico-sdk/src/rp2_common/pico_cyw43_driver/cyw43_bus_pio_spi.c.obj
                0x1000ab38                cyw43_spi_init
 .text.cyw43_spi_transfer
                0x1000ac64      0x410 CMakeFiles/mio_progetto.dir/C_/Program_Files/pico-sdk/src/rp2_common/pico_cyw43_driver/cyw43_bus_pio_spi.c.obj
                0x1000ac64                cyw43_spi_transfer
 .text.cyw43_spi_gpio_setup
                0x1000b074       0x3c CMakeFiles/mio_progetto.dir/C_/Program_Files/pico-sdk/src/rp2_common/pico_cyw43_driver/cyw43_bus_pio_spi.c.obj
                0x1000b074                cyw43_spi_gpio_setup
 .text.cyw43_spi_reset
                0x1000b0b0       0x28 CMakeFiles/mio_progetto.dir/C_/Program_Files/pico-sdk/src/rp2_common/pico_cyw43_driver/cyw43_bus_pio_spi.c.obj
                0x1000b0b0                cyw43_spi_reset
 .text.read_reg_u32_swap
                0x1000b0d8       0x3c CMakeFiles/mio_progetto.dir/C_/Program_Files/pico-sdk/src/rp2_common/pico_cyw43_driver/cyw43_bus_pio_spi.c.obj
                0x1000b0d8                read_reg_u32_swap
 .text.cyw43_read_reg_u32
                0x1000b114       0x6c CMakeFiles/mio_progetto.dir/C_/Program_Files/pico-sdk/src/rp2_common/pico_cyw43_driver/cyw43_bus_pio_spi.c.obj
                0x1000b114                cyw43_read_reg_u32
 .text.cyw43_read_reg_u16
                0x1000b180       0x6c CMakeFiles/mio_progetto.dir/C_/Program_Files/pico-sdk/src/rp2_common/pico_cyw43_driver/cyw43_bus_pio_spi.c.obj
                0x1000b180                cyw43_read_reg_u16
 .text.cyw43_read_reg_u8
                0x1000b1ec       0x6c CMakeFiles/mio_progetto.dir/C_/Program_Files/pico-sdk/src/rp2_common/pico_cyw43_driver/cyw43_bus_pio_spi.c.obj
                0x1000b1ec                cyw43_read_reg_u8
 .text.write_reg_u32_swap
                0x1000b258      0x208 CMakeFiles/mio_progetto.dir/C_/Program_Files/pico-sdk/src/rp2_common/pico_cyw43_driver/cyw43_bus_pio_spi.c.obj
                0x1000b258                write_reg_u32_swap
 .text.cyw43_write_reg_u32
                0x1000b460      0x208 CMakeFiles/mio_progetto.dir/C_/Program_Files/pico-sdk/src/rp2_common/pico_cyw43_driver/cyw43_bus_pio_spi.c.obj
                0x1000b460                cyw43_write_reg_u32
 .text.cyw43_write_reg_u16
                0x1000b668      0x208 CMakeFiles/mio_progetto.dir/C_/Program_Files/pico-sdk/src/rp2_common/pico_cyw43_driver/cyw43_bus_pio_spi.c.obj
                0x1000b668                cyw43_write_reg_u16
 .text.cyw43_write_reg_u8
                0x1000b870      0x208 CMakeFiles/mio_progetto.dir/C_/Program_Files/pico-sdk/src/rp2_common/pico_cyw43_driver/cyw43_bus_pio_spi.c.obj
                0x1000b870                cyw43_write_reg_u8
 .text.cyw43_read_bytes
                0x1000ba78       0x78 CMakeFiles/mio_progetto.dir/C_/Program_Files/pico-sdk/src/rp2_common/pico_cyw43_driver/cyw43_bus_pio_spi.c.obj
                0x1000ba78                cyw43_read_bytes
 .text.cyw43_write_bytes
                0x1000baf0       0xec CMakeFiles/mio_progetto.dir/C_/Program_Files/pico-sdk/src/rp2_common/pico_cyw43_driver/cyw43_bus_pio_spi.c.obj
                0x1000baf0                cyw43_write_bytes
 .text.cyw43_set_backplane_window
                0x1000bbdc       0x64 CMakeFiles/mio_progetto.dir/C_/Program_Files/pico-sdk/lib/cyw43-driver/src/cyw43_ll.c.obj
 .text.cyw43_ll_parse_async_event
                0x1000bc40      0x13c CMakeFiles/mio_progetto.dir/C_/Program_Files/pico-sdk/lib/cyw43-driver/src/cyw43_ll.c.obj
 .text.cyw43_kso_set
                0x1000bd7c       0xa0 CMakeFiles/mio_progetto.dir/C_/Program_Files/pico-sdk/lib/cyw43-driver/src/cyw43_ll.c.obj
 .text.cyw43_ll_sdpcm_poll_device
                0x1000be1c      0x238 CMakeFiles/mio_progetto.dir/C_/Program_Files/pico-sdk/lib/cyw43-driver/src/cyw43_ll.c.obj
 .text.cyw43_sdpcm_send_common
                0x1000c054       0xf8 CMakeFiles/mio_progetto.dir/C_/Program_Files/pico-sdk/lib/cyw43-driver/src/cyw43_ll.c.obj
 .text.cyw43_do_ioctl.part.0
                0x1000c14c       0xc4 CMakeFiles/mio_progetto.dir/C_/Program_Files/pico-sdk/lib/cyw43-driver/src/cyw43_ll.c.obj
 .text.cyw43_download_resource
                0x1000c210       0xd0 CMakeFiles/mio_progetto.dir/C_/Program_Files/pico-sdk/lib/cyw43-driver/src/cyw43_ll.c.obj
 .text.cyw43_write_iovar_n
                0x1000c2e0       0x8c CMakeFiles/mio_progetto.dir/C_/Program_Files/pico-sdk/lib/cyw43-driver/src/cyw43_ll.c.obj
 .text.cyw43_write_iovar_u32
                0x1000c36c       0xa4 CMakeFiles/mio_progetto.dir/C_/Program_Files/pico-sdk/lib/cyw43-driver/src/cyw43_ll.c.obj
 .text.cyw43_read_backplane.constprop.0
                0x1000c410       0xdc CMakeFiles/mio_progetto.dir/C_/Program_Files/pico-sdk/lib/cyw43-driver/src/cyw43_ll.c.obj
 .text.cyw43_write_backplane
                0x1000c4ec      0x104 CMakeFiles/mio_progetto.dir/C_/Program_Files/pico-sdk/lib/cyw43-driver/src/cyw43_ll.c.obj
 .text.reset_device_core.constprop.0
                0x1000c5f0      0x3f0 CMakeFiles/mio_progetto.dir/C_/Program_Files/pico-sdk/lib/cyw43-driver/src/cyw43_ll.c.obj
 .text.cyw43_ll_init
                0x1000c9e0       0x1c CMakeFiles/mio_progetto.dir/C_/Program_Files/pico-sdk/lib/cyw43-driver/src/cyw43_ll.c.obj
                0x1000c9e0                cyw43_ll_init
 .text.cyw43_ll_deinit
                0x1000c9fc        0x8 CMakeFiles/mio_progetto.dir/C_/Program_Files/pico-sdk/lib/cyw43-driver/src/cyw43_ll.c.obj
                0x1000c9fc                cyw43_ll_deinit
 .text.cyw43_ll_process_packets
                0x1000ca04       0x54 CMakeFiles/mio_progetto.dir/C_/Program_Files/pico-sdk/lib/cyw43-driver/src/cyw43_ll.c.obj
                0x1000ca04                cyw43_ll_process_packets
 .text.cyw43_ll_ioctl
                0x1000ca58       0x80 CMakeFiles/mio_progetto.dir/C_/Program_Files/pico-sdk/lib/cyw43-driver/src/cyw43_ll.c.obj
                0x1000ca58                cyw43_ll_ioctl
 .text.cyw43_ll_bus_sleep
                0x1000cad8       0x34 CMakeFiles/mio_progetto.dir/C_/Program_Files/pico-sdk/lib/cyw43-driver/src/cyw43_ll.c.obj
                0x1000cad8                cyw43_ll_bus_sleep
 .text.cyw43_ll_wifi_get_mac
                0x1000cb0c       0x74 CMakeFiles/mio_progetto.dir/C_/Program_Files/pico-sdk/lib/cyw43-driver/src/cyw43_ll.c.obj
                0x1000cb0c                cyw43_ll_wifi_get_mac
 .text.cyw43_ll_bus_init
                0x1000cb80      0x90c CMakeFiles/mio_progetto.dir/C_/Program_Files/pico-sdk/lib/cyw43-driver/src/cyw43_ll.c.obj
                0x1000cb80                cyw43_ll_bus_init
 .text.cyw43_ll_wifi_set_wpa_auth
                0x1000d48c       0x4c CMakeFiles/mio_progetto.dir/C_/Program_Files/pico-sdk/lib/cyw43-driver/src/cyw43_ll.c.obj
                0x1000d48c                cyw43_ll_wifi_set_wpa_auth
 .text.cyw43_ll_wifi_rejoin
                0x1000d4d8       0x58 CMakeFiles/mio_progetto.dir/C_/Program_Files/pico-sdk/lib/cyw43-driver/src/cyw43_ll.c.obj
                0x1000d4d8                cyw43_ll_wifi_rejoin
 .text.cyw43_ll_gpio_set
                0x1000d530       0x9c CMakeFiles/mio_progetto.dir/C_/Program_Files/pico-sdk/lib/cyw43-driver/src/cyw43_ll.c.obj
                0x1000d530                cyw43_ll_gpio_set
 .text.cyw43_ll_has_work
                0x1000d5cc       0x14 CMakeFiles/mio_progetto.dir/C_/Program_Files/pico-sdk/lib/cyw43-driver/src/cyw43_ll.c.obj
                0x1000d5cc                cyw43_ll_has_work
 .text.cyw43_cb_tcpip_deinit
                0x1000d5e0       0x44 CMakeFiles/mio_progetto.dir/C_/Program_Files/pico-sdk/lib/cyw43-driver/src/cyw43_lwip.c.obj
                0x1000d5e0                cyw43_cb_tcpip_deinit
 .text.cyw43_cb_process_ethernet
                0x1000d624       0x6c CMakeFiles/mio_progetto.dir/C_/Program_Files/pico-sdk/lib/cyw43-driver/src/cyw43_lwip.c.obj
                0x1000d624                cyw43_cb_process_ethernet
 .text.cyw43_cb_tcpip_set_link_up
                0x1000d690       0x1c CMakeFiles/mio_progetto.dir/C_/Program_Files/pico-sdk/lib/cyw43-driver/src/cyw43_lwip.c.obj
                0x1000d690                cyw43_cb_tcpip_set_link_up
 .text.cyw43_cb_tcpip_set_link_down
                0x1000d6ac       0x1c CMakeFiles/mio_progetto.dir/C_/Program_Files/pico-sdk/lib/cyw43-driver/src/cyw43_lwip.c.obj
                0x1000d6ac                cyw43_cb_tcpip_set_link_down
 .text.cyw43_poll_func
                0x1000d6c8       0xc0 CMakeFiles/mio_progetto.dir/C_/Program_Files/pico-sdk/lib/cyw43-driver/src/cyw43_ctrl.c.obj
 .text.cyw43_init
                0x1000d788       0x6c CMakeFiles/mio_progetto.dir/C_/Program_Files/pico-sdk/lib/cyw43-driver/src/cyw43_ctrl.c.obj
                0x1000d788                cyw43_init
 .text.cyw43_deinit
                0x1000d7f4       0x90 CMakeFiles/mio_progetto.dir/C_/Program_Files/pico-sdk/lib/cyw43-driver/src/cyw43_ctrl.c.obj
                0x1000d7f4                cyw43_deinit
 .text.cyw43_cb_read_host_interrupt_pin
                0x1000d884        0xc CMakeFiles/mio_progetto.dir/C_/Program_Files/pico-sdk/lib/cyw43-driver/src/cyw43_ctrl.c.obj
                0x1000d884                cyw43_cb_read_host_interrupt_pin
 .text.cyw43_cb_ensure_awake
                0x1000d890        0xc CMakeFiles/mio_progetto.dir/C_/Program_Files/pico-sdk/lib/cyw43-driver/src/cyw43_ctrl.c.obj
                0x1000d890                cyw43_cb_ensure_awake
 .text.cyw43_cb_process_async_event
                0x1000d89c      0x234 CMakeFiles/mio_progetto.dir/C_/Program_Files/pico-sdk/lib/cyw43-driver/src/cyw43_ctrl.c.obj
                0x1000d89c                cyw43_cb_process_async_event
 .text.cyw43_gpio_set
                0x1000dad0       0xa0 CMakeFiles/mio_progetto.dir/C_/Program_Files/pico-sdk/lib/cyw43-driver/src/cyw43_ctrl.c.obj
                0x1000dad0                cyw43_gpio_set
 .text.pio_sm_set_pindirs_with_mask64
                0x1000db70       0xa4 CMakeFiles/mio_progetto.dir/C_/Program_Files/pico-sdk/src/rp2_common/hardware_pio/pio.c.obj
                0x1000db70                pio_sm_set_pindirs_with_mask64
 .text.pio_sm_set_consecutive_pindirs
                0x1000dc14       0xbc CMakeFiles/mio_progetto.dir/C_/Program_Files/pico-sdk/src/rp2_common/hardware_pio/pio.c.obj
                0x1000dc14                pio_sm_set_consecutive_pindirs
 .text.pio_claim_free_sm_and_add_program_for_gpio_range
                0x1000dcd0      0x190 CMakeFiles/mio_progetto.dir/C_/Program_Files/pico-sdk/src/rp2_common/hardware_pio/pio.c.obj
                0x1000dcd0                pio_claim_free_sm_and_add_program_for_gpio_range
 .text.pio_remove_program_and_unclaim_sm
                0x1000de60       0x40 CMakeFiles/mio_progetto.dir/C_/Program_Files/pico-sdk/src/rp2_common/hardware_pio/pio.c.obj
                0x1000de60                pio_remove_program_and_unclaim_sm
 .text.dma_channel_unclaim
                0x1000dea0       0x10 CMakeFiles/mio_progetto.dir/C_/Program_Files/pico-sdk/src/rp2_common/hardware_dma/dma.c.obj
                0x1000dea0                dma_channel_unclaim
 .text.dma_claim_unused_channel
                0x1000deb0       0x20 CMakeFiles/mio_progetto.dir/C_/Program_Files/pico-sdk/src/rp2_common/hardware_dma/dma.c.obj
                0x1000deb0                dma_claim_unused_channel
 .text.dma_channel_cleanup
                0x1000ded0       0x64 CMakeFiles/mio_progetto.dir/C_/Program_Files/pico-sdk/src/rp2_common/hardware_dma/dma.c.obj
                0x1000ded0                dma_channel_cleanup
 .text.cyw43_sleep_timeout_reached
                0x1000df34       0x10 CMakeFiles/mio_progetto.dir/C_/Program_Files/pico-sdk/src/rp2_common/pico_cyw43_driver/cyw43_driver.c.obj
 .text.cyw43_irq_init
                0x1000df44       0x28 CMakeFiles/mio_progetto.dir/C_/Program_Files/pico-sdk/src/rp2_common/pico_cyw43_driver/cyw43_driver.c.obj
                0x1000df44                cyw43_irq_init
 .text.cyw43_irq_deinit
                0x1000df6c       0x20 CMakeFiles/mio_progetto.dir/C_/Program_Files/pico-sdk/src/rp2_common/pico_cyw43_driver/cyw43_driver.c.obj
                0x1000df6c                cyw43_irq_deinit
 .text.cyw43_gpio_irq_handler
                0x1000df8c       0x44 CMakeFiles/mio_progetto.dir/C_/Program_Files/pico-sdk/src/rp2_common/pico_cyw43_driver/cyw43_driver.c.obj
 .text.cyw43_do_poll
                0x1000dfd0       0x6c CMakeFiles/mio_progetto.dir/C_/Program_Files/pico-sdk/src/rp2_common/pico_cyw43_driver/cyw43_driver.c.obj
 .text.cyw43_post_poll_hook
                0x1000e03c       0x10 CMakeFiles/mio_progetto.dir/C_/Program_Files/pico-sdk/src/rp2_common/pico_cyw43_driver/cyw43_driver.c.obj
                0x1000e03c                cyw43_post_poll_hook
 .text.cyw43_schedule_internal_poll_dispatch
                0x1000e04c       0x18 CMakeFiles/mio_progetto.dir/C_/Program_Files/pico-sdk/src/rp2_common/pico_cyw43_driver/cyw43_driver.c.obj
                0x1000e04c                cyw43_schedule_internal_poll_dispatch
 .text.cyw43_driver_init
                0x1000e064       0x38 CMakeFiles/mio_progetto.dir/C_/Program_Files/pico-sdk/src/rp2_common/pico_cyw43_driver/cyw43_driver.c.obj
                0x1000e064                cyw43_driver_init
 .text.cyw43_driver_deinit
                0x1000e09c       0x4c CMakeFiles/mio_progetto.dir/C_/Program_Files/pico-sdk/src/rp2_common/pico_cyw43_driver/cyw43_driver.c.obj
                0x1000e09c                cyw43_driver_deinit
 .text.cyw43_hal_generate_laa_mac
                0x1000e0e8       0x28 CMakeFiles/mio_progetto.dir/C_/Program_Files/pico-sdk/src/rp2_common/pico_cyw43_driver/cyw43_driver.c.obj
                0x1000e0e8                cyw43_hal_generate_laa_mac
 .text.cyw43_thread_enter
                0x1000e110       0x14 CMakeFiles/mio_progetto.dir/C_/Program_Files/pico-sdk/src/rp2_common/pico_cyw43_driver/cyw43_driver.c.obj
                0x1000e110                cyw43_thread_enter
 .text.cyw43_thread_exit
                0x1000e124       0x14 CMakeFiles/mio_progetto.dir/C_/Program_Files/pico-sdk/src/rp2_common/pico_cyw43_driver/cyw43_driver.c.obj
                0x1000e124                cyw43_thread_exit
 .text.cyw43_await_background_or_timeout_us
                0x1000e138       0x60 CMakeFiles/mio_progetto.dir/C_/Program_Files/pico-sdk/src/rp2_common/pico_cyw43_driver/cyw43_driver.c.obj
                0x1000e138                cyw43_await_background_or_timeout_us
 .text.cyw43_delay_ms
                0x1000e198       0x44 CMakeFiles/mio_progetto.dir/C_/Program_Files/pico-sdk/src/rp2_common/pico_cyw43_driver/cyw43_driver.c.obj
                0x1000e198                cyw43_delay_ms
 .text.async_context_threadsafe_background_acquire_lock_blocking
                0x1000e1dc        0xc CMakeFiles/mio_progetto.dir/C_/Program_Files/pico-sdk/src/rp2_common/pico_async_context/async_context_threadsafe_background.c.obj
 .text.alarm_handler
                0x1000e1e8       0x20 CMakeFiles/mio_progetto.dir/C_/Program_Files/pico-sdk/src/rp2_common/pico_async_context/async_context_threadsafe_background.c.obj
 .text.async_context_threadsafe_background_set_work_pending
                0x1000e208       0x1c CMakeFiles/mio_progetto.dir/C_/Program_Files/pico-sdk/src/rp2_common/pico_async_context/async_context_threadsafe_background.c.obj
 .text.process_under_lock
                0x1000e224       0xc8 CMakeFiles/mio_progetto.dir/C_/Program_Files/pico-sdk/src/rp2_common/pico_async_context/async_context_threadsafe_background.c.obj
 .text.async_context_threadsafe_background_execute_sync
                0x1000e2ec       0x30 CMakeFiles/mio_progetto.dir/C_/Program_Files/pico-sdk/src/rp2_common/pico_async_context/async_context_threadsafe_background.c.obj
                0x1000e2ec                async_context_threadsafe_background_execute_sync
 .text.async_context_threadsafe_background_deinit
                0x1000e31c       0x54 CMakeFiles/mio_progetto.dir/C_/Program_Files/pico-sdk/src/rp2_common/pico_async_context/async_context_threadsafe_background.c.obj
 .text.low_priority_irq_handler
                0x1000e370       0x3c CMakeFiles/mio_progetto.dir/C_/Program_Files/pico-sdk/src/rp2_common/pico_async_context/async_context_threadsafe_background.c.obj
 .text.async_context_threadsafe_background_wait_for_work_until
                0x1000e3ac        0xc CMakeFiles/mio_progetto.dir/C_/Program_Files/pico-sdk/src/rp2_common/pico_async_context/async_context_threadsafe_background.c.obj
 .text.async_context_threadsafe_background_wait_until
                0x1000e3b8       0x1c CMakeFiles/mio_progetto.dir/C_/Program_Files/pico-sdk/src/rp2_common/pico_async_context/async_context_threadsafe_background.c.obj
 .text.async_context_threadsafe_background_lock_check
                0x1000e3d4       0x28 CMakeFiles/mio_progetto.dir/C_/Program_Files/pico-sdk/src/rp2_common/pico_async_context/async_context_threadsafe_background.c.obj
 .text.async_context_threadsafe_background_release_lock
                0x1000e3fc       0x1c CMakeFiles/mio_progetto.dir/C_/Program_Files/pico-sdk/src/rp2_common/pico_async_context/async_context_threadsafe_background.c.obj
 .text.async_context_threadsafe_background_when_pending_worker
                0x1000e418       0x34 CMakeFiles/mio_progetto.dir/C_/Program_Files/pico-sdk/src/rp2_common/pico_async_context/async_context_threadsafe_background.c.obj
 .text.async_context_threadsafe_background_remove_at_time_worker
                0x1000e44c       0x34 CMakeFiles/mio_progetto.dir/C_/Program_Files/pico-sdk/src/rp2_common/pico_async_context/async_context_threadsafe_background.c.obj
 .text.async_context_threadsafe_background_add_when_pending_worker
                0x1000e480       0x34 CMakeFiles/mio_progetto.dir/C_/Program_Files/pico-sdk/src/rp2_common/pico_async_context/async_context_threadsafe_background.c.obj
 .text.async_context_threadsafe_background_add_at_time_worker
                0x1000e4b4       0x34 CMakeFiles/mio_progetto.dir/C_/Program_Files/pico-sdk/src/rp2_common/pico_async_context/async_context_threadsafe_background.c.obj
 .text.async_context_threadsafe_background_default_config
                0x1000e4e8        0xc CMakeFiles/mio_progetto.dir/C_/Program_Files/pico-sdk/src/rp2_common/pico_async_context/async_context_threadsafe_background.c.obj
                0x1000e4e8                async_context_threadsafe_background_default_config
 .text.async_context_threadsafe_background_init
                0x1000e4f4       0x8c CMakeFiles/mio_progetto.dir/C_/Program_Files/pico-sdk/src/rp2_common/pico_async_context/async_context_threadsafe_background.c.obj
                0x1000e4f4                async_context_threadsafe_background_init
 .text.memmove  0x1000e580       0xac c:/progra~2/gnuarm~1/102020~1/bin/../lib/gcc/arm-none-eabi/10.2.1/../../../../arm-none-eabi/lib/thumb/v6-m/nofp\libg.a(lib_a-memmove.o)
                0x1000e580                memmove
 .text.strlen   0x1000e62c       0x5c c:/progra~2/gnuarm~1/102020~1/bin/../lib/gcc/arm-none-eabi/10.2.1/../../../../arm-none-eabi/lib/thumb/v6-m/nofp\libg.a(lib_a-strlen-stub.o)