Archive member included to satisfy reference by file (symbol)

c:/progra~2/gnuarm~1/102020~1/bin/../lib/gcc/arm-none-eabi/10.2.1/thumb/v6-m/nofp\libgcc.a(_dvmd_tls.o)
                              CMakeFiles/mio_progetto.dir/C_/Program_Files/pico-sdk/src/rp2_common/pico_divider/divider_hardware.S.obj (__aeabi_idiv0)
c:/progra~2/gnuarm~1/102020~1/bin/../lib/gcc/arm-none-eabi/10.2.1/../../../../arm-none-eabi/lib/thumb/v6-m/nofp\libg.a(lib_a-calloc.o)
                              CMakeFiles/mio_progetto.dir/C_/Program_Files/pico-sdk/src/rp2_common/pico_malloc/malloc.c.obj (calloc)
c:/progra~2/gnuarm~1/102020~1/bin/../lib/gcc/arm-none-eabi/10.2.1/../../../../arm-none-eabi/lib/thumb/v6-m/nofp\libg.a(lib_a-callocr.o)
                              c:/progra~2/gnuarm~1/102020~1/bin/../lib/gcc/arm-none-eabi/10.2.1/../../../../arm-none-eabi/lib/thumb/v6-m/nofp\libg.a(lib_a-calloc.o) (_calloc_r)
c:/progra~2/gnuarm~1/102020~1/bin/../lib/gcc/arm-none-eabi/10.2.1/../../../../arm-none-eabi/lib/thumb/v6-m/nofp\libg.a(lib_a-impure.o)
                              c:/progra~2/gnuarm~1/102020~1/bin/../lib/gcc/arm-none-eabi/10.2.1/../../../../arm-none-eabi/lib/thumb/v6-m/nofp\libg.a(lib_a-calloc.o) (_impure_ptr)
c:/progra~2/gnuarm~1/102020~1/bin/../lib/gcc/arm-none-eabi/10.2.1/../../../../arm-none-eabi/lib/thumb/v6-m/nofp\libg.a(lib_a-init.o)
                              c:/progra~2/gnuarm~1/102020~1/bin/../lib/gcc/arm-none-eabi/10.2.1/../../../../arm-none-eabi/lib/thumb/v6-m/nofp/crt0.o (__libc_init_array)
c:/progra~2/gnuarm~1/102020~1/bin/../lib/gcc/arm-none-eabi/10.2.1/../../../../arm-none-eabi/lib/thumb/v6-m/nofp\libg.a(lib_a-lcltime_r.o)
                              CMakeFiles/mio_progetto.dir/C_/Program_Files/pico-sdk/src/common/pico_util/datetime.c.obj (localtime_r)
c:/progra~2/gnuarm~1/102020~1/bin/../lib/gcc/arm-none-eabi/10.2.1/../../../../arm-none-eabi/lib/thumb/v6-m/nofp\libg.a(lib_a-malloc.o)
                              CMakeFiles/mio_progetto.dir/C_/Program_Files/pico-sdk/src/rp2_common/pico_malloc/malloc.c.obj (malloc)
c:/progra~2/gnuarm~1/102020~1/bin/../lib/gcc/arm-none-eabi/10.2.1/../../../../arm-none-eabi/lib/thumb/v6-m/nofp\libg.a(lib_a-mallocr.o)
                              c:/progra~2/gnuarm~1/102020~1/bin/../lib/gcc/arm-none-eabi/10.2.1/../../../../arm-none-eabi/lib/thumb/v6-m/nofp\libg.a(lib_a-callocr.o) (_malloc_r)
c:/progra~2/gnuarm~1/102020~1/bin/../lib/gcc/arm-none-eabi/10.2.1/../../../../arm-none-eabi/lib/thumb/v6-m/nofp\libg.a(lib_a-memcmp.o)
                              CMakeFiles/mio_progetto.dir/C_/Program_Files/pico-sdk/src/rp2_common/pico_atomic/atomic.c.obj (memcmp)
c:/progra~2/gnuarm~1/102020~1/bin/../lib/gcc/arm-none-eabi/10.2.1/../../../../arm-none-eabi/lib/thumb/v6-m/nofp\libg.a(lib_a-memmove.o)
                              CMakeFiles/mio_progetto.dir/C_/Program_Files/pico-sdk/lib/cyw43-driver/src/cyw43_ll.c.obj (memmove)
c:/progra~2/gnuarm~1/102020~1/bin/../lib/gcc/arm-none-eabi/10.2.1/../../../../arm-none-eabi/lib/thumb/v6-m/nofp\libg.a(lib_a-mktime.o)
                              CMakeFiles/mio_progetto.dir/C_/Program_Files/pico-sdk/src/common/pico_util/datetime.c.obj (mktime)
c:/progra~2/gnuarm~1/102020~1/bin/../lib/gcc/arm-none-eabi/10.2.1/../../../../arm-none-eabi/lib/thumb/v6-m/nofp\libg.a(lib_a-mlock.o)
                              c:/progra~2/gnuarm~1/102020~1/bin/../lib/gcc/arm-none-eabi/10.2.1/../../../../arm-none-eabi/lib/thumb/v6-m/nofp\libg.a(lib_a-mallocr.o) (__malloc_lock)
c:/progra~2/gnuarm~1/102020~1/bin/../lib/gcc/arm-none-eabi/10.2.1/../../../../arm-none-eabi/lib/thumb/v6-m/nofp\libg.a(lib_a-month_lengths.o)
                              c:/progra~2/gnuarm~1/102020~1/bin/../lib/gcc/arm-none-eabi/10.2.1/../../../../arm-none-eabi/lib/thumb/v6-m/nofp\libg.a(lib_a-lcltime_r.o) (__month_lengths)
c:/progra~2/gnuarm~1/102020~1/bin/../lib/gcc/arm-none-eabi/10.2.1/../../../../arm-none-eabi/lib/thumb/v6-m/nofp\libg.a(lib_a-realloc.o)
                              CMakeFiles/mio_progetto.dir/C_/Program_Files/pico-sdk/src/rp2_common/pico_malloc/malloc.c.obj (realloc)
c:/progra~2/gnuarm~1/102020~1/bin/../lib/gcc/arm-none-eabi/10.2.1/../../../../arm-none-eabi/lib/thumb/v6-m/nofp\libg.a(lib_a-reallocr.o)
                              c:/progra~2/gnuarm~1/102020~1/bin/../lib/gcc/arm-none-eabi/10.2.1/../../../../arm-none-eabi/lib/thumb/v6-m/nofp\libg.a(lib_a-realloc.o) (_realloc_r)
c:/progra~2/gnuarm~1/102020~1/bin/../lib/gcc/arm-none-eabi/10.2.1/../../../../arm-none-eabi/lib/thumb/v6-m/nofp\libg.a(lib_a-sbrkr.o)
                              c:/progra~2/gnuarm~1/102020~1/bin/../lib/gcc/arm-none-eabi/10.2.1/../../../../arm-none-eabi/lib/thumb/v6-m/nofp\libg.a(lib_a-mallocr.o) (_sbrk_r)
c:/progra~2/gnuarm~1/102020~1/bin/../lib/gcc/arm-none-eabi/10.2.1/../../../../arm-none-eabi/lib/thumb/v6-m/nofp\libg.a(lib_a-strlen-stub.o)
                              CMakeFiles/mio_progetto.dir/C_/Program_Files/pico-sdk/src/rp2_common/pico_stdio/stdio.c.obj (strlen)
[...]
Memory Configuration

Name             Origin             Length             Attributes
FLASH            0x10000000         0x00200000         xr
RAM              0x20000000         0x00040000         xrw
SCRATCH_X        0x20040000         0x00001000         xrw
SCRATCH_Y        0x20041000         0x00001000         xrw
*default*        0x00000000         0xffffffff

Linker script and memory map

LOAD c:/progra~2/gnuarm~1/102020~1/bin/../lib/gcc/arm-none-eabi/10.2.1/thumb/v6-m/nofp/crti.o
LOAD c:/progra~2/gnuarm~1/102020~1/bin/../lib/gcc/arm-none-eabi/10.2.1/thumb/v6-m/nofp/crtbegin.o
LOAD c:/progra~2/gnuarm~1/102020~1/bin/../lib/gcc/arm-none-eabi/10.2.1/../../../../arm-none-eabi/lib/thumb/v6-m/nofp/crt0.o

.flash_begin    0x10000000        0x0
                0x10000000                __flash_binary_start = .

.boot2          0x10000000      0x100
                0x10000000                __boot2_start__ = .
 *(.boot2)
 .boot2         0x10000000      0x100 pico-sdk/src/rp2040/boot_stage2/CMakeFiles/bs2_default_library.dir/./bs2_default_padded_checksummed.S.obj
                0x10000100                __boot2_end__ = .
                0x00000001                ASSERT (((__boot2_end__ - __boot2_start__) == 0x100), ERROR: Pico second stage bootloader must be 256 bytes in size)

.text           0x10000100     0x7a3c
                0x10000100                __logical_binary_start = .
 *(.vectors)
 .vectors       0x10000100       0xd4 CMakeFiles/mio_progetto.dir/C_/Program_Files/pico-sdk/src/rp2_common/pico_crt0/crt0.S.obj
                0x10000100                __VECTOR_TABLE
                0x10000100                __vectors
                0x100001c0                isr_irq13
                0x100001c0                isr_irq27
                0x100001c0                isr_irq31
                0x100001c0                isr_irq12
                0x100001c0                isr_irq5
                0x100001c0                isr_irq11
                0x100001c0                isr_irq3
                0x100001c0                isr_irq23
                0x100001c0                __unhandled_user_irq
                0x100001c0                isr_irq26
                0x100001c0                isr_irq28
                0x100001c0                isr_irq19
                0x100001c0                isr_irq0
                0x100001c0                isr_irq6
                0x100001c0                isr_irq29
                0x100001c0                isr_irq16
                0x100001c0                isr_irq22
                0x100001c0                isr_irq18
                0x100001c0                isr_irq17
                0x100001c0                isr_irq14
                0x100001c0                __vectors_end
                0x100001c0                __default_isrs_start
                0x100001c0                isr_irq2
                0x100001c0                isr_irq10
                0x100001c0                isr_irq8
                0x100001c0                isr_irq24
                0x100001c0                isr_irq1
                0x100001c0                isr_irq7
                0x100001c0                isr_irq21
                0x100001c0                isr_irq20
                0x100001c0                isr_irq15
                0x100001c0                isr_irq25
                0x100001c0                isr_irq4
                0x100001c0                isr_irq30
                0x100001c0                isr_irq9
                0x100001c6                unhandled_user_irq_num_in_r0
                0x100001c8                isr_invalid
                0x100001ca                isr_nmi
                0x100001cc                isr_hardfault
                0x100001ce                isr_svcall
                0x100001d0                isr_pendsv
                0x100001d2                isr_systick
                0x100001d4                __default_isrs_end
 *(.binary_info_header)
 .binary_info_header
                0x100001d4       0x14 CMakeFiles/mio_progetto.dir/C_/Program_Files/pico-sdk/src/rp2_common/pico_crt0/crt0.S.obj
                0x100001e8                __binary_info_header_end = .
 *(.embedded_block)
                0x100001e8                __embedded_block_end = .
 *(.reset)
 .reset         0x100001e8       0x9c CMakeFiles/mio_progetto.dir/C_/Program_Files/pico-sdk/src/rp2_common/pico_crt0/crt0.S.obj
                0x100001e8                _entry_point
 *(.init)
 .init          0x10000284        0x4 c:/progra~2/gnuarm~1/102020~1/bin/../lib/gcc/arm-none-eabi/10.2.1/thumb/v6-m/nofp/crti.o
                0x10000284                _init
 *(EXCLUDE_FILE(*libm.a: *libc.a:*lib_a-mem*.o *libgcc.a:) .text*)
 .text          0x10000288       0x48 c:/progra~2/gnuarm~1/102020~1/bin/../lib/gcc/arm-none-eabi/10.2.1/thumb/v6-m/nofp/crtbegin.o
 .text.startup.main
                0x100002d0       0x30 CMakeFiles/mio_progetto.dir/main.c.obj
                0x100002d0                main
 .text.gpio_set_function
                0x10000300       0x34 CMakeFiles/mio_progetto.dir/C_/Program_Files/pico-sdk/src/rp2_common/hardware_gpio/gpio.c.obj
                0x10000300                gpio_set_function
 .text.gpio_set_pulls
                0x10000334       0x34 CMakeFiles/mio_progetto.dir/C_/Program_Files/pico-sdk/src/rp2_common/hardware_gpio/gpio.c.obj
                0x10000334                gpio_set_pulls
 .text.gpio_set_input_hysteresis_enabled
                0x10000368       0x28 CMakeFiles/mio_progetto.dir/C_/Program_Files/pico-sdk/src/rp2_common/hardware_gpio/gpio.c.obj
                0x10000368                gpio_set_input_hysteresis_enabled
 .text.gpio_set_irq_enabled
                0x10000390       0x58 CMakeFiles/mio_progetto.dir/C_/Program_Files/pico-sdk/src/rp2_common/hardware_gpio/gpio.c.obj
                0x10000390                gpio_set_irq_enabled
 .text.gpio_add_raw_irq_handler_with_order_priority_masked
                0x100003e8       0x44 CMakeFiles/mio_progetto.dir/C_/Program_Files/pico-sdk/src/rp2_common/hardware_gpio/gpio.c.obj
                0x100003e8                gpio_add_raw_irq_handler_with_order_priority_masked
 .text.gpio_remove_raw_irq_handler_masked
                0x1000042c       0x20 CMakeFiles/mio_progetto.dir/C_/Program_Files/pico-sdk/src/rp2_common/hardware_gpio/gpio.c.obj
                0x1000042c                gpio_remove_raw_irq_handler_masked
 .text.gpio_init
                0x1000044c       0x40 CMakeFiles/mio_progetto.dir/C_/Program_Files/pico-sdk/src/rp2_common/hardware_gpio/gpio.c.obj
                0x1000044c                gpio_init
 .text.panic    0x1000048c       0x30 CMakeFiles/mio_progetto.dir/C_/Program_Files/pico-sdk/src/rp2_common/pico_platform_panic/panic.c.obj
                0x1000048c                panic
 .text.hw_claim_lock
                0x100004bc       0x18 CMakeFiles/mio_progetto.dir/C_/Program_Files/pico-sdk/src/common/hardware_claim/claim.c.obj
                0x100004bc                hw_claim_lock
 .text.hw_claim_unlock
                0x100004d4       0x14 CMakeFiles/mio_progetto.dir/C_/Program_Files/pico-sdk/src/common/hardware_claim/claim.c.obj
                0x100004d4                hw_claim_unlock
 .text.hw_claim_or_assert
                0x100004e8       0x44 CMakeFiles/mio_progetto.dir/C_/Program_Files/pico-sdk/src/common/hardware_claim/claim.c.obj
                0x100004e8                hw_claim_or_assert
 .text.hw_claim_unused_from_range
                0x1000052c       0x9c CMakeFiles/mio_progetto.dir/C_/Program_Files/pico-sdk/src/common/hardware_claim/claim.c.obj
                0x1000052c                hw_claim_unused_from_range
 .text.hw_claim_clear
                0x100005c8       0x38 CMakeFiles/mio_progetto.dir/C_/Program_Files/pico-sdk/src/common/hardware_claim/claim.c.obj
                0x100005c8                hw_claim_clear
 .text.next_striped_spin_lock_num
                0x10000600       0x18 CMakeFiles/mio_progetto.dir/C_/Program_Files/pico-sdk/src/rp2_common/hardware_sync/sync.c.obj
                0x10000600                next_striped_spin_lock_num
 .text.spin_locks_reset
                0x10000618       0x1c CMakeFiles/mio_progetto.dir/C_/Program_Files/pico-sdk/src/rp2_common/hardware_sync_spin_lock/sync_spin_lock.c.obj
                0x10000618                spin_locks_reset
 .text.runtime_init_per_core_irq_priorities
                0x10000634       0x24 CMakeFiles/mio_progetto.dir/C_/Program_Files/pico-sdk/src/rp2_common/hardware_irq/irq.c.obj
                0x10000634                runtime_init_per_core_irq_priorities
 .text.irq_set_enabled
                0x10000658       0x24 CMakeFiles/mio_progetto.dir/C_/Program_Files/pico-sdk/src/rp2_common/hardware_irq/irq.c.obj
                0x10000658                irq_set_enabled
 .text.irq_set_pending
                0x1000067c       0x10 CMakeFiles/mio_progetto.dir/C_/Program_Files/pico-sdk/src/rp2_common/hardware_irq/irq.c.obj
                0x1000067c                irq_set_pending
 .text.irq_set_exclusive_handler
                0x1000068c       0x54 CMakeFiles/mio_progetto.dir/C_/Program_Files/pico-sdk/src/rp2_common/hardware_irq/irq.c.obj
                0x1000068c                irq_set_exclusive_handler
 .text.irq_add_shared_handler
                0x100006e0      0x1e8 CMakeFiles/mio_progetto.dir/C_/Program_Files/pico-sdk/src/rp2_common/hardware_irq/irq.c.obj
                0x100006e0                irq_add_shared_handler
 .text.irq_remove_handler
                0x100008c8      0x1c4 CMakeFiles/mio_progetto.dir/C_/Program_Files/pico-sdk/src/rp2_common/hardware_irq/irq.c.obj
                0x100008c8                irq_remove_handler
 .text.irq_set_priority
                0x10000a8c       0x28 CMakeFiles/mio_progetto.dir/C_/Program_Files/pico-sdk/src/rp2_common/hardware_irq/irq.c.obj
                0x10000a8c                irq_set_priority
 .text.irq_add_tail_to_free_list
                0x10000ab4       0xb4 CMakeFiles/mio_progetto.dir/C_/Program_Files/pico-sdk/src/rp2_common/hardware_irq/irq.c.obj
                0x10000ab4                irq_add_tail_to_free_list
 .text.user_irq_unclaim
                0x10000b68       0x14 CMakeFiles/mio_progetto.dir/C_/Program_Files/pico-sdk/src/rp2_common/hardware_irq/irq.c.obj
                0x10000b68                user_irq_unclaim
 .text.user_irq_claim_unused
                0x10000b7c       0x28 CMakeFiles/mio_progetto.dir/C_/Program_Files/pico-sdk/src/rp2_common/hardware_irq/irq.c.obj
                0x10000b7c                user_irq_claim_unused
 .text.sem_init
                0x10000ba4       0x20 CMakeFiles/mio_progetto.dir/C_/Program_Files/pico-sdk/src/common/pico_sync/sem.c.obj
                0x10000ba4                sem_init
 .text.lock_init
                0x10000bc4       0x10 CMakeFiles/mio_progetto.dir/C_/Program_Files/pico-sdk/src/common/pico_sync/lock_core.c.obj
                0x10000bc4                lock_init
 .text.runtime_init_mutex
                0x10000bd4       0x58 CMakeFiles/mio_progetto.dir/C_/Program_Files/pico-sdk/src/common/pico_sync/mutex.c.obj
                0x10000bd4                runtime_init_mutex
 .text.recursive_mutex_init
                0x10000c2c       0x1c CMakeFiles/mio_progetto.dir/C_/Program_Files/pico-sdk/src/common/pico_sync/mutex.c.obj
                0x10000c2c                recursive_mutex_init
 .text.sleep_until_callback
                0x10000c48       0x30 CMakeFiles/mio_progetto.dir/C_/Program_Files/pico-sdk/src/common/pico_time/time.c.obj
 .text.alarm_pool_irq_handler
                0x10000c78      0x308 CMakeFiles/mio_progetto.dir/C_/Program_Files/pico-sdk/src/common/pico_time/time.c.obj
 .text.runtime_init_default_alarm_pool
                0x10000f80       0xdc CMakeFiles/mio_progetto.dir/C_/Program_Files/pico-sdk/src/common/pico_time/time.c.obj
                0x10000f80                runtime_init_default_alarm_pool
 .text.alarm_pool_get_default
                0x1000105c        0x8 CMakeFiles/mio_progetto.dir/C_/Program_Files/pico-sdk/src/common/pico_time/time.c.obj
                0x1000105c                alarm_pool_get_default
 .text.alarm_pool_add_alarm_at
                0x10001064       0xc8 CMakeFiles/mio_progetto.dir/C_/Program_Files/pico-sdk/src/common/pico_time/time.c.obj
                0x10001064                alarm_pool_add_alarm_at
 .text.alarm_pool_add_alarm_at_force_in_context
                0x1000112c       0xb0 CMakeFiles/mio_progetto.dir/C_/Program_Files/pico-sdk/src/common/pico_time/time.c.obj
                0x1000112c                alarm_pool_add_alarm_at_force_in_context
 .text.alarm_pool_cancel_alarm
                0x100011dc       0x7c CMakeFiles/mio_progetto.dir/C_/Program_Files/pico-sdk/src/common/pico_time/time.c.obj
                0x100011dc                alarm_pool_cancel_alarm
 .text.sleep_until
                0x10001258       0xd0 CMakeFiles/mio_progetto.dir/C_/Program_Files/pico-sdk/src/common/pico_time/time.c.obj
                0x10001258                sleep_until
 .text.sleep_ms
                0x10001328       0x34 CMakeFiles/mio_progetto.dir/C_/Program_Files/pico-sdk/src/common/pico_time/time.c.obj
                0x10001328                sleep_ms
 .text.best_effort_wfe_or_timeout
                0x1000135c       0xfc CMakeFiles/mio_progetto.dir/C_/Program_Files/pico-sdk/src/common/pico_time/time.c.obj
                0x1000135c                best_effort_wfe_or_timeout
 .text.timer_hardware_alarm_claim
                0x10001458       0x14 CMakeFiles/mio_progetto.dir/C_/Program_Files/pico-sdk/src/rp2_common/hardware_timer/timer.c.obj
                0x10001458                timer_hardware_alarm_claim
 .text.timer_time_us_64
                0x1000146c       0x10 CMakeFiles/mio_progetto.dir/C_/Program_Files/pico-sdk/src/rp2_common/hardware_timer/timer.c.obj
                0x1000146c                timer_time_us_64
 .text.time_us_64
                0x1000147c       0x14 CMakeFiles/mio_progetto.dir/C_/Program_Files/pico-sdk/src/rp2_common/hardware_timer/timer.c.obj
                0x1000147c                time_us_64
 .text.busy_wait_until
                0x10001490       0x20 CMakeFiles/mio_progetto.dir/C_/Program_Files/pico-sdk/src/rp2_common/hardware_timer/timer.c.obj
                0x10001490                busy_wait_until
 .text.clock_configure_int_divider
                0x100014b0       0xf4 CMakeFiles/mio_progetto.dir/C_/Program_Files/pico-sdk/src/rp2_common/hardware_clocks/clocks.c.obj
                0x100014b0                clock_configure_int_divider
 .text.clock_configure_undivided
                0x100015a4       0xe8 CMakeFiles/mio_progetto.dir/C_/Program_Files/pico-sdk/src/rp2_common/hardware_clocks/clocks.c.obj
                0x100015a4                clock_configure_undivided
 .text.clock_get_hz
                0x1000168c        0xc CMakeFiles/mio_progetto.dir/C_/Program_Files/pico-sdk/src/rp2_common/hardware_clocks/clocks.c.obj
                0x1000168c                clock_get_hz
 .text.pll_init
                0x10001698       0xa0 CMakeFiles/mio_progetto.dir/C_/Program_Files/pico-sdk/src/rp2_common/hardware_pll/pll.c.obj
                0x10001698                pll_init
 .text.tick_start
                0x10001738       0x10 CMakeFiles/mio_progetto.dir/C_/Program_Files/pico-sdk/src/rp2_common/hardware_ticks/ticks.c.obj
                0x10001738                tick_start
 .text.rom_func_lookup
                0x10001748       0x10 CMakeFiles/mio_progetto.dir/C_/Program_Files/pico-sdk/src/rp2_common/pico_bootrom/bootrom.c.obj
                0x10001748                rom_func_lookup
 .text.rom_data_lookup
                0x10001758       0x10 CMakeFiles/mio_progetto.dir/C_/Program_Files/pico-sdk/src/rp2_common/pico_bootrom/bootrom.c.obj
                0x10001758                rom_data_lookup
 .text.rom_funcs_lookup
                0x10001768       0x44 CMakeFiles/mio_progetto.dir/C_/Program_Files/pico-sdk/src/rp2_common/pico_bootrom/bootrom.c.obj
                0x10001768                rom_funcs_lookup
 .text.xosc_init
                0x100017ac       0x28 CMakeFiles/mio_progetto.dir/C_/Program_Files/pico-sdk/src/rp2_common/hardware_xosc/xosc.c.obj
                0x100017ac                xosc_init
 .text.first_per_core_initializer
                0x100017d4        0x4 CMakeFiles/mio_progetto.dir/C_/Program_Files/pico-sdk/src/rp2_common/pico_runtime/runtime.c.obj
 .text.hard_assertion_failure
                0x100017d8        0xc CMakeFiles/mio_progetto.dir/C_/Program_Files/pico-sdk/src/rp2_common/pico_runtime/runtime.c.obj
                0x100017d8                hard_assertion_failure
 .text.runtime_run_initializers
                0x100017e4       0x28 CMakeFiles/mio_progetto.dir/C_/Program_Files/pico-sdk/src/rp2_common/pico_runtime/runtime.c.obj
                0x100017e4                runtime_run_initializers
 .text.runtime_init_early_resets
                0x1000180c       0x2c CMakeFiles/mio_progetto.dir/C_/Program_Files/pico-sdk/src/rp2_common/pico_runtime_init/runtime_init.c.obj
                0x1000180c                runtime_init_early_resets
 .text.runtime_init_usb_power_down
                0x10001838       0x1c CMakeFiles/mio_progetto.dir/C_/Program_Files/pico-sdk/src/rp2_common/pico_runtime_init/runtime_init.c.obj
                0x10001838                runtime_init_usb_power_down
 .text.runtime_init_post_clock_resets
                0x10001854       0x20 CMakeFiles/mio_progetto.dir/C_/Program_Files/pico-sdk/src/rp2_common/pico_runtime_init/runtime_init.c.obj
                0x10001854                runtime_init_post_clock_resets
 .text.runtime_init_rp2040_gpio_ie_disable
                0x10001874       0x14 CMakeFiles/mio_progetto.dir/C_/Program_Files/pico-sdk/src/rp2_common/pico_runtime_init/runtime_init.c.obj
                0x10001874                runtime_init_rp2040_gpio_ie_disable
 .text.runtime_init_spin_locks_reset
                0x10001888        0x8 CMakeFiles/mio_progetto.dir/C_/Program_Files/pico-sdk/src/rp2_common/pico_runtime_init/runtime_init.c.obj
                0x10001888                runtime_init_spin_locks_reset
 .text.runtime_init_install_ram_vector_table
                0x10001890       0xcc CMakeFiles/mio_progetto.dir/C_/Program_Files/pico-sdk/src/rp2_common/pico_runtime_init/runtime_init.c.obj
                0x10001890                runtime_init_install_ram_vector_table
 .text.runtime_init_clocks
                0x1000195c       0xd8 CMakeFiles/mio_progetto.dir/C_/Program_Files/pico-sdk/src/rp2_common/pico_runtime_init/runtime_init_clocks.c.obj
                0x1000195c                runtime_init_clocks
 .text          0x10001a34       0x10 CMakeFiles/mio_progetto.dir/C_/Program_Files/pico-sdk/src/rp2_common/pico_bit_ops/bit_ops_aeabi.S.obj
 .text.ctzsi    0x10001a44        0xc CMakeFiles/mio_progetto.dir/C_/Program_Files/pico-sdk/src/rp2_common/pico_bit_ops/bit_ops_aeabi.S.obj
                0x10001a44                __wrap___ctzsi2
 .text.__wrap___aeabi_idiv
                0x10001a50       0x50 CMakeFiles/mio_progetto.dir/C_/Program_Files/pico-sdk/src/rp2_common/pico_divider/divider_hardware.S.obj
                0x10001a50                __wrap___aeabi_idivmod
                0x10001a50                divmod_s32s32
                0x10001a50                div_s32s32
                0x10001a50                __wrap___aeabi_idiv
                0x10001a58                divmod_s32s32_unsafe
                0x10001a84                divmod_s32s32_savestate
 .text.__wrap___aeabi_uidiv
                0x10001aa0       0x4c CMakeFiles/mio_progetto.dir/C_/Program_Files/pico-sdk/src/rp2_common/pico_divider/divider_hardware.S.obj
                0x10001aa0                __wrap___aeabi_uidiv
                0x10001aa0                __wrap___aeabi_uidivmod
                0x10001aa0                div_u32u32
                0x10001aa0                divmod_u32u32
                0x10001aa8                divmod_u32u32_unsafe
                0x10001ad0                divmod_u32u32_savestate
 .text.__wrap___aeabi_ldiv
                0x10001aec      0x424 CMakeFiles/mio_progetto.dir/C_/Program_Files/pico-sdk/src/rp2_common/pico_divider/divider_hardware.S.obj
                0x10001aec                div_s64s64
                0x10001aec                divmod_s64s64
                0x10001aec                __wrap___aeabi_ldivmod
                0x10001b1c                divmod_u64u64
                0x10001b1c                div_u64u64
                0x10001b1c                __wrap___aeabi_uldivmod
                0x10001b2c                divmod_u64u64_savestate
                0x10001b4c                divmod_s64s64_unsafe
                0x10001bd4                divmod_u64u64_unsafe
 .text.__wrap___aeabi_darithmetic
                0x10001f10       0x60 CMakeFiles/mio_progetto.dir/C_/Program_Files/pico-sdk/src/rp2_common/pico_double/double_aeabi_rp2040.S.obj
                0x10001f10                __wrap___aeabi_drsub
                0x10001f16                __wrap___aeabi_dsub
                0x10001f20                __wrap___aeabi_dadd
                0x10001f2a                __wrap___aeabi_ddiv
                0x10001f5e                __wrap___aeabi_dmul
 .text.__wrap___aeabi_cdcmple
                0x10001f70       0x6c CMakeFiles/mio_progetto.dir/C_/Program_Files/pico-sdk/src/rp2_common/pico_double/double_aeabi_rp2040.S.obj
                0x10001f70                __wrap___aeabi_cdrcmple
                0x10001f80                __wrap___aeabi_cdcmpeq
                0x10001f80                __wrap___aeabi_cdcmple
 .text.__wrap___aeabi_dcmplt
                0x10001fdc        0xc CMakeFiles/mio_progetto.dir/C_/Program_Files/pico-sdk/src/rp2_common/pico_double/double_aeabi_rp2040.S.obj
                0x10001fdc                __wrap___aeabi_dcmplt
 .text.__wrap___aeabi_dcmple
                0x10001fe8       0x10 CMakeFiles/mio_progetto.dir/C_/Program_Files/pico-sdk/src/rp2_common/pico_double/double_aeabi_rp2040.S.obj
                0x10001fe8                __wrap___aeabi_dcmple
 .text.__wrap___aeabi_dcmpge
                0x10001ff8       0x10 CMakeFiles/mio_progetto.dir/C_/Program_Files/pico-sdk/src/rp2_common/pico_double/double_aeabi_rp2040.S.obj
                0x10001ff8                __wrap___aeabi_dcmpge
 .text.__wrap___aeabi_dcmpgt
                0x10002008        0xa CMakeFiles/mio_progetto.dir/C_/Program_Files/pico-sdk/src/rp2_common/pico_double/double_aeabi_rp2040.S.obj
                0x10002008                __wrap___aeabi_dcmpgt
 .text.__wrap___aeabi_dcmpun
                0x10002012       0x18 CMakeFiles/mio_progetto.dir/C_/Program_Files/pico-sdk/src/rp2_common/pico_double/double_aeabi_rp2040.S.obj
                0x10002012                __wrap___aeabi_dcmpun
 *fill*         0x1000202a        0x2 
 .text.__wrap___aeabi_i2d
                0x1000202c       0x38 CMakeFiles/mio_progetto.dir/C_/Program_Files/pico-sdk/src/rp2_common/pico_double/double_aeabi_rp2040.S.obj
                0x1000202c                uint2double
                0x1000202c                __wrap___aeabi_ui2d
                0x10002034                int2double
                0x10002034                __wrap___aeabi_i2d
 .text.__wrap___aeabi_d2iz
                0x10002064       0x48 CMakeFiles/mio_progetto.dir/C_/Program_Files/pico-sdk/src/rp2_common/pico_double/double_aeabi_rp2040.S.obj
                0x10002064                double2int_z
                0x10002064                __wrap___aeabi_d2iz
 .text.__wrap___aeabi_d2uiz
                0x100020ac       0x10 CMakeFiles/mio_progetto.dir/C_/Program_Files/pico-sdk/src/rp2_common/pico_double/double_aeabi_rp2040.S.obj
                0x100020ac                double2uint
                0x100020ac                __wrap___aeabi_d2uiz
                0x100020ac                double2uint_z
 .text.missing_double_func_shim
                0x100020bc        0xc CMakeFiles/mio_progetto.dir/C_/Program_Files/pico-sdk/src/rp2_common/pico_double/double_init_rom_rp2040.c.obj
 .text.__aeabi_double_init
                0x100020c8       0xa4 CMakeFiles/mio_progetto.dir/C_/Program_Files/pico-sdk/src/rp2_common/pico_double/double_init_rom_rp2040.c.obj
                0x100020c8                __aeabi_double_init
 .text.double_table_shim_on_use_helper
                0x1000216c       0x2c CMakeFiles/mio_progetto.dir/C_/Program_Files/pico-sdk/src/rp2_common/pico_double/double_v1_rom_shim_rp2040.S.obj
                0x1000216c                double_table_shim_on_use_helper
 .text.__aeabi_lmul
                0x10002198       0x32 CMakeFiles/mio_progetto.dir/C_/Program_Files/pico-sdk/src/rp2_common/pico_int64_ops/pico_int64_ops_aeabi.S.obj
                0x10002198                __wrap___aeabi_lmul
 *fill*         0x100021ca        0x2 
 .text.missing_float_func_shim
                0x100021cc        0xc CMakeFiles/mio_progetto.dir/C_/Program_Files/pico-sdk/src/rp2_common/pico_float/float_init_rom_rp2040.c.obj
 .text.__aeabi_float_init
                0x100021d8       0x5c CMakeFiles/mio_progetto.dir/C_/Program_Files/pico-sdk/src/rp2_common/pico_float/float_init_rom_rp2040.c.obj
                0x100021d8                __aeabi_float_init
 .text          0x10002234       0x10 CMakeFiles/mio_progetto.dir/C_/Program_Files/pico-sdk/src/rp2_common/pico_mem_ops/mem_ops_aeabi.S.obj
                0x10002234                __aeabi_mem_init
 .text.memset   0x10002244        0xc CMakeFiles/mio_progetto.dir/C_/Program_Files/pico-sdk/src/rp2_common/pico_mem_ops/mem_ops_aeabi.S.obj
                0x10002244                __wrap_memset
 .text.memcpy   0x10002250        0xc CMakeFiles/mio_progetto.dir/C_/Program_Files/pico-sdk/src/rp2_common/pico_mem_ops/mem_ops_aeabi.S.obj
                0x10002250                __wrap_memcpy
                0x10002250                __wrap___aeabi_memcpy
 .text._out_null
                0x1000225c        0x4 CMakeFiles/mio_progetto.dir/C_/Program_Files/pico-sdk/src/rp2_common/pico_printf/printf.c.obj
 .text._out_rev
                0x10002260       0x9c CMakeFiles/mio_progetto.dir/C_/Program_Files/pico-sdk/src/rp2_common/pico_printf/printf.c.obj
 .text._ntoa_format
                0x100022fc      0x1cc CMakeFiles/mio_progetto.dir/C_/Program_Files/pico-sdk/src/rp2_common/pico_printf/printf.c.obj
 .text._out_char
                0x100024c8       0x10 CMakeFiles/mio_progetto.dir/C_/Program_Files/pico-sdk/src/rp2_common/pico_printf/printf.c.obj
 .text._out_fct
                0x100024d8       0x10 CMakeFiles/mio_progetto.dir/C_/Program_Files/pico-sdk/src/rp2_common/pico_printf/printf.c.obj
 .text._etoa    0x100024e8      0x44c CMakeFiles/mio_progetto.dir/C_/Program_Files/pico-sdk/src/rp2_common/pico_printf/printf.c.obj
 .text._ftoa    0x10002934      0x398 CMakeFiles/mio_progetto.dir/C_/Program_Files/pico-sdk/src/rp2_common/pico_printf/printf.c.obj
 .text._vsnprintf
                0x10002ccc      0xb04 CMakeFiles/mio_progetto.dir/C_/Program_Files/pico-sdk/src/rp2_common/pico_printf/printf.c.obj
 .text.vfctprintf
                0x100037d0       0x20 CMakeFiles/mio_progetto.dir/C_/Program_Files/pico-sdk/src/rp2_common/pico_printf/printf.c.obj
                0x100037d0                vfctprintf
 .text.weak_raw_vprintf
                0x100037f0       0x30 CMakeFiles/mio_progetto.dir/C_/Program_Files/pico-sdk/src/rp2_common/pico_printf/printf.c.obj
                0x100037f0                weak_raw_vprintf
 .text._exit    0x10003820        0x4 CMakeFiles/mio_progetto.dir/C_/Program_Files/pico-sdk/src/rp2_common/pico_clib_interface/newlib_interface.c.obj
                0x10003820                _exit
 .text.exit     0x10003824        0x8 CMakeFiles/mio_progetto.dir/C_/Program_Files/pico-sdk/src/rp2_common/pico_clib_interface/newlib_interface.c.obj
                0x10003824                exit
 .text.runtime_init
                0x1000382c       0x2c CMakeFiles/mio_progetto.dir/C_/Program_Files/pico-sdk/src/rp2_common/pico_clib_interface/newlib_interface.c.obj
                0x1000382c                runtime_init
 .text.stdio_out_chars_no_crlf
                0x10003858       0x10 CMakeFiles/mio_progetto.dir/C_/Program_Files/pico-sdk/src/rp2_common/pico_stdio/stdio.c.obj
 .text.stdio_out_chars_crlf
                0x10003868       0xb4 CMakeFiles/mio_progetto.dir/C_/Program_Files/pico-sdk/src/rp2_common/pico_stdio/stdio.c.obj
 .text.stdio_buffered_printer
                0x1000391c       0x64 CMakeFiles/mio_progetto.dir/C_/Program_Files/pico-sdk/src/rp2_common/pico_stdio/stdio.c.obj
 .text.stdio_put_string
                0x10003980      0x100 CMakeFiles/mio_progetto.dir/C_/Program_Files/pico-sdk/src/rp2_common/pico_stdio/stdio.c.obj
                0x10003980                stdio_put_string
 .text.__wrap_putchar
                0x10003a80       0x98 CMakeFiles/mio_progetto.dir/C_/Program_Files/pico-sdk/src/rp2_common/pico_stdio/stdio.c.obj
                0x10003a80                __wrap_putchar
                0x10003a80                stdio_putchar
 .text.__wrap_puts
                0x10003b18       0x3c CMakeFiles/mio_progetto.dir/C_/Program_Files/pico-sdk/src/rp2_common/pico_stdio/stdio.c.obj
                0x10003b18                stdio_puts
                0x10003b18                __wrap_puts
 .text.__wrap_vprintf
                0x10003b54       0xd8 CMakeFiles/mio_progetto.dir/C_/Program_Files/pico-sdk/src/rp2_common/pico_stdio/stdio.c.obj
                0x10003b54                stdio_vprintf
                0x10003b54                __wrap_vprintf
 .text.__wrap_printf
                0x10003c2c       0x18 CMakeFiles/mio_progetto.dir/C_/Program_Files/pico-sdk/src/rp2_common/pico_stdio/stdio.c.obj
                0x10003c2c                __wrap_printf
                0x10003c2c                stdio_printf
 .text.cyw43_arch_set_async_context
                0x10003c44        0xc CMakeFiles/mio_progetto.dir/C_/Program_Files/pico-sdk/src/rp2_common/pico_cyw43_arch/cyw43_arch.c.obj
                0x10003c44                cyw43_arch_set_async_context
 .text.cyw43_arch_gpio_put
                0x10003c50       0x14 CMakeFiles/mio_progetto.dir/C_/Program_Files/pico-sdk/src/rp2_common/pico_cyw43_arch/cyw43_arch.c.obj
                0x10003c50                cyw43_arch_gpio_put
 .text.cyw43_arch_async_context
                0x10003c64        0xc CMakeFiles/mio_progetto.dir/C_/Program_Files/pico-sdk/src/rp2_common/pico_cyw43_arch/cyw43_arch.c.obj
                0x10003c64                cyw43_arch_async_context
 .text.cyw43_arch_init
                0x10003c70       0x6c CMakeFiles/mio_progetto.dir/C_/Program_Files/pico-sdk/src/rp2_common/pico_cyw43_arch/cyw43_arch_threadsafe_background.c.obj
                0x10003c70                cyw43_arch_init
 .text.startup._retrieve_unique_id_on_boot
                0x10003cdc       0x10 CMakeFiles/mio_progetto.dir/C_/Program_Files/pico-sdk/src/rp2_common/pico_unique_id/unique_id.c.obj
 .text.pico_get_unique_board_id
                0x10003cec       0x10 CMakeFiles/mio_progetto.dir/C_/Program_Files/pico-sdk/src/rp2_common/pico_unique_id/unique_id.c.obj
                0x10003cec                pico_get_unique_board_id
 .text.flash_get_unique_id
                0x10003cfc       0x40 CMakeFiles/mio_progetto.dir/C_/Program_Files/pico-sdk/src/rp2_common/hardware_flash/flash.c.obj
                0x10003cfc                flash_get_unique_id
 .text.ns_delay.constprop.0
                0x10003d3c       0x20 CMakeFiles/mio_progetto.dir/C_/Program_Files/pico-sdk/src/rp2_common/pico_cyw43_driver/cyw43_bus_pio_spi.c.obj
 .text.cyw43_spi_deinit
                0x10003d5c       0x6c CMakeFiles/mio_progetto.dir/C_/Program_Files/pico-sdk/src/rp2_common/pico_cyw43_driver/cyw43_bus_pio_spi.c.obj
                0x10003d5c                cyw43_spi_deinit
 .text.cyw43_spi_init
                0x10003dc8      0x12c CMakeFiles/mio_progetto.dir/C_/Program_Files/pico-sdk/src/rp2_common/pico_cyw43_driver/cyw43_bus_pio_spi.c.obj
                0x10003dc8                cyw43_spi_init
 .text.cyw43_spi_transfer
                0x10003ef4      0x410 CMakeFiles/mio_progetto.dir/C_/Program_Files/pico-sdk/src/rp2_common/pico_cyw43_driver/cyw43_bus_pio_spi.c.obj
                0x10003ef4                cyw43_spi_transfer
 .text.cyw43_spi_gpio_setup
                0x10004304       0x3c CMakeFiles/mio_progetto.dir/C_/Program_Files/pico-sdk/src/rp2_common/pico_cyw43_driver/cyw43_bus_pio_spi.c.obj
                0x10004304                cyw43_spi_gpio_setup
 .text.cyw43_spi_reset
                0x10004340       0x28 CMakeFiles/mio_progetto.dir/C_/Program_Files/pico-sdk/src/rp2_common/pico_cyw43_driver/cyw43_bus_pio_spi.c.obj
                0x10004340                cyw43_spi_reset
 .text.read_reg_u32_swap
                0x10004368       0x3c CMakeFiles/mio_progetto.dir/C_/Program_Files/pico-sdk/src/rp2_common/pico_cyw43_driver/cyw43_bus_pio_spi.c.obj
                0x10004368                read_reg_u32_swap
 .text.cyw43_read_reg_u32
                0x100043a4       0x6c CMakeFiles/mio_progetto.dir/C_/Program_Files/pico-sdk/src/rp2_common/pico_cyw43_driver/cyw43_bus_pio_spi.c.obj
                0x100043a4                cyw43_read_reg_u32
 .text.cyw43_read_reg_u16
                0x10004410       0x6c CMakeFiles/mio_progetto.dir/C_/Program_Files/pico-sdk/src/rp2_common/pico_cyw43_driver/cyw43_bus_pio_spi.c.obj
                0x10004410                cyw43_read_reg_u16
 .text.cyw43_read_reg_u8
                0x1000447c       0x6c CMakeFiles/mio_progetto.dir/C_/Program_Files/pico-sdk/src/rp2_common/pico_cyw43_driver/cyw43_bus_pio_spi.c.obj
                0x1000447c                cyw43_read_reg_u8
 .text.write_reg_u32_swap
                0x100044e8      0x208 CMakeFiles/mio_progetto.dir/C_/Program_Files/pico-sdk/src/rp2_common/pico_cyw43_driver/cyw43_bus_pio_spi.c.obj
                0x100044e8                write_reg_u32_swap
 .text.cyw43_write_reg_u32
                0x100046f0      0x208 CMakeFiles/mio_progetto.dir/C_/Program_Files/pico-sdk/src/rp2_common/pico_cyw43_driver/cyw43_bus_pio_spi.c.obj
                0x100046f0                cyw43_write_reg_u32
 .text.cyw43_write_reg_u16
                0x100048f8      0x208 CMakeFiles/mio_progetto.dir/C_/Program_Files/pico-sdk/src/rp2_common/pico_cyw43_driver/cyw43_bus_pio_spi.c.obj
                0x100048f8                cyw43_write_reg_u16
 .text.cyw43_write_reg_u8
                0x10004b00      0x208 CMakeFiles/mio_progetto.dir/C_/Program_Files/pico-sdk/src/rp2_common/pico_cyw43_driver/cyw43_bus_pio_spi.c.obj
                0x10004b00                cyw43_write_reg_u8
 .text.cyw43_read_bytes
                0x10004d08       0x78 CMakeFiles/mio_progetto.dir/C_/Program_Files/pico-sdk/src/rp2_common/pico_cyw43_driver/cyw43_bus_pio_spi.c.obj
                0x10004d08                cyw43_read_bytes
 .text.cyw43_write_bytes
                0x10004d80       0xec CMakeFiles/mio_progetto.dir/C_/Program_Files/pico-sdk/src/rp2_common/pico_cyw43_driver/cyw43_bus_pio_spi.c.obj
                0x10004d80                cyw43_write_bytes
 .text.cyw43_set_backplane_window
                0x10004e6c       0x64 CMakeFiles/mio_progetto.dir/C_/Program_Files/pico-sdk/lib/cyw43-driver/src/cyw43_ll.c.obj
 .text.cyw43_ll_parse_async_event
                0x10004ed0      0x13c CMakeFiles/mio_progetto.dir/C_/Program_Files/pico-sdk/lib/cyw43-driver/src/cyw43_ll.c.obj
 .text.cyw43_kso_set
                0x1000500c       0xa0 CMakeFiles/mio_progetto.dir/C_/Program_Files/pico-sdk/lib/cyw43-driver/src/cyw43_ll.c.obj
 .text.cyw43_ll_sdpcm_poll_device
                0x100050ac      0x238 CMakeFiles/mio_progetto.dir/C_/Program_Files/pico-sdk/lib/cyw43-driver/src/cyw43_ll.c.obj
 .text.cyw43_sdpcm_send_common
                0x100052e4       0xf8 CMakeFiles/mio_progetto.dir/C_/Program_Files/pico-sdk/lib/cyw43-driver/src/cyw43_ll.c.obj
 .text.cyw43_do_ioctl.part.0
                0x100053dc       0xc4 CMakeFiles/mio_progetto.dir/C_/Program_Files/pico-sdk/lib/cyw43-driver/src/cyw43_ll.c.obj
 .text.cyw43_download_resource
                0x100054a0       0xd0 CMakeFiles/mio_progetto.dir/C_/Program_Files/pico-sdk/lib/cyw43-driver/src/cyw43_ll.c.obj
 .text.cyw43_write_iovar_n
                0x10005570       0x8c CMakeFiles/mio_progetto.dir/C_/Program_Files/pico-sdk/lib/cyw43-driver/src/cyw43_ll.c.obj
 .text.cyw43_write_iovar_u32
                0x100055fc       0xa4 CMakeFiles/mio_progetto.dir/C_/Program_Files/pico-sdk/lib/cyw43-driver/src/cyw43_ll.c.obj
 .text.cyw43_read_backplane.constprop.0
                0x100056a0       0xdc CMakeFiles/mio_progetto.dir/C_/Program_Files/pico-sdk/lib/cyw43-driver/src/cyw43_ll.c.obj
 .text.cyw43_write_backplane
                0x1000577c      0x104 CMakeFiles/mio_progetto.dir/C_/Program_Files/pico-sdk/lib/cyw43-driver/src/cyw43_ll.c.obj
 .text.reset_device_core.constprop.0
                0x10005880      0x3f0 CMakeFiles/mio_progetto.dir/C_/Program_Files/pico-sdk/lib/cyw43-driver/src/cyw43_ll.c.obj
 .text.cyw43_ll_init
                0x10005c70       0x1c CMakeFiles/mio_progetto.dir/C_/Program_Files/pico-sdk/lib/cyw43-driver/src/cyw43_ll.c.obj
                0x10005c70                cyw43_ll_init
 .text.cyw43_ll_deinit
                0x10005c8c        0x8 CMakeFiles/mio_progetto.dir/C_/Program_Files/pico-sdk/lib/cyw43-driver/src/cyw43_ll.c.obj
                0x10005c8c                cyw43_ll_deinit
 .text.cyw43_ll_process_packets
                0x10005c94       0x54 CMakeFiles/mio_progetto.dir/C_/Program_Files/pico-sdk/lib/cyw43-driver/src/cyw43_ll.c.obj
                0x10005c94                cyw43_ll_process_packets
 .text.cyw43_ll_ioctl
                0x10005ce8       0x80 CMakeFiles/mio_progetto.dir/C_/Program_Files/pico-sdk/lib/cyw43-driver/src/cyw43_ll.c.obj
                0x10005ce8                cyw43_ll_ioctl
 .text.cyw43_ll_bus_sleep
                0x10005d68       0x34 CMakeFiles/mio_progetto.dir/C_/Program_Files/pico-sdk/lib/cyw43-driver/src/cyw43_ll.c.obj
                0x10005d68                cyw43_ll_bus_sleep
 .text.cyw43_ll_wifi_get_mac
                0x10005d9c       0x74 CMakeFiles/mio_progetto.dir/C_/Program_Files/pico-sdk/lib/cyw43-driver/src/cyw43_ll.c.obj
                0x10005d9c                cyw43_ll_wifi_get_mac
 .text.cyw43_ll_bus_init
                0x10005e10      0x90c CMakeFiles/mio_progetto.dir/C_/Program_Files/pico-sdk/lib/cyw43-driver/src/cyw43_ll.c.obj
                0x10005e10                cyw43_ll_bus_init
 .text.cyw43_ll_wifi_set_wpa_auth
                0x1000671c       0x4c CMakeFiles/mio_progetto.dir/C_/Program_Files/pico-sdk/lib/cyw43-driver/src/cyw43_ll.c.obj
                0x1000671c                cyw43_ll_wifi_set_wpa_auth
 .text.cyw43_ll_wifi_rejoin
                0x10006768       0x58 CMakeFiles/mio_progetto.dir/C_/Program_Files/pico-sdk/lib/cyw43-driver/src/cyw43_ll.c.obj
                0x10006768                cyw43_ll_wifi_rejoin
 .text.cyw43_ll_gpio_set
                0x100067c0       0x9c CMakeFiles/mio_progetto.dir/C_/Program_Files/pico-sdk/lib/cyw43-driver/src/cyw43_ll.c.obj
                0x100067c0                cyw43_ll_gpio_set
 .text.cyw43_ll_has_work
                0x1000685c       0x14 CMakeFiles/mio_progetto.dir/C_/Program_Files/pico-sdk/lib/cyw43-driver/src/cyw43_ll.c.obj
                0x1000685c                cyw43_ll_has_work
 .text.cyw43_poll_func
                0x10006870       0xc0 CMakeFiles/mio_progetto.dir/C_/Program_Files/pico-sdk/lib/cyw43-driver/src/cyw43_ctrl.c.obj
 .text.cyw43_init
                0x10006930       0x6c CMakeFiles/mio_progetto.dir/C_/Program_Files/pico-sdk/lib/cyw43-driver/src/cyw43_ctrl.c.obj
                0x10006930                cyw43_init
 .text.cyw43_deinit
                0x1000699c       0x90 CMakeFiles/mio_progetto.dir/C_/Program_Files/pico-sdk/lib/cyw43-driver/src/cyw43_ctrl.c.obj
                0x1000699c                cyw43_deinit
 .text.cyw43_cb_read_host_interrupt_pin
                0x10006a2c        0xc CMakeFiles/mio_progetto.dir/C_/Program_Files/pico-sdk/lib/cyw43-driver/src/cyw43_ctrl.c.obj
                0x10006a2c                cyw43_cb_read_host_interrupt_pin
 .text.cyw43_cb_ensure_awake
                0x10006a38        0xc CMakeFiles/mio_progetto.dir/C_/Program_Files/pico-sdk/lib/cyw43-driver/src/cyw43_ctrl.c.obj
                0x10006a38                cyw43_cb_ensure_awake
 .text.cyw43_cb_process_async_event
                0x10006a44      0x234 CMakeFiles/mio_progetto.dir/C_/Program_Files/pico-sdk/lib/cyw43-driver/src/cyw43_ctrl.c.obj
                0x10006a44                cyw43_cb_process_async_event
 .text.cyw43_gpio_set
                0x10006c78       0xa0 CMakeFiles/mio_progetto.dir/C_/Program_Files/pico-sdk/lib/cyw43-driver/src/cyw43_ctrl.c.obj
                0x10006c78                cyw43_gpio_set
 .text.pio_sm_set_pindirs_with_mask64
                0x10006d18       0xa4 CMakeFiles/mio_progetto.dir/C_/Program_Files/pico-sdk/src/rp2_common/hardware_pio/pio.c.obj
                0x10006d18                pio_sm_set_pindirs_with_mask64
 .text.pio_sm_set_consecutive_pindirs
                0x10006dbc       0xbc CMakeFiles/mio_progetto.dir/C_/Program_Files/pico-sdk/src/rp2_common/hardware_pio/pio.c.obj
                0x10006dbc                pio_sm_set_consecutive_pindirs
 .text.pio_claim_free_sm_and_add_program_for_gpio_range
                0x10006e78      0x190 CMakeFiles/mio_progetto.dir/C_/Program_Files/pico-sdk/src/rp2_common/hardware_pio/pio.c.obj
                0x10006e78                pio_claim_free_sm_and_add_program_for_gpio_range
 .text.pio_remove_program_and_unclaim_sm
                0x10007008       0x40 CMakeFiles/mio_progetto.dir/C_/Program_Files/pico-sdk/src/rp2_common/hardware_pio/pio.c.obj
                0x10007008                pio_remove_program_and_unclaim_sm
 .text.dma_channel_unclaim
                0x10007048       0x10 CMakeFiles/mio_progetto.dir/C_/Program_Files/pico-sdk/src/rp2_common/hardware_dma/dma.c.obj
                0x10007048                dma_channel_unclaim
 .text.dma_claim_unused_channel
                0x10007058       0x20 CMakeFiles/mio_progetto.dir/C_/Program_Files/pico-sdk/src/rp2_common/hardware_dma/dma.c.obj
                0x10007058                dma_claim_unused_channel
 .text.dma_channel_cleanup
                0x10007078       0x64 CMakeFiles/mio_progetto.dir/C_/Program_Files/pico-sdk/src/rp2_common/hardware_dma/dma.c.obj
                0x10007078                dma_channel_cleanup
 .text.cyw43_sleep_timeout_reached
                0x100070dc       0x10 CMakeFiles/mio_progetto.dir/C_/Program_Files/pico-sdk/src/rp2_common/pico_cyw43_driver/cyw43_driver.c.obj
 .text.cyw43_irq_init
                0x100070ec       0x28 CMakeFiles/mio_progetto.dir/C_/Program_Files/pico-sdk/src/rp2_common/pico_cyw43_driver/cyw43_driver.c.obj
                0x100070ec                cyw43_irq_init
 .text.cyw43_irq_deinit
                0x10007114       0x20 CMakeFiles/mio_progetto.dir/C_/Program_Files/pico-sdk/src/rp2_common/pico_cyw43_driver/cyw43_driver.c.obj
                0x10007114                cyw43_irq_deinit
 .text.cyw43_gpio_irq_handler
                0x10007134       0x44 CMakeFiles/mio_progetto.dir/C_/Program_Files/pico-sdk/src/rp2_common/pico_cyw43_driver/cyw43_driver.c.obj
 .text.cyw43_do_poll
                0x10007178       0x6c CMakeFiles/mio_progetto.dir/C_/Program_Files/pico-sdk/src/rp2_common/pico_cyw43_driver/cyw43_driver.c.obj
 .text.cyw43_post_poll_hook
                0x100071e4       0x10 CMakeFiles/mio_progetto.dir/C_/Program_Files/pico-sdk/src/rp2_common/pico_cyw43_driver/cyw43_driver.c.obj
                0x100071e4                cyw43_post_poll_hook
 .text.cyw43_schedule_internal_poll_dispatch
                0x100071f4       0x18 CMakeFiles/mio_progetto.dir/C_/Program_Files/pico-sdk/src/rp2_common/pico_cyw43_driver/cyw43_driver.c.obj
                0x100071f4                cyw43_schedule_internal_poll_dispatch
 .text.cyw43_driver_init
                0x1000720c       0x38 CMakeFiles/mio_progetto.dir/C_/Program_Files/pico-sdk/src/rp2_common/pico_cyw43_driver/cyw43_driver.c.obj
                0x1000720c                cyw43_driver_init
 .text.cyw43_driver_deinit
                0x10007244       0x4c CMakeFiles/mio_progetto.dir/C_/Program_Files/pico-sdk/src/rp2_common/pico_cyw43_driver/cyw43_driver.c.obj
                0x10007244                cyw43_driver_deinit
 .text.cyw43_hal_generate_laa_mac
                0x10007290       0x28 CMakeFiles/mio_progetto.dir/C_/Program_Files/pico-sdk/src/rp2_common/pico_cyw43_driver/cyw43_driver.c.obj
                0x10007290                cyw43_hal_generate_laa_mac
 .text.cyw43_thread_enter
                0x100072b8       0x14 CMakeFiles/mio_progetto.dir/C_/Program_Files/pico-sdk/src/rp2_common/pico_cyw43_driver/cyw43_driver.c.obj
                0x100072b8                cyw43_thread_enter
 .text.cyw43_thread_exit
                0x100072cc       0x14 CMakeFiles/mio_progetto.dir/C_/Program_Files/pico-sdk/src/rp2_common/pico_cyw43_driver/cyw43_driver.c.obj
                0x100072cc                cyw43_thread_exit
 .text.cyw43_await_background_or_timeout_us
                0x100072e0       0x60 CMakeFiles/mio_progetto.dir/C_/Program_Files/pico-sdk/src/rp2_common/pico_cyw43_driver/cyw43_driver.c.obj
                0x100072e0                cyw43_await_background_or_timeout_us
 .text.cyw43_delay_ms
                0x10007340       0x44 CMakeFiles/mio_progetto.dir/C_/Program_Files/pico-sdk/src/rp2_common/pico_cyw43_driver/cyw43_driver.c.obj
                0x10007340                cyw43_delay_ms
 .text.cyw43_cb_tcpip_deinit
                0x10007384        0x4 CMakeFiles/mio_progetto.dir/C_/Program_Files/pico-sdk/src/rp2_common/pico_cyw43_driver/cyw43_driver.c.obj
                0x10007384                cyw43_cb_tcpip_deinit
 .text.cyw43_cb_tcpip_set_link_up
                0x10007388        0xc CMakeFiles/mio_progetto.dir/C_/Program_Files/pico-sdk/src/rp2_common/pico_cyw43_driver/cyw43_driver.c.obj
                0x10007388                cyw43_cb_tcpip_set_link_up
 .text.cyw43_cb_tcpip_set_link_down
                0x10007394        0xc CMakeFiles/mio_progetto.dir/C_/Program_Files/pico-sdk/src/rp2_common/pico_cyw43_driver/cyw43_driver.c.obj
                0x10007394                cyw43_cb_tcpip_set_link_down
 .text.cyw43_cb_process_ethernet
                0x100073a0        0xc CMakeFiles/mio_progetto.dir/C_/Program_Files/pico-sdk/src/rp2_common/pico_cyw43_driver/cyw43_driver.c.obj
                0x100073a0                cyw43_cb_process_ethernet
 .text.async_context_threadsafe_background_acquire_lock_blocking
                0x100073ac        0xc CMakeFiles/mio_progetto.dir/C_/Program_Files/pico-sdk/src/rp2_common/pico_async_context/async_context_threadsafe_background.c.obj
 .text.alarm_handler
                0x100073b8       0x20 CMakeFiles/mio_progetto.dir/C_/Program_Files/pico-sdk/src/rp2_common/pico_async_context/async_context_threadsafe_background.c.obj
 .text.async_context_threadsafe_background_set_work_pending
                0x100073d8       0x1c CMakeFiles/mio_progetto.dir/C_/Program_Files/pico-sdk/src/rp2_common/pico_async_context/async_context_threadsafe_background.c.obj
 .text.process_under_lock
                0x100073f4       0xc8 CMakeFiles/mio_progetto.dir/C_/Program_Files/pico-sdk/src/rp2_common/pico_async_context/async_context_threadsafe_background.c.obj
 .text.async_context_threadsafe_background_execute_sync
                0x100074bc       0x30 CMakeFiles/mio_progetto.dir/C_/Program_Files/pico-sdk/src/rp2_common/pico_async_context/async_context_threadsafe_background.c.obj
                0x100074bc                async_context_threadsafe_background_execute_sync
 .text.async_context_threadsafe_background_deinit
                0x100074ec       0x54 CMakeFiles/mio_progetto.dir/C_/Program_Files/pico-sdk/src/rp2_common/pico_async_context/async_context_threadsafe_background.c.obj
 .text.low_priority_irq_handler
                0x10007540       0x3c CMakeFiles/mio_progetto.dir/C_/Program_Files/pico-sdk/src/rp2_common/pico_async_context/async_context_threadsafe_background.c.obj
 .text.async_context_threadsafe_background_wait_for_work_until
                0x1000757c        0xc CMakeFiles/mio_progetto.dir/C_/Program_Files/pico-sdk/src/rp2_common/pico_async_context/async_context_threadsafe_background.c.obj
 .text.async_context_threadsafe_background_wait_until
                0x10007588       0x1c CMakeFiles/mio_progetto.dir/C_/Program_Files/pico-sdk/src/rp2_common/pico_async_context/async_context_threadsafe_background.c.obj
 .text.async_context_threadsafe_background_lock_check
                0x100075a4       0x28 CMakeFiles/mio_progetto.dir/C_/Program_Files/pico-sdk/src/rp2_common/pico_async_context/async_context_threadsafe_background.c.obj
 .text.async_context_threadsafe_background_release_lock
                0x100075cc       0x1c CMakeFiles/mio_progetto.dir/C_/Program_Files/pico-sdk/src/rp2_common/pico_async_context/async_context_threadsafe_background.c.obj
 .text.async_context_threadsafe_background_when_pending_worker
                0x100075e8       0x34 CMakeFiles/mio_progetto.dir/C_/Program_Files/pico-sdk/src/rp2_common/pico_async_context/async_context_threadsafe_background.c.obj
 .text.async_context_threadsafe_background_remove_at_time_worker
                0x1000761c       0x34 CMakeFiles/mio_progetto.dir/C_/Program_Files/pico-sdk/src/rp2_common/pico_async_context/async_context_threadsafe_background.c.obj
 .text.async_context_threadsafe_background_add_when_pending_worker
                0x10007650       0x34 CMakeFiles/mio_progetto.dir/C_/Program_Files/pico-sdk/src/rp2_common/pico_async_context/async_context_threadsafe_background.c.obj
 .text.async_context_threadsafe_background_add_at_time_worker
                0x10007684       0x34 CMakeFiles/mio_progetto.dir/C_/Program_Files/pico-sdk/src/rp2_common/pico_async_context/async_context_threadsafe_background.c.obj
 .text.async_context_threadsafe_background_default_config
                0x100076b8        0xc CMakeFiles/mio_progetto.dir/C_/Program_Files/pico-sdk/src/rp2_common/pico_async_context/async_context_threadsafe_background.c.obj
                0x100076b8                async_context_threadsafe_background_default_config
 .text.async_context_threadsafe_background_init
                0x100076c4       0x8c CMakeFiles/mio_progetto.dir/C_/Program_Files/pico-sdk/src/rp2_common/pico_async_context/async_context_threadsafe_background.c.obj
                0x100076c4                async_context_threadsafe_background_init
 .text.async_context_base_add_at_time_worker
                0x10007750       0x28 CMakeFiles/mio_progetto.dir/C_/Program_Files/pico-sdk/src/rp2_common/pico_async_context/async_context_base.c.obj
                0x10007750                async_context_base_add_at_time_worker
 .text.async_context_base_remove_at_time_worker
                0x10007778       0x28 CMakeFiles/mio_progetto.dir/C_/Program_Files/pico-sdk/src/rp2_common/pico_async_context/async_context_base.c.obj
                0x10007778                async_context_base_remove_at_time_worker
 .text.async_context_base_add_when_pending_worker
                0x100077a0       0x24 CMakeFiles/mio_progetto.dir/C_/Program_Files/pico-sdk/src/rp2_common/pico_async_context/async_context_base.c.obj
                0x100077a0                async_context_base_add_when_pending_worker
 .text.async_context_base_remove_when_pending_worker
                0x100077c4       0x28 CMakeFiles/mio_progetto.dir/C_/Program_Files/pico-sdk/src/rp2_common/pico_async_context/async_context_base.c.obj
                0x100077c4                async_context_base_remove_when_pending_worker
 .text.async_context_base_execute_once
                0x100077ec       0xe8 CMakeFiles/mio_progetto.dir/C_/Program_Files/pico-sdk/src/rp2_common/pico_async_context/async_context_base.c.obj
                0x100077ec                async_context_base_execute_once
 .text.memmove  0x100078d4       0xac c:/progra~2/gnuarm~1/102020~1/bin/../lib/gcc/arm-none-eabi/10.2.1/../../../../arm-none-eabi/lib/thumb/v6-m/nofp\libg.a(lib_a-memmove.o)
                0x100078d4                memmove
 .text.strlen   0x10007980       0x5c c:/progra~2/gnuarm~1/102020~1/bin/../lib/gcc/arm-none-eabi/10.2.1/../../../../arm-none-eabi/lib/thumb/v6-m/nofp\libg.a(lib_a-strlen-stub.o)
                0x10007980                strlen
 .text.strncmp  0x100079dc       0x74 c:/progra~2/gnuarm~1/102020~1/bin/../lib/gcc/arm-none-eabi/10.2.1/../../../../arm-none-eabi/lib/thumb/v6-m/nofp\libg.a(lib_a-strncmp.o)
                0x100079dc                strncmp
 *(.fini)
 .fini          0x10007a50        0x4 c:/progra~2/gnuarm~1/102020~1/bin/../lib/gcc/arm-none-eabi/10.2.1/thumb/v6-m/nofp/crti.o
                0x10007a50                _fini
 *fill*         0x10007a54        0x4 
 .fini.__stub   0x10007a58       0xa0 linker stubs
 *crtbegin.o(.ctors)
 *crtbegin?.o(.ctors)
 *(EXCLUDE_FILE(*crtend.o *crtend?.o) .ctors)
 *(SORT_BY_NAME(.ctors.*))
 *(.ctors)
 *crtbegin.o(.dtors)
 *crtbegin?.o(.dtors)
 *(EXCLUDE_FILE(*crtend.o *crtend?.o) .dtors)
 *(SORT_BY_NAME(.dtors.*))
 *(.dtors)
                0x10007af8                . = ALIGN (0x4)
                0x10007af8                PROVIDE (__preinit_array_start = .)
 *(SORT_BY_NAME(.preinit_array.*))
 .preinit_array.00100
                0x10007af8        0x4 CMakeFiles/mio_progetto.dir/C_/Program_Files/pico-sdk/src/rp2_common/pico_runtime_init/runtime_init.c.obj
                0x10007af8                __pre_init_runtime_init_early_resets
 .preinit_array.00101
                0x10007afc        0x4 CMakeFiles/mio_progetto.dir/C_/Program_Files/pico-sdk/src/rp2_common/pico_runtime_init/runtime_init.c.obj
                0x10007afc                __pre_init_runtime_init_usb_power_down
 .preinit_array.00275
                0x10007b00        0x4 CMakeFiles/mio_progetto.dir/C_/Program_Files/pico-sdk/src/rp2_common/pico_bit_ops/bit_ops_aeabi.S.obj
 .preinit_array.00300
                0x10007b04        0x4 CMakeFiles/mio_progetto.dir/C_/Program_Files/pico-sdk/src/rp2_common/pico_mem_ops/mem_ops_aeabi.S.obj
 .preinit_array.00350
                0x10007b08        0x4 CMakeFiles/mio_progetto.dir/C_/Program_Files/pico-sdk/src/rp2_common/pico_double/double_aeabi_rp2040.S.obj
 .preinit_array.00350
                0x10007b0c        0x4 CMakeFiles/mio_progetto.dir/C_/Program_Files/pico-sdk/src/rp2_common/pico_float/float_aeabi_rp2040.S.obj
 .preinit_array.00500
                0x10007b10        0x4 CMakeFiles/mio_progetto.dir/C_/Program_Files/pico-sdk/src/rp2_common/pico_runtime_init/runtime_init.c.obj
                0x10007b10                __pre_init_runtime_init_clocks
 .preinit_array.00600
                0x10007b14        0x4 CMakeFiles/mio_progetto.dir/C_/Program_Files/pico-sdk/src/rp2_common/pico_runtime_init/runtime_init.c.obj
                0x10007b14                __pre_init_runtime_init_post_clock_resets
 .preinit_array.00700
                0x10007b18        0x4 CMakeFiles/mio_progetto.dir/C_/Program_Files/pico-sdk/src/rp2_common/pico_runtime_init/runtime_init.c.obj
                0x10007b18                __pre_init_runtime_init_rp2040_gpio_ie_disable
 .preinit_array.01000
                0x10007b1c        0x4 CMakeFiles/mio_progetto.dir/C_/Program_Files/pico-sdk/src/rp2_common/pico_runtime_init/runtime_init.c.obj
                0x10007b1c                __pre_init_runtime_init_spin_locks_reset
 .preinit_array.01100
                0x10007b20        0x4 CMakeFiles/mio_progetto.dir/C_/Program_Files/pico-sdk/src/common/pico_sync/mutex.c.obj
                0x10007b20                __pre_init_runtime_init_mutex
 .preinit_array.10080
                0x10007b24        0x4 CMakeFiles/mio_progetto.dir/C_/Program_Files/pico-sdk/src/rp2_common/pico_runtime_init/runtime_init.c.obj
                0x10007b24                __pre_init_runtime_init_install_ram_vector_table
 .preinit_array.11000
                0x10007b28        0x4 CMakeFiles/mio_progetto.dir/C_/Program_Files/pico-sdk/src/common/pico_time/time.c.obj
                0x10007b28                __pre_init_runtime_init_default_alarm_pool
 .preinit_array.YYYYY
                0x10007b2c        0x4 CMakeFiles/mio_progetto.dir/C_/Program_Files/pico-sdk/src/rp2_common/pico_runtime/runtime.c.obj
                0x10007b2c                __pre_init_first_per_core_initializer
 .preinit_array.ZZZZZ.01200
                0x10007b30        0x4 CMakeFiles/mio_progetto.dir/C_/Program_Files/pico-sdk/src/rp2_common/hardware_irq/irq.c.obj
                0x10007b30                __pre_init_runtime_init_per_core_irq_priorities
 *(.preinit_array)
                0x10007b34                PROVIDE (__preinit_array_end = .)
                0x10007b34                . = ALIGN (0x4)
                0x10007b34                PROVIDE (__init_array_start = .)
 *(SORT_BY_NAME(.init_array.*))
 .init_array.01000
                0x10007b34        0x4 CMakeFiles/mio_progetto.dir/C_/Program_Files/pico-sdk/src/rp2_common/pico_unique_id/unique_id.c.obj
 *(.init_array)
 .init_array    0x10007b38        0x4 c:/progra~2/gnuarm~1/102020~1/bin/../lib/gcc/arm-none-eabi/10.2.1/thumb/v6-m/nofp/crtbegin.o
                0x10007b3c                PROVIDE (__init_array_end = .)
                0x10007b3c                . = ALIGN (0x4)
                [!provide]                PROVIDE (__fini_array_start = .)
 *(SORT_BY_NAME(.fini_array.*))
 *(.fini_array)
                [!provide]                PROVIDE (__fini_array_end = .)
 *(.eh_frame*)
 .eh_frame      0x10007b3c        0x0 c:/progra~2/gnuarm~1/102020~1/bin/../lib/gcc/arm-none-eabi/10.2.1/thumb/v6-m/nofp/crtbegin.o
                0x10007b3c                . = ALIGN (0x4)

.glue_7         0x10007b3c        0x0
 .glue_7        0x10007b3c        0x0 linker stubs

.glue_7t        0x10007b3c        0x0
 .glue_7t       0x10007b3c        0x0 linker stubs

.vfp11_veneer   0x10007b3c        0x0
 .vfp11_veneer  0x10007b3c        0x0 linker stubs

.v4_bx          0x10007b3c        0x0
 .v4_bx         0x10007b3c        0x0 linker stubs

.iplt           0x10007b3c        0x0
 .iplt          0x10007b3c        0x0 c:/progra~2/gnuarm~1/102020~1/bin/../lib/gcc/arm-none-eabi/10.2.1/thumb/v6-m/nofp/crtbegin.o

.rodata         0x10007b40    0x37c08
 *(EXCLUDE_FILE(*libm.a: *libc.a:*lib_a-mem*.o *libgcc.a:) .rodata*)
 .rodata.panic.str1.4
                0x10007b40       0x10 CMakeFiles/mio_progetto.dir/C_/Program_Files/pico-sdk/src/rp2_common/pico_platform_panic/panic.c.obj
                                 0x12 (size before relaxing)
 .rodata.user_irq_claim_unused.str1.4
                0x10007b50       0x1b CMakeFiles/mio_progetto.dir/C_/Program_Files/pico-sdk/src/rp2_common/hardware_irq/irq.c.obj
 *fill*         0x10007b6b        0x5 
 .rodata.at_the_end_of_time
                0x10007b70        0x8 CMakeFiles/mio_progetto.dir/C_/Program_Files/pico-sdk/src/common/pico_time/time.c.obj
                0x10007b70                at_the_end_of_time
 .rodata.timer_hardware_alarm_claim.str1.4
                0x10007b78       0x22 CMakeFiles/mio_progetto.dir/C_/Program_Files/pico-sdk/src/rp2_common/hardware_timer/timer.c.obj
 *fill*         0x10007b9a        0x2 
 .rodata.hard_assertion_failure.str1.4
                0x10007b9c        0xc CMakeFiles/mio_progetto.dir/C_/Program_Files/pico-sdk/src/rp2_common/pico_runtime/runtime.c.obj
 .rodata.missing_double_func_shim.str1.4
                0x10007ba8       0x18 CMakeFiles/mio_progetto.dir/C_/Program_Files/pico-sdk/src/rp2_common/pico_double/double_init_rom_rp2040.c.obj
 .rodata.missing_float_func_shim.str1.4
                0x10007bc0       0x18 CMakeFiles/mio_progetto.dir/C_/Program_Files/pico-sdk/src/rp2_common/pico_float/float_init_rom_rp2040.c.obj
                                  0x1 (size before relaxing)
 .rodata.str1.4
                0x10007bc0       0x44 CMakeFiles/mio_progetto.dir/C_/Program_Files/pico-sdk/src/rp2_common/pico_standard_binary_info/standard_binary_info.c.obj
 .rodata.__bi_26
                0x10007c04        0xc CMakeFiles/mio_progetto.dir/C_/Program_Files/pico-sdk/src/rp2_common/pico_standard_binary_info/standard_binary_info.c.obj
 .rodata.__bi_34
                0x10007c10        0xc CMakeFiles/mio_progetto.dir/C_/Program_Files/pico-sdk/src/rp2_common/pico_standard_binary_info/standard_binary_info.c.obj
 .rodata.__bi_42
                0x10007c1c        0xc CMakeFiles/mio_progetto.dir/C_/Program_Files/pico-sdk/src/rp2_common/pico_standard_binary_info/standard_binary_info.c.obj
 .rodata.__bi_48
                0x10007c28        0xc CMakeFiles/mio_progetto.dir/C_/Program_Files/pico-sdk/src/rp2_common/pico_standard_binary_info/standard_binary_info.c.obj
 .rodata.__bi_54
                0x10007c34        0xc CMakeFiles/mio_progetto.dir/C_/Program_Files/pico-sdk/src/rp2_common/pico_standard_binary_info/standard_binary_info.c.obj
 .rodata.__bi_78
                0x10007c40        0xc CMakeFiles/mio_progetto.dir/C_/Program_Files/pico-sdk/src/rp2_common/pico_standard_binary_info/standard_binary_info.c.obj
 .rodata.__bi_84
                0x10007c4c        0xc CMakeFiles/mio_progetto.dir/C_/Program_Files/pico-sdk/src/rp2_common/pico_standard_binary_info/standard_binary_info.c.obj
 .rodata._ftoa.str1.4
                0x10007c58       0x15 CMakeFiles/mio_progetto.dir/C_/Program_Files/pico-sdk/src/rp2_common/pico_printf/printf.c.obj
 *fill*         0x10007c6d        0x3 
 .rodata._vsnprintf
                0x10007c70      0x1e0 CMakeFiles/mio_progetto.dir/C_/Program_Files/pico-sdk/src/rp2_common/pico_printf/printf.c.obj
 .rodata.pow10.0
                0x10007e50       0x50 CMakeFiles/mio_progetto.dir/C_/Program_Files/pico-sdk/src/rp2_common/pico_printf/printf.c.obj
 .rodata.crlf_str.0
                0x10007ea0        0x2 CMakeFiles/mio_progetto.dir/C_/Program_Files/pico-sdk/src/rp2_common/pico_stdio/stdio.c.obj
 *fill*         0x10007ea2        0x2 
 .rodata.cyw43_read_bytes.str1.4
                0x10007ea4       0x1a CMakeFiles/mio_progetto.dir/C_/Program_Files/pico-sdk/src/rp2_common/pico_cyw43_driver/cyw43_bus_pio_spi.c.obj
 .rodata.cyw43_write_bytes.str1.4
                0x10007ebe       0x1a CMakeFiles/mio_progetto.dir/C_/Program_Files/pico-sdk/src/rp2_common/pico_cyw43_driver/cyw43_bus_pio_spi.c.obj
                                  0xd (size before relaxing)
 *fill*         0x10007ebe        0x2 
 .rodata.spi_gap01_sample0_program
                0x10007ec0        0x8 CMakeFiles/mio_progetto.dir/C_/Program_Files/pico-sdk/src/rp2_common/pico_cyw43_driver/cyw43_bus_pio_spi.c.obj
 .rodata.spi_gap01_sample0_program_instructions
                0x10007ec8        0xc CMakeFiles/mio_progetto.dir/C_/Program_Files/pico-sdk/src/rp2_common/pico_cyw43_driver/cyw43_bus_pio_spi.c.obj
 .rodata.cyw43_kso_set.str1.4
                0x10007ed4       0x23 CMakeFiles/mio_progetto.dir/C_/Program_Files/pico-sdk/lib/cyw43-driver/src/cyw43_ll.c.obj
 *fill*         0x10007ef7        0x1 
 .rodata.cyw43_ll_sdpcm_poll_device.str1.4
                0x10007ef8       0x55 CMakeFiles/mio_progetto.dir/C_/Program_Files/pico-sdk/lib/cyw43-driver/src/cyw43_ll.c.obj
 *fill*         0x10007f4d        0x3 
 .rodata.cyw43_sdpcm_send_common.str1.4
                0x10007f50       0x22 CMakeFiles/mio_progetto.dir/C_/Program_Files/pico-sdk/lib/cyw43-driver/src/cyw43_ll.c.obj
 *fill*         0x10007f72        0x2 
 .rodata.cyw43_do_ioctl.part.0.str1.4
                0x10007f74       0x53 CMakeFiles/mio_progetto.dir/C_/Program_Files/pico-sdk/lib/cyw43-driver/src/cyw43_ll.c.obj
 *fill*         0x10007fc7        0x1 
 .rodata.reset_device_core.constprop.0.str1.4
                0x10007fc8       0x1a CMakeFiles/mio_progetto.dir/C_/Program_Files/pico-sdk/lib/cyw43-driver/src/cyw43_ll.c.obj
 *fill*         0x10007fe2        0x2 
 .rodata.cyw43_ll_wifi_on.str1.4
                0x10007fe4       0x52 CMakeFiles/mio_progetto.dir/C_/Program_Files/pico-sdk/lib/cyw43-driver/src/cyw43_ll.c.obj
 *fill*         0x10008036        0x2 
 .rodata.cyw43_ll_bus_init.str1.4
                0x10008038       0xea CMakeFiles/mio_progetto.dir/C_/Program_Files/pico-sdk/lib/cyw43-driver/src/cyw43_ll.c.obj
 *fill*         0x10008122        0x2 
 .rodata.cyw43_ll_gpio_set.str1.4
                0x10008124        0x8 CMakeFiles/mio_progetto.dir/C_/Program_Files/pico-sdk/lib/cyw43-driver/src/cyw43_ll.c.obj
 .rodata        0x1000812c       0x72 CMakeFiles/mio_progetto.dir/C_/Program_Files/pico-sdk/lib/cyw43-driver/src/cyw43_ll.c.obj
 *fill*         0x1000819e        0x2 
 .rodata.w43439A0_7_95_49_00_combined
                0x100081a0    0x36fd8 CMakeFiles/mio_progetto.dir/C_/Program_Files/pico-sdk/lib/cyw43-driver/src/cyw43_ll.c.obj
 .rodata.wifi_nvram_4343
                0x1003f178      0x2e7 CMakeFiles/mio_progetto.dir/C_/Program_Files/pico-sdk/lib/cyw43-driver/src/cyw43_ll.c.obj
 *fill*         0x1003f45f        0x1 
 .rodata.cyw43_cb_process_async_event.str1.4
                0x1003f460       0x28 CMakeFiles/mio_progetto.dir/C_/Program_Files/pico-sdk/lib/cyw43-driver/src/cyw43_ctrl.c.obj
 .rodata.str1.4
                0x1003f488       0x9e CMakeFiles/mio_progetto.dir/C_/Program_Files/pico-sdk/lib/cyw43-driver/src/cyw43_ctrl.c.obj
 *fill*         0x1003f526        0x2 
 .rodata.cyw43_async_event_name_table
                0x1003f528      0x164 CMakeFiles/mio_progetto.dir/C_/Program_Files/pico-sdk/lib/cyw43-driver/src/cyw43_ctrl.c.obj
 .rodata.pio_claim_unused_sm.str1.4
                0x1003f68c       0x24 CMakeFiles/mio_progetto.dir/C_/Program_Files/pico-sdk/src/rp2_common/hardware_pio/pio.c.obj
 .rodata.dma_claim_unused_channel.str1.4
                0x1003f6b0       0x1e CMakeFiles/mio_progetto.dir/C_/Program_Files/pico-sdk/src/rp2_common/hardware_dma/dma.c.obj
 *fill*         0x1003f6ce        0x2 
 .rodata.cyw43_cb_tcpip_set_link_up.str1.4
                0x1003f6d0       0x20 CMakeFiles/mio_progetto.dir/C_/Program_Files/pico-sdk/src/rp2_common/pico_cyw43_driver/cyw43_driver.c.obj
 .rodata.async_context_threadsafe_background_lock_check.str1.4
                0x1003f6f0       0x20 CMakeFiles/mio_progetto.dir/C_/Program_Files/pico-sdk/src/rp2_common/pico_async_context/async_context_threadsafe_background.c.obj
 .rodata.template
                0x1003f710       0x38 CMakeFiles/mio_progetto.dir/C_/Program_Files/pico-sdk/src/rp2_common/pico_async_context/async_context_threadsafe_background.c.obj
                0x1003f748                . = ALIGN (0x4)
 *(SORT_BY_ALIGNMENT(SORT_BY_NAME(.flashdata*)))
                0x1003f748                . = ALIGN (0x4)

.ARM.extab
 *(.ARM.extab* .gnu.linkonce.armextab.*)
                0x1003f748                __exidx_start = .

.ARM.exidx
 *(.ARM.exidx* .gnu.linkonce.armexidx.*)
                0x1003f748                __exidx_end = .
                0x1003f748                . = ALIGN (0x4)
                0x1003f748                __binary_info_start = .

.binary_info    0x1003f748       0x1c
 *(.binary_info.keep.*)
 .binary_info.keep.__bi_ptr26
                0x1003f748        0x4 CMakeFiles/mio_progetto.dir/C_/Program_Files/pico-sdk/src/rp2_common/pico_standard_binary_info/standard_binary_info.c.obj
 .binary_info.keep.__bi_ptr34
                0x1003f74c        0x4 CMakeFiles/mio_progetto.dir/C_/Program_Files/pico-sdk/src/rp2_common/pico_standard_binary_info/standard_binary_info.c.obj
 .binary_info.keep.__bi_ptr42
                0x1003f750        0x4 CMakeFiles/mio_progetto.dir/C_/Program_Files/pico-sdk/src/rp2_common/pico_standard_binary_info/standard_binary_info.c.obj
 .binary_info.keep.__bi_ptr48
                0x1003f754        0x4 CMakeFiles/mio_progetto.dir/C_/Program_Files/pico-sdk/src/rp2_common/pico_standard_binary_info/standard_binary_info.c.obj
 .binary_info.keep.__bi_ptr54
                0x1003f758        0x4 CMakeFiles/mio_progetto.dir/C_/Program_Files/pico-sdk/src/rp2_common/pico_standard_binary_info/standard_binary_info.c.obj
 .binary_info.keep.__bi_ptr78
                0x1003f75c        0x4 CMakeFiles/mio_progetto.dir/C_/Program_Files/pico-sdk/src/rp2_common/pico_standard_binary_info/standard_binary_info.c.obj
 .binary_info.keep.__bi_ptr84
                0x1003f760        0x4 CMakeFiles/mio_progetto.dir/C_/Program_Files/pico-sdk/src/rp2_common/pico_standard_binary_info/standard_binary_info.c.obj
 *(.binary_info.*)
                0x1003f764                __binary_info_end = .
                0x1003f764                . = ALIGN (0x4)

.ram_vector_table
                0x20000000       0xc0
 *(.ram_vector_table)
 .ram_vector_table
                0x20000000       0xc0 CMakeFiles/mio_progetto.dir/C_/Program_Files/pico-sdk/src/rp2_common/pico_runtime_init/runtime_init.c.obj
                0x20000000                ram_vector_table

.uninitialized_data
                0x200000c0        0x0
                0x200000c0                . = ALIGN (0x4)
 *(.uninitialized_data*)

.data           0x200000c0      0x4d0 load address 0x1003f764
                0x200000c0                __data_start__ = .
 *(vtable)
 *(.time_critical*)
 .time_critical.sem_acquire_block_until
                0x200000c0       0x68 CMakeFiles/mio_progetto.dir/C_/Program_Files/pico-sdk/src/common/pico_sync/sem.c.obj
                0x200000c0                sem_acquire_block_until
 .time_critical.sem_release
                0x20000128       0x4c CMakeFiles/mio_progetto.dir/C_/Program_Files/pico-sdk/src/common/pico_sync/sem.c.obj
                0x20000128                sem_release
 .time_critical.recursive_mutex_enter_blocking
                0x20000174       0x54 CMakeFiles/mio_progetto.dir/C_/Program_Files/pico-sdk/src/common/pico_sync/mutex.c.obj
                0x20000174                recursive_mutex_enter_blocking
 .time_critical.mutex_try_enter_block_until
                0x200001c8       0x9c CMakeFiles/mio_progetto.dir/C_/Program_Files/pico-sdk/src/common/pico_sync/mutex.c.obj
                0x200001c8                mutex_try_enter_block_until
 .time_critical.recursive_mutex_try_enter
                0x20000264       0x54 CMakeFiles/mio_progetto.dir/C_/Program_Files/pico-sdk/src/common/pico_sync/mutex.c.obj
                0x20000264                recursive_mutex_try_enter
 .time_critical.mutex_exit
                0x200002b8       0x28 CMakeFiles/mio_progetto.dir/C_/Program_Files/pico-sdk/src/common/pico_sync/mutex.c.obj
                0x200002b8                mutex_exit
 .time_critical.recursive_mutex_exit
                0x200002e0       0x44 CMakeFiles/mio_progetto.dir/C_/Program_Files/pico-sdk/src/common/pico_sync/mutex.c.obj
                0x200002e0                recursive_mutex_exit
 .time_critical.flash_init_boot2_copyout
                0x20000324       0x30 CMakeFiles/mio_progetto.dir/C_/Program_Files/pico-sdk/src/rp2_common/hardware_flash/flash.c.obj
 .time_critical.flash_enable_xip_via_boot2
                0x20000354       0x10 CMakeFiles/mio_progetto.dir/C_/Program_Files/pico-sdk/src/rp2_common/hardware_flash/flash.c.obj
 .time_critical.flash_save_hardware_state
                0x20000364       0x28 CMakeFiles/mio_progetto.dir/C_/Program_Files/pico-sdk/src/rp2_common/hardware_flash/flash.c.obj
 .time_critical.flash_restore_hardware_state
                0x2000038c       0x28 CMakeFiles/mio_progetto.dir/C_/Program_Files/pico-sdk/src/rp2_common/hardware_flash/flash.c.obj
 .time_critical.flash_cs_force
                0x200003b4       0x38 CMakeFiles/mio_progetto.dir/C_/Program_Files/pico-sdk/src/rp2_common/hardware_flash/flash.c.obj
 .time_critical.flash_do_cmd
                0x200003ec       0xd4 CMakeFiles/mio_progetto.dir/C_/Program_Files/pico-sdk/src/rp2_common/hardware_flash/flash.c.obj
                0x200003ec                flash_do_cmd
 *(.text*)
 .text          0x200004c0        0x4 c:/progra~2/gnuarm~1/102020~1/bin/../lib/gcc/arm-none-eabi/10.2.1/thumb/v6-m/nofp\libgcc.a(_dvmd_tls.o)
                0x200004c0                __aeabi_idiv0
                0x200004c0                __aeabi_ldiv0
 *fill*         0x200004c4        0x4 
 .text.__stub   0x200004c8       0x10 linker stubs
                0x200004d8                . = ALIGN (0x4)
 *(.rodata*)
                0x200004d8                . = ALIGN (0x4)
 *(.data*)
 .data.striped_spin_lock_num
                0x200004d8        0x1 CMakeFiles/mio_progetto.dir/C_/Program_Files/pico-sdk/src/rp2_common/hardware_sync/sync.c.obj
 *fill*         0x200004d9        0x3 
 .data          0x200004dc       0x48 CMakeFiles/mio_progetto.dir/C_/Program_Files/pico-sdk/src/rp2_common/hardware_irq/irq_handler_chain.S.obj
                0x200004dc                irq_handler_chain_slots
                0x2000050c                irq_handler_chain_first_slot
                0x20000516                irq_handler_chain_remove_tail
 .data.default_alarm_pool
                0x20000524       0x18 CMakeFiles/mio_progetto.dir/C_/Program_Files/pico-sdk/src/common/pico_time/time.c.obj
 *fill*         0x2000053c        0x4 
 .data.aeabi_bits_funcs
                0x20000540       0x10 CMakeFiles/mio_progetto.dir/C_/Program_Files/pico-sdk/src/rp2_common/pico_bit_ops/bit_ops_aeabi.S.obj
                0x20000540                aeabi_bits_funcs
                0x20000550                aeabi_bits_funcs_end
 .data.aeabi_mem_funcs
                0x20000550       0x10 CMakeFiles/mio_progetto.dir/C_/Program_Files/pico-sdk/src/rp2_common/pico_mem_ops/mem_ops_aeabi.S.obj
                0x20000550                aeabi_mem_funcs
                0x20000560                aeabi_mem_funcs_end
 .data.cyw43_poll_worker
                0x20000560       0x10 CMakeFiles/mio_progetto.dir/C_/Program_Files/pico-sdk/src/rp2_common/pico_cyw43_driver/cyw43_driver.c.obj
 .data.sleep_timeout_worker
                0x20000570       0x18 CMakeFiles/mio_progetto.dir/C_/Program_Files/pico-sdk/src/rp2_common/pico_cyw43_driver/cyw43_driver.c.obj
                0x20000588                . = ALIGN (0x4)
 *(.after_data.*)
                0x20000588                . = ALIGN (0x4)
                0x20000588                PROVIDE (__mutex_array_start = .)
 *(SORT_BY_NAME(.mutex_array.*))
 *(.mutex_array)
 .mutex_array   0x20000588        0x8 CMakeFiles/mio_progetto.dir/C_/Program_Files/pico-sdk/src/rp2_common/pico_stdio/stdio.c.obj
                0x20000590                PROVIDE (__mutex_array_end = .)
                0x20000590                . = ALIGN (0x4)
 *(.jcr)
                0x20000590                . = ALIGN (0x4)

.igot.plt       0x20000590        0x0 load address 0x1003fc34
 .igot.plt      0x20000590        0x0 c:/progra~2/gnuarm~1/102020~1/bin/../lib/gcc/arm-none-eabi/10.2.1/thumb/v6-m/nofp/crtbegin.o

.tdata          0x20000590        0x0 load address 0x1003fc34
                0x20000590                . = ALIGN (0x4)
 *(.tdata .tdata.* .gnu.linkonce.td.*)
                0x20000590                __tdata_end = .
                0x20000590                PROVIDE (__data_end__ = .)
                0x1003f764                __etext = LOADADDR (.data)

.tbss           0x20000590        0x0 load address 0x1003fc34
                0x20000590                . = ALIGN (0x4)
                0x20000590                __bss_start__ = .
                0x20000590                __tls_base = .
 *(.tbss .tbss.* .gnu.linkonce.tb.*)
 *(.tcommon)
                0x20000590                __tls_end = .

.bss            0x20000590      0xe6c load address 0x1003fc34
                0x20000590                . = ALIGN (0x4)
                0x20000590                __tbss_end = .
 *(SORT_BY_ALIGNMENT(SORT_BY_NAME(.bss*)))
 .bss.cyw43_async_context_threadsafe_background
                0x20000590       0x48 CMakeFiles/mio_progetto.dir/C_/Program_Files/pico-sdk/src/rp2_common/pico_cyw43_arch/cyw43_arch_threadsafe_background.c.obj
 .bss.default_alarm_pool_entries
                0x200005d8      0x180 CMakeFiles/mio_progetto.dir/C_/Program_Files/pico-sdk/src/common/pico_time/time.c.obj
 .bss.sd_table  0x20000758      0x100 CMakeFiles/mio_progetto.dir/C_/Program_Files/pico-sdk/src/rp2_common/pico_double/double_init_rom_rp2040.c.obj
                0x20000758                sd_table
 .bss           0x20000858       0x1c c:/progra~2/gnuarm~1/102020~1/bin/../lib/gcc/arm-none-eabi/10.2.1/thumb/v6-m/nofp/crtbegin.o
 .bss._used_instruction_space
                0x20000874        0x8 CMakeFiles/mio_progetto.dir/C_/Program_Files/pico-sdk/src/rp2_common/hardware_pio/pio.c.obj
 .bss.async_context
                0x2000087c        0x4 CMakeFiles/mio_progetto.dir/C_/Program_Files/pico-sdk/src/rp2_common/pico_cyw43_arch/cyw43_arch.c.obj
 .bss.async_contexts_by_user_irq
                0x20000880       0x18 CMakeFiles/mio_progetto.dir/C_/Program_Files/pico-sdk/src/rp2_common/pico_async_context/async_context_threadsafe_background.c.obj
 .bss.boot2_copyout
                0x20000898      0x100 CMakeFiles/mio_progetto.dir/C_/Program_Files/pico-sdk/src/rp2_common/hardware_flash/flash.c.obj
 .bss.bus_data_instance
                0x20000998       0x10 CMakeFiles/mio_progetto.dir/C_/Program_Files/pico-sdk/src/rp2_common/pico_cyw43_driver/cyw43_bus_pio_spi.c.obj
 .bss.claimed   0x200009a8        0x1 CMakeFiles/mio_progetto.dir/C_/Program_Files/pico-sdk/src/rp2_common/hardware_timer/timer.c.obj
 *fill*         0x200009a9        0x3 
 .bss.claimed   0x200009ac        0x1 CMakeFiles/mio_progetto.dir/C_/Program_Files/pico-sdk/src/rp2_common/hardware_pio/pio.c.obj
 *fill*         0x200009ad        0x3 
 .bss.configured_freq
                0x200009b0       0x28 CMakeFiles/mio_progetto.dir/C_/Program_Files/pico-sdk/src/rp2_common/hardware_clocks/clocks.c.obj
 .bss.cyw43_async_context
                0x200009d8        0x4 CMakeFiles/mio_progetto.dir/C_/Program_Files/pico-sdk/src/rp2_common/pico_cyw43_driver/cyw43_driver.c.obj
 .bss.cyw43_poll
                0x200009dc        0x4 CMakeFiles/mio_progetto.dir/C_/Program_Files/pico-sdk/lib/cyw43-driver/src/cyw43_ctrl.c.obj
                0x200009dc                cyw43_poll
 .bss.cyw43_sleep
                0x200009e0        0x4 CMakeFiles/mio_progetto.dir/C_/Program_Files/pico-sdk/lib/cyw43-driver/src/cyw43_ctrl.c.obj
                0x200009e0                cyw43_sleep
 .bss.cyw43_state
                0x200009e4      0x8dc CMakeFiles/mio_progetto.dir/C_/Program_Files/pico-sdk/lib/cyw43-driver/src/cyw43_ctrl.c.obj
                0x200009e4                cyw43_state
 .bss.drivers   0x200012c0        0x4 CMakeFiles/mio_progetto.dir/C_/Program_Files/pico-sdk/src/rp2_common/pico_stdio/stdio.c.obj
 .bss.filter    0x200012c4        0x4 CMakeFiles/mio_progetto.dir/C_/Program_Files/pico-sdk/src/rp2_common/pico_stdio/stdio.c.obj
 .bss.lazy_vsnprintf
                0x200012c8        0x4 CMakeFiles/mio_progetto.dir/C_/Program_Files/pico-sdk/src/rp2_common/pico_printf/printf.c.obj
 .bss.pools     0x200012cc       0x10 CMakeFiles/mio_progetto.dir/C_/Program_Files/pico-sdk/src/common/pico_time/time.c.obj
 .bss.raw_irq_mask
                0x200012dc        0x8 CMakeFiles/mio_progetto.dir/C_/Program_Files/pico-sdk/src/rp2_common/hardware_gpio/gpio.c.obj
 .bss.retrieved_id
                0x200012e4        0x8 CMakeFiles/mio_progetto.dir/C_/Program_Files/pico-sdk/src/rp2_common/pico_unique_id/unique_id.c.obj
 .bss.sf_clz_func
                0x200012ec        0x4 CMakeFiles/mio_progetto.dir/C_/Program_Files/pico-sdk/src/rp2_common/pico_double/double_init_rom_rp2040.c.obj
                0x200012ec                sf_clz_func
 .bss.sf_table  0x200012f0      0x100 CMakeFiles/mio_progetto.dir/C_/Program_Files/pico-sdk/src/rp2_common/pico_float/float_init_rom_rp2040.c.obj
                0x200012f0                sf_table
 .bss.sleep_notifier
                0x200013f0        0x4 CMakeFiles/mio_progetto.dir/C_/Program_Files/pico-sdk/src/common/pico_time/time.c.obj
 .bss._claimed  0x200013f4        0x2 CMakeFiles/mio_progetto.dir/C_/Program_Files/pico-sdk/src/rp2_common/hardware_dma/dma.c.obj
 .bss.last_spi_int.0
                0x200013f6        0x2 CMakeFiles/mio_progetto.dir/C_/Program_Files/pico-sdk/lib/cyw43-driver/src/cyw43_ll.c.obj
 .bss.boot2_copyout_valid
                0x200013f8        0x1 CMakeFiles/mio_progetto.dir/C_/Program_Files/pico-sdk/src/rp2_common/hardware_flash/flash.c.obj
 .bss.irq_handler_chain_free_slot_head
                0x200013f9        0x1 CMakeFiles/mio_progetto.dir/C_/Program_Files/pico-sdk/src/rp2_common/hardware_irq/irq.c.obj
 .bss.user_irq_claimed
                0x200013fa        0x1 CMakeFiles/mio_progetto.dir/C_/Program_Files/pico-sdk/src/rp2_common/hardware_irq/irq.c.obj
 *(COMMON)
                0x200013fc                . = ALIGN (0x4)
 *fill*         0x200013fb        0x1 
                0x200013fc                __bss_end__ = .

.heap           0x200013fc      0x800 load address 0x1003fc34
                0x200013fc                __end__ = .
                0x200013fc                end = __end__
 *(.heap*)
 .heap          0x200013fc      0x800 CMakeFiles/mio_progetto.dir/C_/Program_Files/pico-sdk/src/rp2_common/pico_crt0/crt0.S.obj
                0x20040000                __HeapLimit = (ORIGIN (RAM) + LENGTH (RAM))

.scratch_x      0x20040000        0x0 load address 0x1003fc34
                0x20040000                __scratch_x_start__ = .
 *(.scratch_x.*)
                0x20040000                . = ALIGN (0x4)
                0x20040000                __scratch_x_end__ = .
                0x1003fc34                __scratch_x_source__ = LOADADDR (.scratch_x)

.scratch_y      0x20041000        0x0 load address 0x1003fc34
                0x20041000                __scratch_y_start__ = .
 *(.scratch_y.*)
                0x20041000                . = ALIGN (0x4)
                0x20041000                __scratch_y_end__ = .
                0x1003fc34                __scratch_y_source__ = LOADADDR (.scratch_y)

.stack1_dummy   0x20040000        0x0
 *(.stack1*)

.stack_dummy    0x20041000      0x800
 *(.stack*)
 .stack         0x20041000      0x800 CMakeFiles/mio_progetto.dir/C_/Program_Files/pico-sdk/src/rp2_common/pico_crt0/crt0.S.obj

.rel.dyn        0x20041800        0x0
 .rel.iplt      0x20041800        0x0 c:/progra~2/gnuarm~1/102020~1/bin/../lib/gcc/arm-none-eabi/10.2.1/thumb/v6-m/nofp/crtbegin.o

.flash_end      0x1003fc34        0x0
 *(.embedded_end_block*)
                0x1003fc34                PROVIDE (__flash_binary_end = .)
                0x20040000                __StackLimit = (ORIGIN (RAM) + LENGTH (RAM))
                0x20041000                __StackOneTop = (ORIGIN (SCRATCH_X) + LENGTH (SCRATCH_X))
                0x20042000                __StackTop = (ORIGIN (SCRATCH_Y) + LENGTH (SCRATCH_Y))
                0x20041000                __StackOneBottom = (__StackOneTop - SIZEOF (.stack1_dummy))
                0x20041800                __StackBottom = (__StackTop - SIZEOF (.stack_dummy))
                0x20042000                PROVIDE (__stack = __StackTop)
                [!provide]                PROVIDE (__heap_start = __end__)
                [!provide]                PROVIDE (__heap_end = __HeapLimit)
                [!provide]                PROVIDE (__tls_align = MAX (ALIGNOF (.tdata), ALIGNOF (.tbss)))
                [!provide]                PROVIDE (__tls_size_align = (((__tls_size + __tls_align) - 0x1) & ~ ((__tls_align - 0x1))))
                [!provide]                PROVIDE (__arm32_tls_tcb_offset = MAX (0x8, __tls_align))
                [!provide]                PROVIDE (_end = __end__)
                [!provide]                PROVIDE (__llvm_libc_heap_limit = __HeapLimit)
                0x00000001                ASSERT ((__StackLimit >= __HeapLimit), region RAM overflowed)
                0x00000001                ASSERT (((__binary_info_header_end - __logical_binary_start) <= 0x100), Binary info must be in first 256 bytes of the binary)
LOAD CMakeFiles/mio_progetto.dir/main.c.obj
LOAD CMakeFiles/mio_progetto.dir/C_/Program_Files/pico-sdk/src/rp2_common/pico_stdlib/stdlib.c.obj
LOAD CMakeFiles/mio_progetto.dir/C_/Program_Files/pico-sdk/src/rp2_common/hardware_gpio/gpio.c.obj
LOAD CMakeFiles/mio_progetto.dir/C_/Program_Files/pico-sdk/src/rp2040/pico_platform/platform.c.obj
LOAD CMakeFiles/mio_progetto.dir/C_/Program_Files/pico-sdk/src/rp2_common/pico_platform_common/common.c.obj
LOAD CMakeFiles/mio_progetto.dir/C_/Program_Files/pico-sdk/src/rp2_common/pico_platform_panic/panic.c.obj
LOAD CMakeFiles/mio_progetto.dir/C_/Program_Files/pico-sdk/src/common/hardware_claim/claim.c.obj
LOAD CMakeFiles/mio_progetto.dir/C_/Program_Files/pico-sdk/src/rp2_common/hardware_sync/sync.c.obj
LOAD CMakeFiles/mio_progetto.dir/C_/Program_Files/pico-sdk/src/rp2_common/hardware_sync_spin_lock/sync_spin_lock.c.obj
LOAD CMakeFiles/mio_progetto.dir/C_/Program_Files/pico-sdk/src/rp2_common/hardware_irq/irq.c.obj
LOAD CMakeFiles/mio_progetto.dir/C_/Program_Files/pico-sdk/src/rp2_common/hardware_irq/irq_handler_chain.S.obj
LOAD CMakeFiles/mio_progetto.dir/C_/Program_Files/pico-sdk/src/common/pico_sync/sem.c.obj
LOAD CMakeFiles/mio_progetto.dir/C_/Program_Files/pico-sdk/src/common/pico_sync/lock_core.c.obj
LOAD CMakeFiles/mio_progetto.dir/C_/Program_Files/pico-sdk/src/common/pico_sync/mutex.c.obj
LOAD CMakeFiles/mio_progetto.dir/C_/Program_Files/pico-sdk/src/common/pico_sync/critical_section.c.obj
LOAD CMakeFiles/mio_progetto.dir/C_/Program_Files/pico-sdk/src/common/pico_time/time.c.obj
LOAD CMakeFiles/mio_progetto.dir/C_/Program_Files/pico-sdk/src/common/pico_time/timeout_helper.c.obj
LOAD CMakeFiles/mio_progetto.dir/C_/Program_Files/pico-sdk/src/rp2_common/hardware_timer/timer.c.obj
LOAD CMakeFiles/mio_progetto.dir/C_/Program_Files/pico-sdk/src/common/pico_util/datetime.c.obj
LOAD CMakeFiles/mio_progetto.dir/C_/Program_Files/pico-sdk/src/common/pico_util/pheap.c.obj
LOAD CMakeFiles/mio_progetto.dir/C_/Program_Files/pico-sdk/src/common/pico_util/queue.c.obj
LOAD CMakeFiles/mio_progetto.dir/C_/Program_Files/pico-sdk/src/rp2_common/hardware_uart/uart.c.obj
LOAD CMakeFiles/mio_progetto.dir/C_/Program_Files/pico-sdk/src/rp2_common/hardware_clocks/clocks.c.obj
LOAD CMakeFiles/mio_progetto.dir/C_/Program_Files/pico-sdk/src/rp2_common/hardware_pll/pll.c.obj
LOAD CMakeFiles/mio_progetto.dir/C_/Program_Files/pico-sdk/src/rp2_common/hardware_vreg/vreg.c.obj
LOAD CMakeFiles/mio_progetto.dir/C_/Program_Files/pico-sdk/src/rp2_common/hardware_watchdog/watchdog.c.obj
LOAD CMakeFiles/mio_progetto.dir/C_/Program_Files/pico-sdk/src/rp2_common/hardware_ticks/ticks.c.obj
LOAD CMakeFiles/mio_progetto.dir/C_/Program_Files/pico-sdk/src/rp2_common/pico_bootrom/bootrom.c.obj
LOAD CMakeFiles/mio_progetto.dir/C_/Program_Files/pico-sdk/src/rp2_common/pico_bootrom/bootrom_lock.c.obj
LOAD CMakeFiles/mio_progetto.dir/C_/Program_Files/pico-sdk/src/rp2_common/hardware_boot_lock/boot_lock.c.obj
LOAD CMakeFiles/mio_progetto.dir/C_/Program_Files/pico-sdk/src/rp2_common/pico_flash/flash.c.obj
LOAD CMakeFiles/mio_progetto.dir/C_/Program_Files/pico-sdk/src/rp2_common/hardware_xosc/xosc.c.obj
LOAD CMakeFiles/mio_progetto.dir/C_/Program_Files/pico-sdk/src/rp2_common/hardware_divider/divider.S.obj
LOAD CMakeFiles/mio_progetto.dir/C_/Program_Files/pico-sdk/src/rp2_common/pico_runtime/runtime.c.obj
LOAD CMakeFiles/mio_progetto.dir/C_/Program_Files/pico-sdk/src/rp2_common/pico_runtime_init/runtime_init.c.obj
LOAD CMakeFiles/mio_progetto.dir/C_/Program_Files/pico-sdk/src/rp2_common/pico_runtime_init/runtime_init_clocks.c.obj
LOAD CMakeFiles/mio_progetto.dir/C_/Program_Files/pico-sdk/src/rp2_common/pico_runtime_init/runtime_init_stack_guard.c.obj
LOAD CMakeFiles/mio_progetto.dir/C_/Program_Files/pico-sdk/src/rp2_common/pico_bit_ops/bit_ops_aeabi.S.obj
LOAD CMakeFiles/mio_progetto.dir/C_/Program_Files/pico-sdk/src/rp2_common/pico_divider/divider_hardware.S.obj
LOAD CMakeFiles/mio_progetto.dir/C_/Program_Files/pico-sdk/src/rp2_common/pico_double/double_aeabi_rp2040.S.obj
LOAD CMakeFiles/mio_progetto.dir/C_/Program_Files/pico-sdk/src/rp2_common/pico_double/double_init_rom_rp2040.c.obj
LOAD CMakeFiles/mio_progetto.dir/C_/Program_Files/pico-sdk/src/rp2_common/pico_double/double_math.c.obj
LOAD CMakeFiles/mio_progetto.dir/C_/Program_Files/pico-sdk/src/rp2_common/pico_double/double_v1_rom_shim_rp2040.S.obj
LOAD CMakeFiles/mio_progetto.dir/C_/Program_Files/pico-sdk/src/rp2_common/pico_int64_ops/pico_int64_ops_aeabi.S.obj
LOAD CMakeFiles/mio_progetto.dir/C_/Program_Files/pico-sdk/src/rp2_common/pico_float/float_aeabi_rp2040.S.obj
LOAD CMakeFiles/mio_progetto.dir/C_/Program_Files/pico-sdk/src/rp2_common/pico_float/float_init_rom_rp2040.c.obj
LOAD CMakeFiles/mio_progetto.dir/C_/Program_Files/pico-sdk/src/rp2_common/pico_float/float_math.c.obj
LOAD CMakeFiles/mio_progetto.dir/C_/Program_Files/pico-sdk/src/rp2_common/pico_float/float_v1_rom_shim_rp2040.S.obj
LOAD CMakeFiles/mio_progetto.dir/C_/Program_Files/pico-sdk/src/rp2_common/pico_malloc/malloc.c.obj
LOAD CMakeFiles/mio_progetto.dir/C_/Program_Files/pico-sdk/src/rp2_common/pico_mem_ops/mem_ops_aeabi.S.obj
LOAD CMakeFiles/mio_progetto.dir/C_/Program_Files/pico-sdk/src/rp2_common/pico_atomic/atomic.c.obj
LOAD CMakeFiles/mio_progetto.dir/C_/Program_Files/pico-sdk/src/rp2_common/pico_cxx_options/new_delete.cpp.obj
LOAD CMakeFiles/mio_progetto.dir/C_/Program_Files/pico-sdk/src/rp2_common/pico_standard_binary_info/standard_binary_info.c.obj
LOAD CMakeFiles/mio_progetto.dir/C_/Program_Files/pico-sdk/src/rp2_common/pico_printf/printf.c.obj
LOAD CMakeFiles/mio_progetto.dir/C_/Program_Files/pico-sdk/src/rp2_common/pico_crt0/crt0.S.obj
LOAD CMakeFiles/mio_progetto.dir/C_/Program_Files/pico-sdk/src/rp2_common/pico_clib_interface/newlib_interface.c.obj
LOAD CMakeFiles/mio_progetto.dir/C_/Program_Files/pico-sdk/src/rp2_common/pico_stdio/stdio.c.obj
LOAD CMakeFiles/mio_progetto.dir/C_/Program_Files/pico-sdk/src/rp2_common/pico_stdio_uart/stdio_uart.c.obj
LOAD CMakeFiles/mio_progetto.dir/C_/Program_Files/pico-sdk/src/rp2_common/pico_cyw43_arch/cyw43_arch.c.obj
LOAD CMakeFiles/mio_progetto.dir/C_/Program_Files/pico-sdk/src/rp2_common/pico_cyw43_arch/cyw43_arch_poll.c.obj
LOAD CMakeFiles/mio_progetto.dir/C_/Program_Files/pico-sdk/src/rp2_common/pico_cyw43_arch/cyw43_arch_threadsafe_background.c.obj
LOAD CMakeFiles/mio_progetto.dir/C_/Program_Files/pico-sdk/src/rp2_common/pico_cyw43_arch/cyw43_arch_freertos.c.obj
LOAD CMakeFiles/mio_progetto.dir/C_/Program_Files/pico-sdk/src/rp2_common/pico_unique_id/unique_id.c.obj
LOAD CMakeFiles/mio_progetto.dir/C_/Program_Files/pico-sdk/src/rp2_common/hardware_flash/flash.c.obj
LOAD CMakeFiles/mio_progetto.dir/C_/Program_Files/pico-sdk/src/rp2_common/hardware_xip_cache/xip_cache.c.obj
LOAD CMakeFiles/mio_progetto.dir/C_/Program_Files/pico-sdk/src/rp2_common/pico_cyw43_driver/cyw43_bus_pio_spi.c.obj
LOAD CMakeFiles/mio_progetto.dir/C_/Program_Files/pico-sdk/lib/cyw43-driver/src/cyw43_ll.c.obj
LOAD CMakeFiles/mio_progetto.dir/C_/Program_Files/pico-sdk/lib/cyw43-driver/src/cyw43_stats.c.obj
LOAD CMakeFiles/mio_progetto.dir/C_/Program_Files/pico-sdk/lib/cyw43-driver/src/cyw43_lwip.c.obj
LOAD CMakeFiles/mio_progetto.dir/C_/Program_Files/pico-sdk/lib/cyw43-driver/src/cyw43_ctrl.c.obj
LOAD CMakeFiles/mio_progetto.dir/C_/Program_Files/pico-sdk/src/rp2_common/pico_cyw43_driver/cybt_shared_bus/cybt_shared_bus.c.obj
LOAD CMakeFiles/mio_progetto.dir/C_/Program_Files/pico-sdk/src/rp2_common/pico_cyw43_driver/cybt_shared_bus/cybt_shared_bus_driver.c.obj
LOAD CMakeFiles/mio_progetto.dir/C_/Program_Files/pico-sdk/src/rp2_common/hardware_pio/pio.c.obj
LOAD CMakeFiles/mio_progetto.dir/C_/Program_Files/pico-sdk/src/rp2_common/hardware_dma/dma.c.obj
LOAD CMakeFiles/mio_progetto.dir/C_/Program_Files/pico-sdk/src/rp2_common/hardware_exception/exception.c.obj
LOAD CMakeFiles/mio_progetto.dir/C_/Program_Files/pico-sdk/src/rp2_common/pico_cyw43_driver/cyw43_driver.c.obj
LOAD CMakeFiles/mio_progetto.dir/C_/Program_Files/pico-sdk/src/rp2_common/pico_async_context/async_context_threadsafe_background.c.obj
LOAD CMakeFiles/mio_progetto.dir/C_/Program_Files/pico-sdk/src/rp2_common/pico_async_context/async_context_base.c.obj
LOAD pico-sdk/src/rp2040/boot_stage2/CMakeFiles/bs2_default_library.dir/./bs2_default_padded_checksummed.S.obj
LOAD c:/progra~2/gnuarm~1/102020~1/bin/../lib/gcc/arm-none-eabi/10.2.1/../../../../arm-none-eabi/lib/thumb/v6-m/nofp\libstdc++.a
LOAD c:/progra~2/gnuarm~1/102020~1/bin/../lib/gcc/arm-none-eabi/10.2.1/../../../../arm-none-eabi/lib/thumb/v6-m/nofp\libm.a
START GROUP
LOAD c:/progra~2/gnuarm~1/102020~1/bin/../lib/gcc/arm-none-eabi/10.2.1/thumb/v6-m/nofp\libgcc.a
LOAD c:/progra~2/gnuarm~1/102020~1/bin/../lib/gcc/arm-none-eabi/10.2.1/../../../../arm-none-eabi/lib/thumb/v6-m/nofp\libg.a
LOAD c:/progra~2/gnuarm~1/102020~1/bin/../lib/gcc/arm-none-eabi/10.2.1/../../../../arm-none-eabi/lib/thumb/v6-m/nofp\libc.a
END GROUP
START GROUP
LOAD c:/progra~2/gnuarm~1/102020~1/bin/../lib/gcc/arm-none-eabi/10.2.1/thumb/v6-m/nofp\libgcc.a
LOAD c:/progra~2/gnuarm~1/102020~1/bin/../lib/gcc/arm-none-eabi/10.2.1/../../../../arm-none-eabi/lib/thumb/v6-m/nofp\libc.a
LOAD c:/progra~2/gnuarm~1/102020~1/bin/../lib/gcc/arm-none-eabi/10.2.1/../../../../arm-none-eabi/lib/thumb/v6-m/nofp\libnosys.a
END GROUP
LOAD c:/progra~2/gnuarm~1/102020~1/bin/../lib/gcc/arm-none-eabi/10.2.1/thumb/v6-m/nofp/crtend.o
LOAD c:/progra~2/gnuarm~1/102020~1/bin/../lib/gcc/arm-none-eabi/10.2.1/thumb/v6-m/nofp/crtn.o
OUTPUT(mio_progetto.elf elf32-littlearm)
LOAD linker stubs

.ARM.attributes
                0x00000000       0x28
 .ARM.attributes
                0x00000000       0x1e c:/progra~2/gnuarm~1/102020~1/bin/../lib/gcc/arm-none-eabi/10.2.1/thumb/v6-m/nofp/crti.o
 .ARM.attributes
                0x0000001e       0x2c c:/progra~2/gnuarm~1/102020~1/bin/../lib/gcc/arm-none-eabi/10.2.1/thumb/v6-m/nofp/crtbegin.o
 .ARM.attributes
                0x0000004a       0x2c CMakeFiles/mio_progetto.dir/main.c.obj
 .ARM.attributes
                0x00000076       0x2c CMakeFiles/mio_progetto.dir/C_/Program_Files/pico-sdk/src/rp2_common/hardware_gpio/gpio.c.obj
 .ARM.attributes
                0x000000a2       0x2c CMakeFiles/mio_progetto.dir/C_/Program_Files/pico-sdk/src/rp2_common/pico_platform_panic/panic.c.obj
 .ARM.attributes
                0x000000ce       0x2c CMakeFiles/mio_progetto.dir/C_/Program_Files/pico-sdk/src/common/hardware_claim/claim.c.obj
 .ARM.attributes
                0x000000fa       0x2c CMakeFiles/mio_progetto.dir/C_/Program_Files/pico-sdk/src/rp2_common/hardware_sync/sync.c.obj
 .ARM.attributes
                0x00000126       0x2c CMakeFiles/mio_progetto.dir/C_/Program_Files/pico-sdk/src/rp2_common/hardware_sync_spin_lock/sync_spin_lock.c.obj
 .ARM.attributes
                0x00000152       0x2c CMakeFiles/mio_progetto.dir/C_/Program_Files/pico-sdk/src/rp2_common/hardware_irq/irq.c.obj